-- Logs begin at Mon 2021-04-26 14:40:11 KST, end at Mon 2021-04-26 23:40:10 KST. --
 4월 26 20:34:58 alveo-dev kernel: Linux version 5.11.0-051100-generic (kernel@kathleen) (gcc (Ubuntu 10.2.0-13ubuntu1) 10.2.0, GNU ld (GNU Binutils for Ubuntu) 2.35.1) #202102142330 SMP Sun Feb 14 23:33:21 UTC 2021
 4월 26 20:34:58 alveo-dev kernel: Command line: BOOT_IMAGE=/boot/vmlinuz-5.11.0-051100-generic.signed root=UUID=9ea8a390-fd54-4bd8-ba6f-328a28ad99ae ro quiet splash vt.handoff=7
 4월 26 20:34:58 alveo-dev kernel: KERNEL supported cpus:
 4월 26 20:34:58 alveo-dev kernel:   Intel GenuineIntel
 4월 26 20:34:58 alveo-dev kernel:   AMD AuthenticAMD
 4월 26 20:34:58 alveo-dev kernel:   Hygon HygonGenuine
 4월 26 20:34:58 alveo-dev kernel:   Centaur CentaurHauls
 4월 26 20:34:58 alveo-dev kernel:   zhaoxin   Shanghai  
 4월 26 20:34:58 alveo-dev kernel: x86/fpu: Supporting XSAVE feature 0x001: 'x87 floating point registers'
 4월 26 20:34:58 alveo-dev kernel: x86/fpu: Supporting XSAVE feature 0x002: 'SSE registers'
 4월 26 20:34:58 alveo-dev kernel: x86/fpu: Supporting XSAVE feature 0x004: 'AVX registers'
 4월 26 20:34:58 alveo-dev kernel: x86/fpu: Supporting XSAVE feature 0x008: 'MPX bounds registers'
 4월 26 20:34:58 alveo-dev kernel: x86/fpu: Supporting XSAVE feature 0x010: 'MPX CSR'
 4월 26 20:34:58 alveo-dev kernel: x86/fpu: Supporting XSAVE feature 0x200: 'Protection Keys User registers'
 4월 26 20:34:58 alveo-dev kernel: x86/fpu: xstate_offset[2]:  576, xstate_sizes[2]:  256
 4월 26 20:34:58 alveo-dev kernel: x86/fpu: xstate_offset[3]:  832, xstate_sizes[3]:   64
 4월 26 20:34:58 alveo-dev kernel: x86/fpu: xstate_offset[4]:  896, xstate_sizes[4]:   64
 4월 26 20:34:58 alveo-dev kernel: x86/fpu: xstate_offset[9]:  960, xstate_sizes[9]:    8
 4월 26 20:34:58 alveo-dev kernel: x86/fpu: Enabled xstate features 0x21f, context size is 968 bytes, using 'compacted' format.
 4월 26 20:34:58 alveo-dev kernel: BIOS-provided physical RAM map:
 4월 26 20:34:58 alveo-dev kernel: BIOS-e820: [mem 0x0000000000000000-0x000000000009dfff] usable
 4월 26 20:34:58 alveo-dev kernel: BIOS-e820: [mem 0x000000000009e000-0x000000000009efff] reserved
 4월 26 20:34:58 alveo-dev kernel: BIOS-e820: [mem 0x000000000009f000-0x000000000009ffff] usable
 4월 26 20:34:58 alveo-dev kernel: BIOS-e820: [mem 0x00000000000a0000-0x00000000000fffff] reserved
 4월 26 20:34:58 alveo-dev kernel: BIOS-e820: [mem 0x0000000000100000-0x0000000087883fff] usable
 4월 26 20:34:58 alveo-dev kernel: BIOS-e820: [mem 0x0000000087884000-0x0000000087884fff] reserved
 4월 26 20:34:58 alveo-dev kernel: BIOS-e820: [mem 0x0000000087885000-0x000000008c0cefff] usable
 4월 26 20:34:58 alveo-dev kernel: BIOS-e820: [mem 0x000000008c0cf000-0x000000008c0cffff] reserved
 4월 26 20:34:58 alveo-dev kernel: BIOS-e820: [mem 0x000000008c0d0000-0x0000000097bd7fff] usable
 4월 26 20:34:58 alveo-dev kernel: BIOS-e820: [mem 0x0000000097bd8000-0x000000009a0d7fff] reserved
 4월 26 20:34:58 alveo-dev kernel: BIOS-e820: [mem 0x000000009a0d8000-0x000000009a448fff] ACPI data
 4월 26 20:34:58 alveo-dev kernel: BIOS-e820: [mem 0x000000009a449000-0x000000009a5fefff] ACPI NVS
 4월 26 20:34:58 alveo-dev kernel: BIOS-e820: [mem 0x000000009a5ff000-0x000000009befefff] reserved
 4월 26 20:34:58 alveo-dev kernel: BIOS-e820: [mem 0x000000009beff000-0x000000009befffff] usable
 4월 26 20:34:58 alveo-dev kernel: BIOS-e820: [mem 0x000000009bf00000-0x000000009f7fffff] reserved
 4월 26 20:34:58 alveo-dev kernel: BIOS-e820: [mem 0x00000000e0000000-0x00000000efffffff] reserved
 4월 26 20:34:58 alveo-dev kernel: BIOS-e820: [mem 0x00000000fe000000-0x00000000fe010fff] reserved
 4월 26 20:34:58 alveo-dev kernel: BIOS-e820: [mem 0x00000000fec00000-0x00000000fec00fff] reserved
 4월 26 20:34:58 alveo-dev kernel: BIOS-e820: [mem 0x00000000fed00000-0x00000000fed00fff] reserved
 4월 26 20:34:58 alveo-dev kernel: BIOS-e820: [mem 0x00000000fee00000-0x00000000fee00fff] reserved
 4월 26 20:34:58 alveo-dev kernel: BIOS-e820: [mem 0x00000000ff000000-0x00000000ffffffff] reserved
 4월 26 20:34:58 alveo-dev kernel: BIOS-e820: [mem 0x0000000100000000-0x000000105c7fffff] usable
 4월 26 20:34:58 alveo-dev kernel: NX (Execute Disable) protection: active
 4월 26 20:34:58 alveo-dev kernel: e820: update [mem 0x89c7d018-0x89c8d057] usable ==> usable
 4월 26 20:34:58 alveo-dev kernel: e820: update [mem 0x89c7d018-0x89c8d057] usable ==> usable
 4월 26 20:34:58 alveo-dev kernel: e820: update [mem 0x89c6d018-0x89c7c057] usable ==> usable
 4월 26 20:34:58 alveo-dev kernel: e820: update [mem 0x89c6d018-0x89c7c057] usable ==> usable
 4월 26 20:34:58 alveo-dev kernel: extended physical RAM map:
 4월 26 20:34:58 alveo-dev kernel: reserve setup_data: [mem 0x0000000000000000-0x000000000009dfff] usable
 4월 26 20:34:58 alveo-dev kernel: reserve setup_data: [mem 0x000000000009e000-0x000000000009efff] reserved
 4월 26 20:34:58 alveo-dev kernel: reserve setup_data: [mem 0x000000000009f000-0x000000000009ffff] usable
 4월 26 20:34:58 alveo-dev kernel: reserve setup_data: [mem 0x00000000000a0000-0x00000000000fffff] reserved
 4월 26 20:34:58 alveo-dev kernel: reserve setup_data: [mem 0x0000000000100000-0x0000000087883fff] usable
 4월 26 20:34:58 alveo-dev kernel: reserve setup_data: [mem 0x0000000087884000-0x0000000087884fff] reserved
 4월 26 20:34:58 alveo-dev kernel: reserve setup_data: [mem 0x0000000087885000-0x0000000089c6d017] usable
 4월 26 20:34:58 alveo-dev kernel: reserve setup_data: [mem 0x0000000089c6d018-0x0000000089c7c057] usable
 4월 26 20:34:58 alveo-dev kernel: reserve setup_data: [mem 0x0000000089c7c058-0x0000000089c7d017] usable
 4월 26 20:34:58 alveo-dev kernel: reserve setup_data: [mem 0x0000000089c7d018-0x0000000089c8d057] usable
 4월 26 20:34:58 alveo-dev kernel: reserve setup_data: [mem 0x0000000089c8d058-0x000000008c0cefff] usable
 4월 26 20:34:58 alveo-dev kernel: reserve setup_data: [mem 0x000000008c0cf000-0x000000008c0cffff] reserved
 4월 26 20:34:58 alveo-dev kernel: reserve setup_data: [mem 0x000000008c0d0000-0x0000000097bd7fff] usable
 4월 26 20:34:58 alveo-dev kernel: reserve setup_data: [mem 0x0000000097bd8000-0x000000009a0d7fff] reserved
 4월 26 20:34:58 alveo-dev kernel: reserve setup_data: [mem 0x000000009a0d8000-0x000000009a448fff] ACPI data
 4월 26 20:34:58 alveo-dev kernel: reserve setup_data: [mem 0x000000009a449000-0x000000009a5fefff] ACPI NVS
 4월 26 20:34:58 alveo-dev kernel: reserve setup_data: [mem 0x000000009a5ff000-0x000000009befefff] reserved
 4월 26 20:34:58 alveo-dev kernel: reserve setup_data: [mem 0x000000009beff000-0x000000009befffff] usable
 4월 26 20:34:58 alveo-dev kernel: reserve setup_data: [mem 0x000000009bf00000-0x000000009f7fffff] reserved
 4월 26 20:34:58 alveo-dev kernel: reserve setup_data: [mem 0x00000000e0000000-0x00000000efffffff] reserved
 4월 26 20:34:58 alveo-dev kernel: reserve setup_data: [mem 0x00000000fe000000-0x00000000fe010fff] reserved
 4월 26 20:34:58 alveo-dev kernel: reserve setup_data: [mem 0x00000000fec00000-0x00000000fec00fff] reserved
 4월 26 20:34:58 alveo-dev kernel: reserve setup_data: [mem 0x00000000fed00000-0x00000000fed00fff] reserved
 4월 26 20:34:58 alveo-dev kernel: reserve setup_data: [mem 0x00000000fee00000-0x00000000fee00fff] reserved
 4월 26 20:34:58 alveo-dev kernel: reserve setup_data: [mem 0x00000000ff000000-0x00000000ffffffff] reserved
 4월 26 20:34:58 alveo-dev kernel: reserve setup_data: [mem 0x0000000100000000-0x000000105c7fffff] usable
 4월 26 20:34:58 alveo-dev kernel: efi: EFI v2.70 by American Megatrends
 4월 26 20:34:58 alveo-dev kernel: efi: ACPI=0x9a448000 ACPI 2.0=0x9a448014 SMBIOS=0x9bc61000 SMBIOS 3.0=0x9bc60000 MEMATTR=0x9566a018 ESRT=0x95c40198 RNG=0x9bc3bc98 
 4월 26 20:34:58 alveo-dev kernel: efi: seeding entropy pool
 4월 26 20:34:58 alveo-dev kernel: random: fast init done
 4월 26 20:34:58 alveo-dev kernel: SMBIOS 3.3.0 present.
 4월 26 20:34:58 alveo-dev kernel: DMI: ASUS System Product Name/TUF GAMING Z590-PLUS WIFI, BIOS 0811 04/06/2021
 4월 26 20:34:58 alveo-dev kernel: tsc: Detected 3700.000 MHz processor
 4월 26 20:34:58 alveo-dev kernel: tsc: Detected 3699.850 MHz TSC
 4월 26 20:34:58 alveo-dev kernel: e820: update [mem 0x00000000-0x00000fff] usable ==> reserved
 4월 26 20:34:58 alveo-dev kernel: e820: remove [mem 0x000a0000-0x000fffff] usable
 4월 26 20:34:58 alveo-dev kernel: last_pfn = 0x105c800 max_arch_pfn = 0x400000000
 4월 26 20:34:58 alveo-dev kernel: MTRR default type: write-back
 4월 26 20:34:58 alveo-dev kernel: MTRR fixed ranges enabled:
 4월 26 20:34:58 alveo-dev kernel:   00000-9FFFF write-back
 4월 26 20:34:58 alveo-dev kernel:   A0000-BFFFF uncachable
 4월 26 20:34:58 alveo-dev kernel:   C0000-FFFFF write-protect
 4월 26 20:34:58 alveo-dev kernel: MTRR variable ranges enabled:
 4월 26 20:34:58 alveo-dev kernel:   0 base 00C0000000 mask 7FC0000000 uncachable
 4월 26 20:34:58 alveo-dev kernel:   1 base 00A0000000 mask 7FE0000000 uncachable
 4월 26 20:34:58 alveo-dev kernel:   2 base 009E000000 mask 7FFE000000 uncachable
 4월 26 20:34:58 alveo-dev kernel:   3 base 009D000000 mask 7FFF000000 uncachable
 4월 26 20:34:58 alveo-dev kernel:   4 base 2000000000 mask 6000000000 uncachable
 4월 26 20:34:58 alveo-dev kernel:   5 base 4000000000 mask 4000000000 uncachable
 4월 26 20:34:58 alveo-dev kernel:   6 disabled
 4월 26 20:34:58 alveo-dev kernel:   7 disabled
 4월 26 20:34:58 alveo-dev kernel:   8 disabled
 4월 26 20:34:58 alveo-dev kernel:   9 disabled
 4월 26 20:34:58 alveo-dev kernel: x86/PAT: Configuration [0-7]: WB  WC  UC- UC  WB  WP  UC- WT  
 4월 26 20:34:58 alveo-dev kernel: last_pfn = 0x9bf00 max_arch_pfn = 0x400000000
 4월 26 20:34:58 alveo-dev kernel: esrt: Reserving ESRT space from 0x0000000095c40198 to 0x0000000095c401d0.
 4월 26 20:34:58 alveo-dev kernel: e820: update [mem 0x95c40000-0x95c40fff] usable ==> reserved
 4월 26 20:34:58 alveo-dev kernel: check: Scanning 1 areas for low memory corruption
 4월 26 20:34:58 alveo-dev kernel: Using GB pages for direct mapping
 4월 26 20:34:58 alveo-dev kernel: Secure boot disabled
 4월 26 20:34:58 alveo-dev kernel: RAMDISK: [mem 0x3cfdb000-0x3fffdfff]
 4월 26 20:34:58 alveo-dev kernel: ACPI: Early table checksum verification disabled
 4월 26 20:34:58 alveo-dev kernel: ACPI: RSDP 0x000000009A448014 000024 (v02 ALASKA)
 4월 26 20:34:58 alveo-dev kernel: ACPI: XSDT 0x000000009A447728 0000EC (v01 ALASKA A M I    01072009 AMI  01000013)
 4월 26 20:34:58 alveo-dev kernel: ACPI: FACP 0x000000009A445000 000114 (v06 ALASKA A M I    01072009 AMI  01000013)
 4월 26 20:34:58 alveo-dev kernel: ACPI: DSDT 0x000000009A3EE000 0566C2 (v02 ALASKA A M I    01072009 INTL 20180209)
 4월 26 20:34:58 alveo-dev kernel: ACPI: FACS 0x000000009A5FE000 000040
 4월 26 20:34:58 alveo-dev kernel: ACPI: MCFG 0x000000009A446000 00003C (v01 ALASKA A M I    01072009 MSFT 00000097)
 4월 26 20:34:58 alveo-dev kernel: ACPI: FIDT 0x000000009A3ED000 00009C (v01 ALASKA A M I    01072009 AMI  00010013)
 4월 26 20:34:58 alveo-dev kernel: ACPI: FPDT 0x000000009A2A9000 000044 (v01 ALASKA RKL      01072009 AMI  01000013)
 4월 26 20:34:58 alveo-dev kernel: ACPI: SSDT 0x000000009A3E9000 0025E8 (v02 CpuRef CpuSsdt  00003000 INTL 20180209)
 4월 26 20:34:58 alveo-dev kernel: ACPI: SSDT 0x000000009A3E8000 000341 (v02 PmRef  ItbmSci  00003000 INTL 20180209)
 4월 26 20:34:58 alveo-dev kernel: ACPI: SSDT 0x000000009A3E3000 00445E (v02 SaSsdt SaSsdt   00003000 INTL 20180209)
 4월 26 20:34:58 alveo-dev kernel: ACPI: SSDT 0x000000009A3DF000 0032CD (v02 INTEL  IgfxSsdt 00003000 INTL 20180209)
 4월 26 20:34:58 alveo-dev kernel: ACPI: HPET 0x000000009A3DE000 000038 (v01 ALASKA A M I    01072009 AMI  01000013)
 4월 26 20:34:58 alveo-dev kernel: ACPI: APIC 0x000000009A3DD000 000164 (v04 ALASKA A M I    01072009 AMI  01000013)
 4월 26 20:34:58 alveo-dev kernel: ACPI: SSDT 0x000000009A3DC000 000E66 (v02 ALASKA Ther_Rvp 00001000 INTL 20180209)
 4월 26 20:34:58 alveo-dev kernel: ACPI: SSDT 0x000000009A3DA000 0018E6 (v02 INTEL  xh_rksu4 00000000 INTL 20180209)
 4월 26 20:34:58 alveo-dev kernel: ACPI: NHLT 0x000000009A3D9000 00002D (v00 ALASKA A M I    01072009 AMI  01000013)
 4월 26 20:34:58 alveo-dev kernel: ACPI: LPIT 0x000000009A3D7000 0000CC (v01 ALASKA A M I    01072009 AMI  01000013)
 4월 26 20:34:58 alveo-dev kernel: ACPI: SSDT 0x000000009A3D5000 000DBC (v02 ALASKA TbtTypeC 00000000 INTL 20180209)
 4월 26 20:34:58 alveo-dev kernel: ACPI: SSDT 0x000000009A3D2000 002720 (v02 ALASKA PtidDevc 00001000 INTL 20180209)
 4월 26 20:34:58 alveo-dev kernel: ACPI: DBGP 0x000000009A3D1000 000034 (v01 ALASKA A M I    01072009 AMI  01000013)
 4월 26 20:34:58 alveo-dev kernel: ACPI: DBG2 0x000000009A3D0000 000054 (v00 ALASKA A M I    01072009 AMI  01000013)
 4월 26 20:34:58 alveo-dev kernel: ACPI: SSDT 0x000000009A3CF000 0006E3 (v02 ALASKA UsbCTabl 00001000 INTL 20180209)
 4월 26 20:34:58 alveo-dev kernel: ACPI: DMAR 0x000000009A3CE000 000088 (v02 INTEL  EDK2     00000002      01000013)
 4월 26 20:34:58 alveo-dev kernel: ACPI: SSDT 0x000000009A3CD000 000144 (v02 Intel  ADebTabl 00001000 INTL 20180209)
 4월 26 20:34:58 alveo-dev kernel: ACPI: BGRT 0x000000009A3CC000 000038 (v01 ALASKA A M I    01072009 AMI  00010013)
 4월 26 20:34:58 alveo-dev kernel: ACPI: WPBT 0x000000009A2AB000 00003C (v01 ALASKA A M I    00000001 ASUS 00000001)
 4월 26 20:34:58 alveo-dev kernel: ACPI: PTDT 0x000000009A2AA000 000024 (v00 ALASKA A M I    00000005 MSFT 0100000D)
 4월 26 20:34:58 alveo-dev kernel: ACPI: WSMT 0x000000009A3D6000 000028 (v01 ALASKA A M I    01072009 AMI  00010013)
 4월 26 20:34:58 alveo-dev kernel: ACPI: Local APIC address 0xfee00000
 4월 26 20:34:58 alveo-dev kernel: No NUMA configuration found
 4월 26 20:34:58 alveo-dev kernel: Faking a node at [mem 0x0000000000000000-0x000000105c7fffff]
 4월 26 20:34:58 alveo-dev kernel: NODE_DATA(0) allocated [mem 0x105c7d6000-0x105c7fffff]
 4월 26 20:34:58 alveo-dev kernel: Zone ranges:
 4월 26 20:34:58 alveo-dev kernel:   DMA      [mem 0x0000000000001000-0x0000000000ffffff]
 4월 26 20:34:58 alveo-dev kernel:   DMA32    [mem 0x0000000001000000-0x00000000ffffffff]
 4월 26 20:34:58 alveo-dev kernel:   Normal   [mem 0x0000000100000000-0x000000105c7fffff]
 4월 26 20:34:58 alveo-dev kernel:   Device   empty
 4월 26 20:34:58 alveo-dev kernel: Movable zone start for each node
 4월 26 20:34:58 alveo-dev kernel: Early memory node ranges
 4월 26 20:34:58 alveo-dev kernel:   node   0: [mem 0x0000000000001000-0x000000000009dfff]
 4월 26 20:34:58 alveo-dev kernel:   node   0: [mem 0x000000000009f000-0x000000000009ffff]
 4월 26 20:34:58 alveo-dev kernel:   node   0: [mem 0x0000000000100000-0x0000000087883fff]
 4월 26 20:34:58 alveo-dev kernel:   node   0: [mem 0x0000000087885000-0x000000008c0cefff]
 4월 26 20:34:58 alveo-dev kernel:   node   0: [mem 0x000000008c0d0000-0x0000000097bd7fff]
 4월 26 20:34:58 alveo-dev kernel:   node   0: [mem 0x000000009beff000-0x000000009befffff]
 4월 26 20:34:58 alveo-dev kernel:   node   0: [mem 0x0000000100000000-0x000000105c7fffff]
 4월 26 20:34:58 alveo-dev kernel: Zeroed struct page in unavailable ranges: 48267 pages
 4월 26 20:34:58 alveo-dev kernel: Initmem setup node 0 [mem 0x0000000000001000-0x000000105c7fffff]
 4월 26 20:34:58 alveo-dev kernel: On node 0 totalpages: 16728949
 4월 26 20:34:58 alveo-dev kernel:   DMA zone: 64 pages used for memmap
 4월 26 20:34:58 alveo-dev kernel:   DMA zone: 23 pages reserved
 4월 26 20:34:58 alveo-dev kernel:   DMA zone: 3998 pages, LIFO batch:0
 4월 26 20:34:58 alveo-dev kernel:   DMA32 zone: 9648 pages used for memmap
 4월 26 20:34:58 alveo-dev kernel:   DMA32 zone: 617431 pages, LIFO batch:63
 4월 26 20:34:58 alveo-dev kernel:   Normal zone: 251680 pages used for memmap
 4월 26 20:34:58 alveo-dev kernel:   Normal zone: 16107520 pages, LIFO batch:63
 4월 26 20:34:58 alveo-dev kernel: Reserving Intel graphics memory at [mem 0x9d800000-0x9f7fffff]
 4월 26 20:34:58 alveo-dev kernel: ACPI: PM-Timer IO Port: 0x1808
 4월 26 20:34:58 alveo-dev kernel: ACPI: Local APIC address 0xfee00000
 4월 26 20:34:58 alveo-dev kernel: ACPI: LAPIC_NMI (acpi_id[0x01] high edge lint[0x1])
 4월 26 20:34:58 alveo-dev kernel: ACPI: LAPIC_NMI (acpi_id[0x02] high edge lint[0x1])
 4월 26 20:34:58 alveo-dev kernel: ACPI: LAPIC_NMI (acpi_id[0x03] high edge lint[0x1])
 4월 26 20:34:58 alveo-dev kernel: ACPI: LAPIC_NMI (acpi_id[0x04] high edge lint[0x1])
 4월 26 20:34:58 alveo-dev kernel: ACPI: LAPIC_NMI (acpi_id[0x05] high edge lint[0x1])
 4월 26 20:34:58 alveo-dev kernel: ACPI: LAPIC_NMI (acpi_id[0x06] high edge lint[0x1])
 4월 26 20:34:58 alveo-dev kernel: ACPI: LAPIC_NMI (acpi_id[0x07] high edge lint[0x1])
 4월 26 20:34:58 alveo-dev kernel: ACPI: LAPIC_NMI (acpi_id[0x08] high edge lint[0x1])
 4월 26 20:34:58 alveo-dev kernel: ACPI: LAPIC_NMI (acpi_id[0x09] high edge lint[0x1])
 4월 26 20:34:58 alveo-dev kernel: ACPI: LAPIC_NMI (acpi_id[0x0a] high edge lint[0x1])
 4월 26 20:34:58 alveo-dev kernel: ACPI: LAPIC_NMI (acpi_id[0x0b] high edge lint[0x1])
 4월 26 20:34:58 alveo-dev kernel: ACPI: LAPIC_NMI (acpi_id[0x0c] high edge lint[0x1])
 4월 26 20:34:58 alveo-dev kernel: ACPI: LAPIC_NMI (acpi_id[0x0d] high edge lint[0x1])
 4월 26 20:34:58 alveo-dev kernel: ACPI: LAPIC_NMI (acpi_id[0x0e] high edge lint[0x1])
 4월 26 20:34:58 alveo-dev kernel: ACPI: LAPIC_NMI (acpi_id[0x0f] high edge lint[0x1])
 4월 26 20:34:58 alveo-dev kernel: ACPI: LAPIC_NMI (acpi_id[0x10] high edge lint[0x1])
 4월 26 20:34:58 alveo-dev kernel: ACPI: LAPIC_NMI (acpi_id[0x11] high edge lint[0x1])
 4월 26 20:34:58 alveo-dev kernel: ACPI: LAPIC_NMI (acpi_id[0x12] high edge lint[0x1])
 4월 26 20:34:58 alveo-dev kernel: ACPI: LAPIC_NMI (acpi_id[0x13] high edge lint[0x1])
 4월 26 20:34:58 alveo-dev kernel: ACPI: LAPIC_NMI (acpi_id[0x14] high edge lint[0x1])
 4월 26 20:34:58 alveo-dev kernel: IOAPIC[0]: apic_id 2, version 32, address 0xfec00000, GSI 0-119
 4월 26 20:34:58 alveo-dev kernel: ACPI: INT_SRC_OVR (bus 0 bus_irq 0 global_irq 2 dfl dfl)
 4월 26 20:34:58 alveo-dev kernel: ACPI: INT_SRC_OVR (bus 0 bus_irq 9 global_irq 9 high level)
 4월 26 20:34:58 alveo-dev kernel: ACPI: IRQ0 used by override.
 4월 26 20:34:58 alveo-dev kernel: ACPI: IRQ9 used by override.
 4월 26 20:34:58 alveo-dev kernel: Using ACPI (MADT) for SMP configuration information
 4월 26 20:34:58 alveo-dev kernel: ACPI: HPET id: 0x8086a201 base: 0xfed00000
 4월 26 20:34:58 alveo-dev kernel: e820: update [mem 0x92cbb000-0x93087fff] usable ==> reserved
 4월 26 20:34:58 alveo-dev kernel: TSC deadline timer available
 4월 26 20:34:58 alveo-dev kernel: smpboot: Allowing 20 CPUs, 0 hotplug CPUs
 4월 26 20:34:58 alveo-dev kernel: PM: hibernation: Registered nosave memory: [mem 0x00000000-0x00000fff]
 4월 26 20:34:58 alveo-dev kernel: PM: hibernation: Registered nosave memory: [mem 0x0009e000-0x0009efff]
 4월 26 20:34:58 alveo-dev kernel: PM: hibernation: Registered nosave memory: [mem 0x000a0000-0x000fffff]
 4월 26 20:34:58 alveo-dev kernel: PM: hibernation: Registered nosave memory: [mem 0x87884000-0x87884fff]
 4월 26 20:34:58 alveo-dev kernel: PM: hibernation: Registered nosave memory: [mem 0x89c6d000-0x89c6dfff]
 4월 26 20:34:58 alveo-dev kernel: PM: hibernation: Registered nosave memory: [mem 0x89c7c000-0x89c7cfff]
 4월 26 20:34:58 alveo-dev kernel: PM: hibernation: Registered nosave memory: [mem 0x89c7d000-0x89c7dfff]
 4월 26 20:34:58 alveo-dev kernel: PM: hibernation: Registered nosave memory: [mem 0x89c8d000-0x89c8dfff]
 4월 26 20:34:58 alveo-dev kernel: PM: hibernation: Registered nosave memory: [mem 0x8c0cf000-0x8c0cffff]
 4월 26 20:34:58 alveo-dev kernel: PM: hibernation: Registered nosave memory: [mem 0x92cbb000-0x93087fff]
 4월 26 20:34:58 alveo-dev kernel: PM: hibernation: Registered nosave memory: [mem 0x95c40000-0x95c40fff]
 4월 26 20:34:58 alveo-dev kernel: PM: hibernation: Registered nosave memory: [mem 0x97bd8000-0x9a0d7fff]
 4월 26 20:34:58 alveo-dev kernel: PM: hibernation: Registered nosave memory: [mem 0x9a0d8000-0x9a448fff]
 4월 26 20:34:58 alveo-dev kernel: PM: hibernation: Registered nosave memory: [mem 0x9a449000-0x9a5fefff]
 4월 26 20:34:58 alveo-dev kernel: PM: hibernation: Registered nosave memory: [mem 0x9a5ff000-0x9befefff]
 4월 26 20:34:58 alveo-dev kernel: PM: hibernation: Registered nosave memory: [mem 0x9bf00000-0x9f7fffff]
 4월 26 20:34:58 alveo-dev kernel: PM: hibernation: Registered nosave memory: [mem 0x9f800000-0xdfffffff]
 4월 26 20:34:58 alveo-dev kernel: PM: hibernation: Registered nosave memory: [mem 0xe0000000-0xefffffff]
 4월 26 20:34:58 alveo-dev kernel: PM: hibernation: Registered nosave memory: [mem 0xf0000000-0xfdffffff]
 4월 26 20:34:58 alveo-dev kernel: PM: hibernation: Registered nosave memory: [mem 0xfe000000-0xfe010fff]
 4월 26 20:34:58 alveo-dev kernel: PM: hibernation: Registered nosave memory: [mem 0xfe011000-0xfebfffff]
 4월 26 20:34:58 alveo-dev kernel: PM: hibernation: Registered nosave memory: [mem 0xfec00000-0xfec00fff]
 4월 26 20:34:58 alveo-dev kernel: PM: hibernation: Registered nosave memory: [mem 0xfec01000-0xfecfffff]
 4월 26 20:34:58 alveo-dev kernel: PM: hibernation: Registered nosave memory: [mem 0xfed00000-0xfed00fff]
 4월 26 20:34:58 alveo-dev kernel: PM: hibernation: Registered nosave memory: [mem 0xfed01000-0xfedfffff]
 4월 26 20:34:58 alveo-dev kernel: PM: hibernation: Registered nosave memory: [mem 0xfee00000-0xfee00fff]
 4월 26 20:34:58 alveo-dev kernel: PM: hibernation: Registered nosave memory: [mem 0xfee01000-0xfeffffff]
 4월 26 20:34:58 alveo-dev kernel: PM: hibernation: Registered nosave memory: [mem 0xff000000-0xffffffff]
 4월 26 20:34:58 alveo-dev kernel: [mem 0x9f800000-0xdfffffff] available for PCI devices
 4월 26 20:34:58 alveo-dev kernel: Booting paravirtualized kernel on bare hardware
 4월 26 20:34:58 alveo-dev kernel: clocksource: refined-jiffies: mask: 0xffffffff max_cycles: 0xffffffff, max_idle_ns: 7645519600211568 ns
 4월 26 20:34:58 alveo-dev kernel: setup_percpu: NR_CPUS:8192 nr_cpumask_bits:20 nr_cpu_ids:20 nr_node_ids:1
 4월 26 20:34:58 alveo-dev kernel: percpu: Embedded 56 pages/cpu s192512 r8192 d28672 u262144
 4월 26 20:34:58 alveo-dev kernel: pcpu-alloc: s192512 r8192 d28672 u262144 alloc=1*2097152
 4월 26 20:34:58 alveo-dev kernel: pcpu-alloc: [0] 00 01 02 03 04 05 06 07 [0] 08 09 10 11 12 13 14 15 
 4월 26 20:34:58 alveo-dev kernel: pcpu-alloc: [0] 16 17 18 19 -- -- -- -- 
 4월 26 20:34:58 alveo-dev kernel: Built 1 zonelists, mobility grouping on.  Total pages: 16467534
 4월 26 20:34:58 alveo-dev kernel: Policy zone: Normal
 4월 26 20:34:58 alveo-dev kernel: Kernel command line: BOOT_IMAGE=/boot/vmlinuz-5.11.0-051100-generic.signed root=UUID=9ea8a390-fd54-4bd8-ba6f-328a28ad99ae ro quiet splash vt.handoff=7
 4월 26 20:34:58 alveo-dev kernel: Dentry cache hash table entries: 8388608 (order: 14, 67108864 bytes, linear)
 4월 26 20:34:58 alveo-dev kernel: Inode-cache hash table entries: 4194304 (order: 13, 33554432 bytes, linear)
 4월 26 20:34:58 alveo-dev kernel: mem auto-init: stack:off, heap alloc:on, heap free:off
 4월 26 20:34:58 alveo-dev kernel: Memory: 65547468K/66915796K available (16393K kernel code, 3475K rwdata, 9080K rodata, 2676K init, 5988K bss, 1368068K reserved, 0K cma-reserved)
 4월 26 20:34:58 alveo-dev kernel: random: get_random_u64 called from kmem_cache_open+0x27/0x230 with crng_init=1
 4월 26 20:34:58 alveo-dev kernel: SLUB: HWalign=64, Order=0-3, MinObjects=0, CPUs=20, Nodes=1
 4월 26 20:34:58 alveo-dev kernel: ftrace: allocating 51088 entries in 200 pages
 4월 26 20:34:58 alveo-dev kernel: ftrace: allocated 200 pages with 3 groups
 4월 26 20:34:58 alveo-dev kernel: rcu: Hierarchical RCU implementation.
 4월 26 20:34:58 alveo-dev kernel: rcu:         RCU restricting CPUs from NR_CPUS=8192 to nr_cpu_ids=20.
 4월 26 20:34:58 alveo-dev kernel:         Rude variant of Tasks RCU enabled.
 4월 26 20:34:58 alveo-dev kernel:         Tracing variant of Tasks RCU enabled.
 4월 26 20:34:58 alveo-dev kernel: rcu: RCU calculated value of scheduler-enlistment delay is 25 jiffies.
 4월 26 20:34:58 alveo-dev kernel: rcu: Adjusting geometry for rcu_fanout_leaf=16, nr_cpu_ids=20
 4월 26 20:34:58 alveo-dev kernel: NR_IRQS: 524544, nr_irqs: 2216, preallocated irqs: 16
 4월 26 20:34:58 alveo-dev kernel: random: crng done (trusting CPU's manufacturer)
 4월 26 20:34:58 alveo-dev kernel: Console: colour dummy device 80x25
 4월 26 20:34:58 alveo-dev kernel: printk: console [tty0] enabled
 4월 26 20:34:58 alveo-dev kernel: ACPI: Core revision 20201113
 4월 26 20:34:58 alveo-dev kernel: clocksource: hpet: mask: 0xffffffff max_cycles: 0xffffffff, max_idle_ns: 79635855245 ns
 4월 26 20:34:58 alveo-dev kernel: APIC: Switch to symmetric I/O mode setup
 4월 26 20:34:58 alveo-dev kernel: DMAR: Host address width 39
 4월 26 20:34:58 alveo-dev kernel: DMAR: DRHD base: 0x000000fed90000 flags: 0x0
 4월 26 20:34:58 alveo-dev kernel: DMAR: dmar0: reg_base_addr fed90000 ver 1:0 cap 1c0000c40660462 ecap 19e2ff0505e
 4월 26 20:34:58 alveo-dev kernel: DMAR: DRHD base: 0x000000fed91000 flags: 0x1
 4월 26 20:34:58 alveo-dev kernel: DMAR: dmar1: reg_base_addr fed91000 ver 1:0 cap d2008c40660462 ecap f050da
 4월 26 20:34:58 alveo-dev kernel: DMAR: RMRR base: 0x0000009d000000 end: 0x0000009f7fffff
 4월 26 20:34:58 alveo-dev kernel: DMAR-IR: IOAPIC id 2 under DRHD base  0xfed91000 IOMMU 1
 4월 26 20:34:58 alveo-dev kernel: DMAR-IR: HPET id 0 under DRHD base 0xfed91000
 4월 26 20:34:58 alveo-dev kernel: DMAR-IR: Queued invalidation will be enabled to support x2apic and Intr-remapping.
 4월 26 20:34:58 alveo-dev kernel: DMAR-IR: Enabled IRQ remapping in x2apic mode
 4월 26 20:34:58 alveo-dev kernel: x2apic enabled
 4월 26 20:34:58 alveo-dev kernel: Switched APIC routing to cluster x2apic.
 4월 26 20:34:58 alveo-dev kernel: ..TIMER: vector=0x30 apic1=0 pin1=2 apic2=-1 pin2=-1
 4월 26 20:34:58 alveo-dev kernel: clocksource: tsc-early: mask: 0xffffffffffffffff max_cycles: 0x6aa99074b1c, max_idle_ns: 881590506587 ns
 4월 26 20:34:58 alveo-dev kernel: Calibrating delay loop (skipped), value calculated using timer frequency.. 7399.70 BogoMIPS (lpj=14799400)
 4월 26 20:34:58 alveo-dev kernel: pid_max: default: 32768 minimum: 301
 4월 26 20:34:58 alveo-dev kernel: LSM: Security Framework initializing
 4월 26 20:34:58 alveo-dev kernel: Yama: becoming mindful.
 4월 26 20:34:58 alveo-dev kernel: AppArmor: AppArmor initialized
 4월 26 20:34:58 alveo-dev kernel: Mount-cache hash table entries: 131072 (order: 8, 1048576 bytes, linear)
 4월 26 20:34:58 alveo-dev kernel: Mountpoint-cache hash table entries: 131072 (order: 8, 1048576 bytes, linear)
 4월 26 20:34:58 alveo-dev kernel: x86/cpu: VMX (outside TXT) disabled by BIOS
 4월 26 20:34:58 alveo-dev kernel: x86/cpu: SGX disabled by BIOS
 4월 26 20:34:58 alveo-dev kernel: mce: CPU0: Thermal monitoring enabled (TM1)
 4월 26 20:34:58 alveo-dev kernel: process: using mwait in idle threads
 4월 26 20:34:58 alveo-dev kernel: Last level iTLB entries: 4KB 64, 2MB 8, 4MB 8
 4월 26 20:34:58 alveo-dev kernel: Last level dTLB entries: 4KB 64, 2MB 0, 4MB 0, 1GB 4
 4월 26 20:34:58 alveo-dev kernel: Spectre V1 : Mitigation: usercopy/swapgs barriers and __user pointer sanitization
 4월 26 20:34:58 alveo-dev kernel: Spectre V2 : Mitigation: Enhanced IBRS
 4월 26 20:34:58 alveo-dev kernel: Spectre V2 : Spectre v2 / SpectreRSB mitigation: Filling RSB on context switch
 4월 26 20:34:58 alveo-dev kernel: Spectre V2 : mitigation: Enabling conditional Indirect Branch Prediction Barrier
 4월 26 20:34:58 alveo-dev kernel: Speculative Store Bypass: Mitigation: Speculative Store Bypass disabled via prctl and seccomp
 4월 26 20:34:58 alveo-dev kernel: Freeing SMP alternatives memory: 40K
 4월 26 20:34:58 alveo-dev kernel: smpboot: Estimated ratio of average max frequency by base frequency (times 1024): 1356
 4월 26 20:34:58 alveo-dev kernel: smpboot: CPU0: Intel(R) Core(TM) i9-10900K CPU @ 3.70GHz (family: 0x6, model: 0xa5, stepping: 0x5)
 4월 26 20:34:58 alveo-dev kernel: Performance Events: PEBS fmt3+, Skylake events, 32-deep LBR, full-width counters, Intel PMU driver.
 4월 26 20:34:58 alveo-dev kernel: ... version:                4
 4월 26 20:34:58 alveo-dev kernel: ... bit width:              48
 4월 26 20:34:58 alveo-dev kernel: ... generic registers:      4
 4월 26 20:34:58 alveo-dev kernel: ... value mask:             0000ffffffffffff
 4월 26 20:34:58 alveo-dev kernel: ... max period:             00007fffffffffff
 4월 26 20:34:58 alveo-dev kernel: ... fixed-purpose events:   3
 4월 26 20:34:58 alveo-dev kernel: ... event mask:             000000070000000f
 4월 26 20:34:58 alveo-dev kernel: rcu: Hierarchical SRCU implementation.
 4월 26 20:34:58 alveo-dev kernel: NMI watchdog: Enabled. Permanently consumes one hw-PMU counter.
 4월 26 20:34:58 alveo-dev kernel: smp: Bringing up secondary CPUs ...
 4월 26 20:34:58 alveo-dev kernel: x86: Booting SMP configuration:
 4월 26 20:34:58 alveo-dev kernel: .... node  #0, CPUs:        #1  #2  #3  #4  #5  #6  #7  #8  #9 #10 #11 #12 #13 #14 #15 #16 #17 #18 #19
 4월 26 20:34:58 alveo-dev kernel: smp: Brought up 1 node, 20 CPUs
 4월 26 20:34:58 alveo-dev kernel: smpboot: Max logical packages: 1
 4월 26 20:34:58 alveo-dev kernel: smpboot: Total of 20 processors activated (147994.00 BogoMIPS)
 4월 26 20:34:58 alveo-dev kernel: devtmpfs: initialized
 4월 26 20:34:58 alveo-dev kernel: x86/mm: Memory block size: 2048MB
 4월 26 20:34:58 alveo-dev kernel: PM: Registering ACPI NVS region [mem 0x9a449000-0x9a5fefff] (1794048 bytes)
 4월 26 20:34:58 alveo-dev kernel: clocksource: jiffies: mask: 0xffffffff max_cycles: 0xffffffff, max_idle_ns: 7645041785100000 ns
 4월 26 20:34:58 alveo-dev kernel: futex hash table entries: 8192 (order: 7, 524288 bytes, linear)
 4월 26 20:34:58 alveo-dev kernel: pinctrl core: initialized pinctrl subsystem
 4월 26 20:34:58 alveo-dev kernel: PM: RTC time: 11:34:56, date: 2021-04-26
 4월 26 20:34:58 alveo-dev kernel: NET: Registered protocol family 16
 4월 26 20:34:58 alveo-dev kernel: DMA: preallocated 4096 KiB GFP_KERNEL pool for atomic allocations
 4월 26 20:34:58 alveo-dev kernel: DMA: preallocated 4096 KiB GFP_KERNEL|GFP_DMA pool for atomic allocations
 4월 26 20:34:58 alveo-dev kernel: DMA: preallocated 4096 KiB GFP_KERNEL|GFP_DMA32 pool for atomic allocations
 4월 26 20:34:58 alveo-dev kernel: audit: initializing netlink subsys (disabled)
 4월 26 20:34:58 alveo-dev kernel: audit: type=2000 audit(1619436896.056:1): state=initialized audit_enabled=0 res=1
 4월 26 20:34:58 alveo-dev kernel: thermal_sys: Registered thermal governor 'fair_share'
 4월 26 20:34:58 alveo-dev kernel: thermal_sys: Registered thermal governor 'bang_bang'
 4월 26 20:34:58 alveo-dev kernel: thermal_sys: Registered thermal governor 'step_wise'
 4월 26 20:34:58 alveo-dev kernel: thermal_sys: Registered thermal governor 'user_space'
 4월 26 20:34:58 alveo-dev kernel: thermal_sys: Registered thermal governor 'power_allocator'
 4월 26 20:34:58 alveo-dev kernel: EISA bus registered
 4월 26 20:34:58 alveo-dev kernel: cpuidle: using governor ladder
 4월 26 20:34:58 alveo-dev kernel: cpuidle: using governor menu
 4월 26 20:34:58 alveo-dev kernel: ACPI FADT declares the system doesn't support PCIe ASPM, so disable it
 4월 26 20:34:58 alveo-dev kernel: ACPI: bus type PCI registered
 4월 26 20:34:58 alveo-dev kernel: acpiphp: ACPI Hot Plug PCI Controller Driver version: 0.5
 4월 26 20:34:58 alveo-dev kernel: PCI: MMCONFIG for domain 0000 [bus 00-ff] at [mem 0xe0000000-0xefffffff] (base 0xe0000000)
 4월 26 20:34:58 alveo-dev kernel: PCI: MMCONFIG at [mem 0xe0000000-0xefffffff] reserved in E820
 4월 26 20:34:58 alveo-dev kernel: PCI: Using configuration type 1 for base access
 4월 26 20:34:58 alveo-dev kernel: ENERGY_PERF_BIAS: Set to 'normal', was 'performance'
 4월 26 20:34:58 alveo-dev kernel: HugeTLB registered 1.00 GiB page size, pre-allocated 0 pages
 4월 26 20:34:58 alveo-dev kernel: HugeTLB registered 2.00 MiB page size, pre-allocated 0 pages
 4월 26 20:34:58 alveo-dev kernel: fbcon: Taking over console
 4월 26 20:34:58 alveo-dev kernel: ACPI: Added _OSI(Module Device)
 4월 26 20:34:58 alveo-dev kernel: ACPI: Added _OSI(Processor Device)
 4월 26 20:34:58 alveo-dev kernel: ACPI: Added _OSI(3.0 _SCP Extensions)
 4월 26 20:34:58 alveo-dev kernel: ACPI: Added _OSI(Processor Aggregator Device)
 4월 26 20:34:58 alveo-dev kernel: ACPI: Added _OSI(Linux-Dell-Video)
 4월 26 20:34:58 alveo-dev kernel: ACPI: Added _OSI(Linux-Lenovo-NV-HDMI-Audio)
 4월 26 20:34:58 alveo-dev kernel: ACPI: Added _OSI(Linux-HPI-Hybrid-Graphics)
 4월 26 20:34:58 alveo-dev kernel: ACPI BIOS Error (bug): Could not resolve symbol [\TBTS], AE_NOT_FOUND (20201113/psargs-330)
 4월 26 20:34:58 alveo-dev kernel: ACPI: Ignoring error and continuing table load
 4월 26 20:34:58 alveo-dev kernel: ACPI Error: Skipping While/If block (20201113/psloop-427)
 4월 26 20:34:58 alveo-dev kernel: ACPI BIOS Error (bug): Could not resolve symbol [\TBTS], AE_NOT_FOUND (20201113/psargs-330)
 4월 26 20:34:58 alveo-dev kernel: ACPI: Ignoring error and continuing table load
 4월 26 20:34:58 alveo-dev kernel: ACPI Error: Skipping While/If block (20201113/psloop-427)
 4월 26 20:34:58 alveo-dev kernel: ACPI: 11 ACPI AML tables successfully acquired and loaded
 4월 26 20:34:58 alveo-dev kernel: ACPI: Dynamic OEM Table Load:
 4월 26 20:34:58 alveo-dev kernel: ACPI: SSDT 0xFFFF9D6681FF1200 0001CB (v02 PmRef  Cpu0Psd  00003000 INTL 20180209)
 4월 26 20:34:58 alveo-dev kernel: ACPI: \_SB_.PR00: _OSC native thermal LVT Acked
 4월 26 20:34:58 alveo-dev kernel: ACPI: Dynamic OEM Table Load:
 4월 26 20:34:58 alveo-dev kernel: ACPI: SSDT 0xFFFF9D6681FEF000 000394 (v02 PmRef  Cpu0Cst  00003001 INTL 20180209)
 4월 26 20:34:58 alveo-dev kernel: ACPI: Dynamic OEM Table Load:
 4월 26 20:34:58 alveo-dev kernel: ACPI: SSDT 0xFFFF9D6681182000 0006EC (v02 PmRef  Cpu0Ist  00003000 INTL 20180209)
 4월 26 20:34:58 alveo-dev kernel: ACPI: Dynamic OEM Table Load:
 4월 26 20:34:58 alveo-dev kernel: ACPI: SSDT 0xFFFF9D6681FEFC00 0002F4 (v02 PmRef  Cpu0Hwp  00003000 INTL 20180209)
 4월 26 20:34:58 alveo-dev kernel: ACPI: Dynamic OEM Table Load:
 4월 26 20:34:58 alveo-dev kernel: ACPI: SSDT 0xFFFF9D66820FC000 0008E7 (v02 PmRef  ApIst    00003000 INTL 20180209)
 4월 26 20:34:58 alveo-dev kernel: ACPI: Dynamic OEM Table Load:
 4월 26 20:34:58 alveo-dev kernel: ACPI: SSDT 0xFFFF9D6681186000 00048A (v02 PmRef  ApHwp    00003000 INTL 20180209)
 4월 26 20:34:58 alveo-dev kernel: ACPI: Dynamic OEM Table Load:
 4월 26 20:34:58 alveo-dev kernel: ACPI: SSDT 0xFFFF9D6681180000 0004D4 (v02 PmRef  ApPsd    00003000 INTL 20180209)
 4월 26 20:34:58 alveo-dev kernel: ACPI: Dynamic OEM Table Load:
 4월 26 20:34:58 alveo-dev kernel: ACPI: SSDT 0xFFFF9D6681183000 00048A (v02 PmRef  ApCst    00003000 INTL 20180209)
 4월 26 20:34:58 alveo-dev kernel: ACPI: Interpreter enabled
 4월 26 20:34:58 alveo-dev kernel: ACPI: (supports S0 S3 S4 S5)
 4월 26 20:34:58 alveo-dev kernel: ACPI: Using IOAPIC for interrupt routing
 4월 26 20:34:58 alveo-dev kernel: PCI: Using host bridge windows from ACPI; if necessary, use "pci=nocrs" and report a bug
 4월 26 20:34:58 alveo-dev kernel: ACPI: Enabled 6 GPEs in block 00 to 7F
 4월 26 20:34:58 alveo-dev kernel: ACPI: Power Resource [BTRT] (on)
 4월 26 20:34:58 alveo-dev kernel: ACPI: Power Resource [WRST] (on)
 4월 26 20:34:58 alveo-dev kernel: ACPI: Power Resource [V0PR] (on)
 4월 26 20:34:58 alveo-dev kernel: ACPI: Power Resource [V1PR] (on)
 4월 26 20:34:58 alveo-dev kernel: ACPI: Power Resource [V2PR] (on)
 4월 26 20:34:58 alveo-dev kernel: ACPI: Power Resource [FN00] (off)
 4월 26 20:34:58 alveo-dev kernel: ACPI: Power Resource [FN01] (off)
 4월 26 20:34:58 alveo-dev kernel: ACPI: Power Resource [FN02] (off)
 4월 26 20:34:58 alveo-dev kernel: ACPI: Power Resource [FN03] (off)
 4월 26 20:34:58 alveo-dev kernel: ACPI: Power Resource [FN04] (off)
 4월 26 20:34:58 alveo-dev kernel: ACPI: Power Resource [PIN] (off)
 4월 26 20:34:58 alveo-dev kernel: ACPI: PCI Root Bridge [PC00] (domain 0000 [bus 00-fe])
 4월 26 20:34:58 alveo-dev kernel: acpi PNP0A08:00: _OSC: OS supports [ExtendedConfig ASPM ClockPM Segments MSI HPX-Type3]
 4월 26 20:34:58 alveo-dev kernel: acpi PNP0A08:00: _OSC: platform does not support [PCIeHotplug SHPCHotplug PME]
 4월 26 20:34:58 alveo-dev kernel: acpi PNP0A08:00: _OSC: OS now controls [AER PCIeCapability LTR]
 4월 26 20:34:58 alveo-dev kernel: acpi PNP0A08:00: FADT indicates ASPM is unsupported, using BIOS configuration
 4월 26 20:34:58 alveo-dev kernel: PCI host bridge to bus 0000:00
 4월 26 20:34:58 alveo-dev kernel: pci_bus 0000:00: root bus resource [io  0x0000-0x0cf7 window]
 4월 26 20:34:58 alveo-dev kernel: pci_bus 0000:00: root bus resource [io  0x0d00-0xffff window]
 4월 26 20:34:58 alveo-dev kernel: pci_bus 0000:00: root bus resource [mem 0x000a0000-0x000bffff window]
 4월 26 20:34:58 alveo-dev kernel: pci_bus 0000:00: root bus resource [mem 0x000e0000-0x000e3fff window]
 4월 26 20:34:58 alveo-dev kernel: pci_bus 0000:00: root bus resource [mem 0x000e4000-0x000e7fff window]
 4월 26 20:34:58 alveo-dev kernel: pci_bus 0000:00: root bus resource [mem 0x000e8000-0x000ebfff window]
 4월 26 20:34:58 alveo-dev kernel: pci_bus 0000:00: root bus resource [mem 0x000ec000-0x000effff window]
 4월 26 20:34:58 alveo-dev kernel: pci_bus 0000:00: root bus resource [mem 0x9f800000-0xdfffffff window]
 4월 26 20:34:58 alveo-dev kernel: pci_bus 0000:00: root bus resource [mem 0x4000000000-0x7fffffffff window]
 4월 26 20:34:58 alveo-dev kernel: pci_bus 0000:00: root bus resource [bus 00-fe]
 4월 26 20:34:58 alveo-dev kernel: pci 0000:00:00.0: [8086:9b33] type 00 class 0x060000
 4월 26 20:34:58 alveo-dev kernel: pci 0000:00:02.0: [8086:9bc5] type 00 class 0x030000
 4월 26 20:34:58 alveo-dev kernel: pci 0000:00:02.0: reg 0x10: [mem 0x6000000000-0x6000ffffff 64bit]
 4월 26 20:34:58 alveo-dev kernel: pci 0000:00:02.0: reg 0x18: [mem 0x4000000000-0x400fffffff 64bit pref]
 4월 26 20:34:58 alveo-dev kernel: pci 0000:00:02.0: reg 0x20: [io  0x4000-0x403f]
 4월 26 20:34:58 alveo-dev kernel: pci 0000:00:02.0: BAR 2: assigned to efifb
 4월 26 20:34:58 alveo-dev kernel: pci 0000:00:14.0: [8086:43ed] type 00 class 0x0c0330
 4월 26 20:34:58 alveo-dev kernel: pci 0000:00:14.0: reg 0x10: [mem 0x6001100000-0x600110ffff 64bit]
 4월 26 20:34:58 alveo-dev kernel: pci 0000:00:14.0: PME# supported from D3hot D3cold
 4월 26 20:34:58 alveo-dev kernel: pci 0000:00:14.2: [8086:43ef] type 00 class 0x050000
 4월 26 20:34:58 alveo-dev kernel: pci 0000:00:14.2: reg 0x10: [mem 0x6001118000-0x600111bfff 64bit]
 4월 26 20:34:58 alveo-dev kernel: pci 0000:00:14.2: reg 0x18: [mem 0x6001120000-0x6001120fff 64bit]
 4월 26 20:34:58 alveo-dev kernel: pci 0000:00:14.3: [8086:43f0] type 00 class 0x028000
 4월 26 20:34:58 alveo-dev kernel: pci 0000:00:14.3: reg 0x10: [mem 0x6001114000-0x6001117fff 64bit]
 4월 26 20:34:58 alveo-dev kernel: pci 0000:00:14.3: PME# supported from D0 D3hot D3cold
 4월 26 20:34:58 alveo-dev kernel: pci 0000:00:15.0: [8086:43e8] type 00 class 0x0c8000
 4월 26 20:34:58 alveo-dev kernel: pci 0000:00:15.0: reg 0x10: [mem 0x00000000-0x00000fff 64bit]
 4월 26 20:34:58 alveo-dev kernel: pci 0000:00:15.1: [8086:43e9] type 00 class 0x0c8000
 4월 26 20:34:58 alveo-dev kernel: pci 0000:00:15.1: reg 0x10: [mem 0x00000000-0x00000fff 64bit]
 4월 26 20:34:58 alveo-dev kernel: pci 0000:00:16.0: [8086:43e0] type 00 class 0x078000
 4월 26 20:34:58 alveo-dev kernel: pci 0000:00:16.0: reg 0x10: [mem 0x600111d000-0x600111dfff 64bit]
 4월 26 20:34:58 alveo-dev kernel: pci 0000:00:16.0: PME# supported from D3hot
 4월 26 20:34:58 alveo-dev kernel: pci 0000:00:17.0: [8086:43d2] type 00 class 0x010601
 4월 26 20:34:58 alveo-dev kernel: pci 0000:00:17.0: reg 0x10: [mem 0xa0500000-0xa0501fff]
 4월 26 20:34:58 alveo-dev kernel: pci 0000:00:17.0: reg 0x14: [mem 0xa0503000-0xa05030ff]
 4월 26 20:34:58 alveo-dev kernel: pci 0000:00:17.0: reg 0x18: [io  0x4090-0x4097]
 4월 26 20:34:58 alveo-dev kernel: pci 0000:00:17.0: reg 0x1c: [io  0x4080-0x4083]
 4월 26 20:34:58 alveo-dev kernel: pci 0000:00:17.0: reg 0x20: [io  0x4060-0x407f]
 4월 26 20:34:58 alveo-dev kernel: pci 0000:00:17.0: reg 0x24: [mem 0xa0502000-0xa05027ff]
 4월 26 20:34:58 alveo-dev kernel: pci 0000:00:17.0: PME# supported from D3hot
 4월 26 20:34:58 alveo-dev kernel: pci 0000:00:1b.0: [8086:43c0] type 01 class 0x060400
 4월 26 20:34:58 alveo-dev kernel: pci 0000:00:1b.0: PME# supported from D0 D3hot D3cold
 4월 26 20:34:58 alveo-dev kernel: pci 0000:00:1b.0: PTM enabled (root), 4ns granularity
 4월 26 20:34:58 alveo-dev kernel: pci 0000:00:1c.0: [8086:43b8] type 01 class 0x060400
 4월 26 20:34:58 alveo-dev kernel: pci 0000:00:1c.0: PME# supported from D0 D3hot D3cold
 4월 26 20:34:58 alveo-dev kernel: pci 0000:00:1c.7: [8086:43bf] type 01 class 0x060400
 4월 26 20:34:58 alveo-dev kernel: pci 0000:00:1c.7: PME# supported from D0 D3hot D3cold
 4월 26 20:34:58 alveo-dev kernel: pci 0000:00:1c.7: PTM enabled (root), 4ns granularity
 4월 26 20:34:58 alveo-dev kernel: pci 0000:00:1d.0: [8086:43b0] type 01 class 0x060400
 4월 26 20:34:58 alveo-dev kernel: pci 0000:00:1d.0: PME# supported from D0 D3hot D3cold
 4월 26 20:34:58 alveo-dev kernel: pci 0000:00:1f.0: [8086:4385] type 00 class 0x060100
 4월 26 20:34:58 alveo-dev kernel: pci 0000:00:1f.3: [8086:f0c8] type 00 class 0x040300
 4월 26 20:34:58 alveo-dev kernel: pci 0000:00:1f.3: reg 0x10: [mem 0x6001110000-0x6001113fff 64bit]
 4월 26 20:34:58 alveo-dev kernel: pci 0000:00:1f.3: reg 0x20: [mem 0x6001000000-0x60010fffff 64bit]
 4월 26 20:34:58 alveo-dev kernel: pci 0000:00:1f.3: PME# supported from D3hot D3cold
 4월 26 20:34:58 alveo-dev kernel: pci 0000:00:1f.4: [8086:43a3] type 00 class 0x0c0500
 4월 26 20:34:58 alveo-dev kernel: pci 0000:00:1f.4: reg 0x10: [mem 0x600111c000-0x600111c0ff 64bit]
 4월 26 20:34:58 alveo-dev kernel: pci 0000:00:1f.4: reg 0x20: [io  0xefa0-0xefbf]
 4월 26 20:34:58 alveo-dev kernel: pci 0000:00:1f.5: [8086:43a4] type 00 class 0x0c8000
 4월 26 20:34:58 alveo-dev kernel: pci 0000:00:1f.5: reg 0x10: [mem 0xfe010000-0xfe010fff]
 4월 26 20:34:58 alveo-dev kernel: pci 0000:01:00.0: [144d:a808] type 00 class 0x010802
 4월 26 20:34:58 alveo-dev kernel: pci 0000:01:00.0: reg 0x10: [mem 0xa0400000-0xa0403fff 64bit]
 4월 26 20:34:58 alveo-dev kernel: pci 0000:00:1b.0: PCI bridge to [bus 01]
 4월 26 20:34:58 alveo-dev kernel: pci 0000:00:1b.0:   bridge window [mem 0xa0400000-0xa04fffff]
 4월 26 20:34:58 alveo-dev kernel: pci 0000:00:1c.0: PCI bridge to [bus 02]
 4월 26 20:34:58 alveo-dev kernel: pci 0000:03:00.0: [8086:15f3] type 00 class 0x020000
 4월 26 20:34:58 alveo-dev kernel: pci 0000:03:00.0: reg 0x10: [mem 0xa0200000-0xa02fffff]
 4월 26 20:34:58 alveo-dev kernel: pci 0000:03:00.0: reg 0x1c: [mem 0xa0300000-0xa0303fff]
 4월 26 20:34:58 alveo-dev kernel: pci 0000:03:00.0: PME# supported from D0 D3hot D3cold
 4월 26 20:34:58 alveo-dev kernel: pci 0000:00:1c.7: PCI bridge to [bus 03]
 4월 26 20:34:58 alveo-dev kernel: pci 0000:00:1c.7:   bridge window [mem 0xa0200000-0xa03fffff]
 4월 26 20:34:58 alveo-dev kernel: pci 0000:00:1d.0: PCI bridge to [bus 04]
 4월 26 20:34:58 alveo-dev kernel: pci 0000:00:1d.0:   bridge window [io  0x3000-0x3fff]
 4월 26 20:34:58 alveo-dev kernel: pci 0000:00:1d.0:   bridge window [mem 0x9f800000-0xa01fffff]
 4월 26 20:34:58 alveo-dev kernel: ACPI: PCI Interrupt Link [LNKA] (IRQs 3 4 5 6 10 11 12 14 15) *0
 4월 26 20:34:58 alveo-dev kernel: ACPI: PCI Interrupt Link [LNKB] (IRQs 3 4 5 6 10 11 12 14 15) *1
 4월 26 20:34:58 alveo-dev kernel: ACPI: PCI Interrupt Link [LNKC] (IRQs 3 4 5 6 10 11 12 14 15) *0
 4월 26 20:34:58 alveo-dev kernel: ACPI: PCI Interrupt Link [LNKD] (IRQs 3 4 5 6 10 11 12 14 15) *0
 4월 26 20:34:58 alveo-dev kernel: ACPI: PCI Interrupt Link [LNKE] (IRQs 3 4 5 6 10 11 12 14 15) *0
 4월 26 20:34:58 alveo-dev kernel: ACPI: PCI Interrupt Link [LNKF] (IRQs 3 4 5 6 10 11 12 14 15) *0
 4월 26 20:34:58 alveo-dev kernel: ACPI: PCI Interrupt Link [LNKG] (IRQs 3 4 5 6 10 11 12 14 15) *0
 4월 26 20:34:58 alveo-dev kernel: ACPI: PCI Interrupt Link [LNKH] (IRQs 3 4 5 6 10 11 12 14 15) *0
 4월 26 20:34:58 alveo-dev kernel: iommu: Default domain type: Translated 
 4월 26 20:34:58 alveo-dev kernel: pci 0000:00:02.0: vgaarb: setting as boot VGA device
 4월 26 20:34:58 alveo-dev kernel: pci 0000:00:02.0: vgaarb: VGA device added: decodes=io+mem,owns=io+mem,locks=none
 4월 26 20:34:58 alveo-dev kernel: pci 0000:00:02.0: vgaarb: bridge control possible
 4월 26 20:34:58 alveo-dev kernel: vgaarb: loaded
 4월 26 20:34:58 alveo-dev kernel: SCSI subsystem initialized
 4월 26 20:34:58 alveo-dev kernel: libata version 3.00 loaded.
 4월 26 20:34:58 alveo-dev kernel: ACPI: bus type USB registered
 4월 26 20:34:58 alveo-dev kernel: usbcore: registered new interface driver usbfs
 4월 26 20:34:58 alveo-dev kernel: usbcore: registered new interface driver hub
 4월 26 20:34:58 alveo-dev kernel: usbcore: registered new device driver usb
 4월 26 20:34:58 alveo-dev kernel: pps_core: LinuxPPS API ver. 1 registered
 4월 26 20:34:58 alveo-dev kernel: pps_core: Software ver. 5.3.6 - Copyright 2005-2007 Rodolfo Giometti <giometti@linux.it>
 4월 26 20:34:58 alveo-dev kernel: PTP clock support registered
 4월 26 20:34:58 alveo-dev kernel: EDAC MC: Ver: 3.0.0
 4월 26 20:34:58 alveo-dev kernel: Registered efivars operations
 4월 26 20:34:58 alveo-dev kernel: NetLabel: Initializing
 4월 26 20:34:58 alveo-dev kernel: NetLabel:  domain hash size = 128
 4월 26 20:34:58 alveo-dev kernel: NetLabel:  protocols = UNLABELED CIPSOv4 CALIPSO
 4월 26 20:34:58 alveo-dev kernel: NetLabel:  unlabeled traffic allowed by default
 4월 26 20:34:58 alveo-dev kernel: PCI: Using ACPI for IRQ routing
 4월 26 20:34:58 alveo-dev kernel: PCI: pci_cache_line_size set to 64 bytes
 4월 26 20:34:58 alveo-dev kernel: pci 0000:00:1f.5: can't claim BAR 0 [mem 0xfe010000-0xfe010fff]: no compatible bridge window
 4월 26 20:34:58 alveo-dev kernel: e820: reserve RAM buffer [mem 0x0009e000-0x0009ffff]
 4월 26 20:34:58 alveo-dev kernel: e820: reserve RAM buffer [mem 0x87884000-0x87ffffff]
 4월 26 20:34:58 alveo-dev kernel: e820: reserve RAM buffer [mem 0x89c6d018-0x8bffffff]
 4월 26 20:34:58 alveo-dev kernel: e820: reserve RAM buffer [mem 0x89c7d018-0x8bffffff]
 4월 26 20:34:58 alveo-dev kernel: e820: reserve RAM buffer [mem 0x8c0cf000-0x8fffffff]
 4월 26 20:34:58 alveo-dev kernel: e820: reserve RAM buffer [mem 0x92cbb000-0x93ffffff]
 4월 26 20:34:58 alveo-dev kernel: e820: reserve RAM buffer [mem 0x95c40000-0x97ffffff]
 4월 26 20:34:58 alveo-dev kernel: e820: reserve RAM buffer [mem 0x97bd8000-0x97ffffff]
 4월 26 20:34:58 alveo-dev kernel: e820: reserve RAM buffer [mem 0x9bf00000-0x9bffffff]
 4월 26 20:34:58 alveo-dev kernel: e820: reserve RAM buffer [mem 0x105c800000-0x105fffffff]
 4월 26 20:34:58 alveo-dev kernel: hpet0: at MMIO 0xfed00000, IRQs 2, 8, 0, 0, 0, 0, 0, 0
 4월 26 20:34:58 alveo-dev kernel: hpet0: 8 comparators, 64-bit 24.000000 MHz counter
 4월 26 20:34:58 alveo-dev kernel: clocksource: Switched to clocksource tsc-early
 4월 26 20:34:58 alveo-dev kernel: VFS: Disk quotas dquot_6.6.0
 4월 26 20:34:58 alveo-dev kernel: VFS: Dquot-cache hash table entries: 512 (order 0, 4096 bytes)
 4월 26 20:34:58 alveo-dev kernel: AppArmor: AppArmor Filesystem Enabled
 4월 26 20:34:58 alveo-dev kernel: pnp: PnP ACPI init
 4월 26 20:34:58 alveo-dev kernel: system 00:00: [io  0x0290-0x029f] has been reserved
 4월 26 20:34:58 alveo-dev kernel: system 00:00: Plug and Play ACPI device, IDs PNP0c02 (active)
 4월 26 20:34:58 alveo-dev kernel: pnp 00:01: [dma 0 disabled]
 4월 26 20:34:58 alveo-dev kernel: pnp 00:01: Plug and Play ACPI device, IDs PNP0501 (active)
 4월 26 20:34:58 alveo-dev kernel: system 00:02: [io  0x0680-0x069f] has been reserved
 4월 26 20:34:58 alveo-dev kernel: system 00:02: [io  0x164e-0x164f] has been reserved
 4월 26 20:34:58 alveo-dev kernel: system 00:02: Plug and Play ACPI device, IDs PNP0c02 (active)
 4월 26 20:34:58 alveo-dev kernel: system 00:03: [io  0x1854-0x1857] has been reserved
 4월 26 20:34:58 alveo-dev kernel: system 00:03: Plug and Play ACPI device, IDs INT3f0d PNP0c02 (active)
 4월 26 20:34:58 alveo-dev kernel: system 00:04: [mem 0xfed10000-0xfed17fff] has been reserved
 4월 26 20:34:58 alveo-dev kernel: system 00:04: [mem 0xfeda0000-0xfeda0fff] has been reserved
 4월 26 20:34:58 alveo-dev kernel: system 00:04: [mem 0xfeda1000-0xfeda1fff] has been reserved
 4월 26 20:34:58 alveo-dev kernel: system 00:04: [mem 0xe0000000-0xefffffff] has been reserved
 4월 26 20:34:58 alveo-dev kernel: system 00:04: [mem 0xfed20000-0xfed7ffff] has been reserved
 4월 26 20:34:58 alveo-dev kernel: system 00:04: [mem 0xfed90000-0xfed93fff] could not be reserved
 4월 26 20:34:58 alveo-dev kernel: system 00:04: [mem 0xfed45000-0xfed8ffff] could not be reserved
 4월 26 20:34:58 alveo-dev kernel: system 00:04: [mem 0xfee00000-0xfeefffff] could not be reserved
 4월 26 20:34:58 alveo-dev kernel: system 00:04: Plug and Play ACPI device, IDs PNP0c02 (active)
 4월 26 20:34:58 alveo-dev kernel: system 00:05: [io  0x1800-0x18fe] could not be reserved
 4월 26 20:34:58 alveo-dev kernel: system 00:05: [mem 0xfe000000-0xfe01ffff] could not be reserved
 4월 26 20:34:58 alveo-dev kernel: system 00:05: [mem 0xfe04c000-0xfe04ffff] has been reserved
 4월 26 20:34:58 alveo-dev kernel: system 00:05: [mem 0xfe050000-0xfe0affff] has been reserved
 4월 26 20:34:58 alveo-dev kernel: system 00:05: [mem 0xfe0d0000-0xfe0fffff] has been reserved
 4월 26 20:34:58 alveo-dev kernel: system 00:05: [mem 0xfe200000-0xfe7fffff] has been reserved
 4월 26 20:34:58 alveo-dev kernel: system 00:05: [mem 0xff000000-0xffffffff] has been reserved
 4월 26 20:34:58 alveo-dev kernel: system 00:05: [mem 0xfd000000-0xfd68ffff] has been reserved
 4월 26 20:34:58 alveo-dev kernel: system 00:05: [mem 0xfd6c0000-0xfd6cffff] has been reserved
 4월 26 20:34:58 alveo-dev kernel: system 00:05: [mem 0xfd6f0000-0xfdffffff] has been reserved
 4월 26 20:34:58 alveo-dev kernel: system 00:05: Plug and Play ACPI device, IDs PNP0c02 (active)
 4월 26 20:34:58 alveo-dev kernel: system 00:06: [io  0x2000-0x20fe] has been reserved
 4월 26 20:34:58 alveo-dev kernel: system 00:06: Plug and Play ACPI device, IDs PNP0c02 (active)
 4월 26 20:34:58 alveo-dev kernel: system 00:07: Plug and Play ACPI device, IDs PNP0c02 (active)
 4월 26 20:34:58 alveo-dev kernel: pnp: PnP ACPI: found 8 devices
 4월 26 20:34:58 alveo-dev kernel: clocksource: acpi_pm: mask: 0xffffff max_cycles: 0xffffff, max_idle_ns: 2085701024 ns
 4월 26 20:34:58 alveo-dev kernel: NET: Registered protocol family 2
 4월 26 20:34:58 alveo-dev kernel: tcp_listen_portaddr_hash hash table entries: 32768 (order: 7, 524288 bytes, linear)
 4월 26 20:34:58 alveo-dev kernel: TCP established hash table entries: 524288 (order: 10, 4194304 bytes, linear)
 4월 26 20:34:58 alveo-dev kernel: TCP bind hash table entries: 65536 (order: 8, 1048576 bytes, linear)
 4월 26 20:34:58 alveo-dev kernel: TCP: Hash tables configured (established 524288 bind 65536)
 4월 26 20:34:58 alveo-dev kernel: MPTCP token hash table entries: 65536 (order: 8, 1572864 bytes, linear)
 4월 26 20:34:58 alveo-dev kernel: UDP hash table entries: 32768 (order: 8, 1048576 bytes, linear)
 4월 26 20:34:58 alveo-dev kernel: UDP-Lite hash table entries: 32768 (order: 8, 1048576 bytes, linear)
 4월 26 20:34:58 alveo-dev kernel: NET: Registered protocol family 1
 4월 26 20:34:58 alveo-dev kernel: NET: Registered protocol family 44
 4월 26 20:34:58 alveo-dev kernel: pci 0000:00:1d.0: bridge window [mem 0x00100000-0x000fffff 64bit pref] to [bus 04] add_size 200000 add_align 100000
 4월 26 20:34:58 alveo-dev kernel: pci 0000:00:1d.0: BAR 15: assigned [mem 0x4010000000-0x40101fffff 64bit pref]
 4월 26 20:34:58 alveo-dev kernel: pci 0000:00:15.0: BAR 0: assigned [mem 0x4010200000-0x4010200fff 64bit]
 4월 26 20:34:58 alveo-dev kernel: pci 0000:00:15.1: BAR 0: assigned [mem 0x4010201000-0x4010201fff 64bit]
 4월 26 20:34:58 alveo-dev kernel: pci 0000:00:1f.5: BAR 0: assigned [mem 0xa0504000-0xa0504fff]
 4월 26 20:34:58 alveo-dev kernel: pci 0000:00:1b.0: PCI bridge to [bus 01]
 4월 26 20:34:58 alveo-dev kernel: pci 0000:00:1b.0:   bridge window [mem 0xa0400000-0xa04fffff]
 4월 26 20:34:58 alveo-dev kernel: pci 0000:00:1c.0: PCI bridge to [bus 02]
 4월 26 20:34:58 alveo-dev kernel: pci 0000:00:1c.7: PCI bridge to [bus 03]
 4월 26 20:34:58 alveo-dev kernel: pci 0000:00:1c.7:   bridge window [mem 0xa0200000-0xa03fffff]
 4월 26 20:34:58 alveo-dev kernel: pci 0000:00:1d.0: PCI bridge to [bus 04]
 4월 26 20:34:58 alveo-dev kernel: pci 0000:00:1d.0:   bridge window [io  0x3000-0x3fff]
 4월 26 20:34:58 alveo-dev kernel: pci 0000:00:1d.0:   bridge window [mem 0x9f800000-0xa01fffff]
 4월 26 20:34:58 alveo-dev kernel: pci 0000:00:1d.0:   bridge window [mem 0x4010000000-0x40101fffff 64bit pref]
 4월 26 20:34:58 alveo-dev kernel: pci_bus 0000:00: resource 4 [io  0x0000-0x0cf7 window]
 4월 26 20:34:58 alveo-dev kernel: pci_bus 0000:00: resource 5 [io  0x0d00-0xffff window]
 4월 26 20:34:58 alveo-dev kernel: pci_bus 0000:00: resource 6 [mem 0x000a0000-0x000bffff window]
 4월 26 20:34:58 alveo-dev kernel: pci_bus 0000:00: resource 7 [mem 0x000e0000-0x000e3fff window]
 4월 26 20:34:58 alveo-dev kernel: pci_bus 0000:00: resource 8 [mem 0x000e4000-0x000e7fff window]
 4월 26 20:34:58 alveo-dev kernel: pci_bus 0000:00: resource 9 [mem 0x000e8000-0x000ebfff window]
 4월 26 20:34:58 alveo-dev kernel: pci_bus 0000:00: resource 10 [mem 0x000ec000-0x000effff window]
 4월 26 20:34:58 alveo-dev kernel: pci_bus 0000:00: resource 11 [mem 0x9f800000-0xdfffffff window]
 4월 26 20:34:58 alveo-dev kernel: pci_bus 0000:00: resource 12 [mem 0x4000000000-0x7fffffffff window]
 4월 26 20:34:58 alveo-dev kernel: pci_bus 0000:01: resource 1 [mem 0xa0400000-0xa04fffff]
 4월 26 20:34:58 alveo-dev kernel: pci_bus 0000:03: resource 1 [mem 0xa0200000-0xa03fffff]
 4월 26 20:34:58 alveo-dev kernel: pci_bus 0000:04: resource 0 [io  0x3000-0x3fff]
 4월 26 20:34:58 alveo-dev kernel: pci_bus 0000:04: resource 1 [mem 0x9f800000-0xa01fffff]
 4월 26 20:34:58 alveo-dev kernel: pci_bus 0000:04: resource 2 [mem 0x4010000000-0x40101fffff 64bit pref]
 4월 26 20:34:58 alveo-dev kernel: pci 0000:00:02.0: Video device with shadowed ROM at [mem 0x000c0000-0x000dffff]
 4월 26 20:34:58 alveo-dev kernel: PCI: CLS 64 bytes, default 64
 4월 26 20:34:58 alveo-dev kernel: Trying to unpack rootfs image as initramfs...
 4월 26 20:34:58 alveo-dev kernel: Freeing initrd memory: 49292K
 4월 26 20:34:58 alveo-dev kernel: PCI-DMA: Using software bounce buffering for IO (SWIOTLB)
 4월 26 20:34:58 alveo-dev kernel: software IO TLB: mapped [mem 0x000000008ecbb000-0x0000000092cbb000] (64MB)
 4월 26 20:34:58 alveo-dev kernel: platform rtc_cmos: registered platform RTC device (no PNP device found)
 4월 26 20:34:58 alveo-dev kernel: check: Scanning for low memory corruption every 60 seconds
 4월 26 20:34:58 alveo-dev kernel: Initialise system trusted keyrings
 4월 26 20:34:58 alveo-dev kernel: Key type blacklist registered
 4월 26 20:34:58 alveo-dev kernel: workingset: timestamp_bits=36 max_order=24 bucket_order=0
 4월 26 20:34:58 alveo-dev kernel: zbud: loaded
 4월 26 20:34:58 alveo-dev kernel: squashfs: version 4.0 (2009/01/31) Phillip Lougher
 4월 26 20:34:58 alveo-dev kernel: fuse: init (API version 7.33)
 4월 26 20:34:58 alveo-dev kernel: integrity: Platform Keyring initialized
 4월 26 20:34:58 alveo-dev kernel: Key type asymmetric registered
 4월 26 20:34:58 alveo-dev kernel: Asymmetric key parser 'x509' registered
 4월 26 20:34:58 alveo-dev kernel: Block layer SCSI generic (bsg) driver version 0.4 loaded (major 243)
 4월 26 20:34:58 alveo-dev kernel: io scheduler mq-deadline registered
 4월 26 20:34:58 alveo-dev kernel: pcieport 0000:00:1b.0: AER: enabled with IRQ 122
 4월 26 20:34:58 alveo-dev kernel: pcieport 0000:00:1b.0: DPC: enabled with IRQ 122
 4월 26 20:34:58 alveo-dev kernel: pcieport 0000:00:1b.0: DPC: error containment capabilities: Int Msg #0, RPExt+ PoisonedTLP+ SwTrigger+ RP PIO Log 4, DL_ActiveErr+
 4월 26 20:34:58 alveo-dev kernel: pcieport 0000:00:1c.7: AER: enabled with IRQ 124
 4월 26 20:34:58 alveo-dev kernel: pcieport 0000:00:1c.7: DPC: enabled with IRQ 124
 4월 26 20:34:58 alveo-dev kernel: pcieport 0000:00:1c.7: DPC: error containment capabilities: Int Msg #0, RPExt+ PoisonedTLP+ SwTrigger+ RP PIO Log 4, DL_ActiveErr+
 4월 26 20:34:58 alveo-dev kernel: shpchp: Standard Hot Plug PCI Controller Driver version: 0.4
 4월 26 20:34:58 alveo-dev kernel: efifb: probing for efifb
 4월 26 20:34:58 alveo-dev kernel: efifb: showing boot graphics
 4월 26 20:34:58 alveo-dev kernel: efifb: framebuffer at 0x4000000000, using 32400k, total 32400k
 4월 26 20:34:58 alveo-dev kernel: efifb: mode is 3840x2160x32, linelength=15360, pages=1
 4월 26 20:34:58 alveo-dev kernel: efifb: scrolling: redraw
 4월 26 20:34:58 alveo-dev kernel: efifb: Truecolor: size=8:8:8:8, shift=24:16:8:0
 4월 26 20:34:58 alveo-dev kernel: Console: switching to colour frame buffer device 240x67
 4월 26 20:34:58 alveo-dev kernel: fb0: EFI VGA frame buffer device
 4월 26 20:34:58 alveo-dev kernel: intel_idle: MWAIT substates: 0x11142120
 4월 26 20:34:58 alveo-dev kernel: Monitor-Mwait will be used to enter C-1 state
 4월 26 20:34:58 alveo-dev kernel: Monitor-Mwait will be used to enter C-2 state
 4월 26 20:34:58 alveo-dev kernel: Monitor-Mwait will be used to enter C-3 state
 4월 26 20:34:58 alveo-dev kernel: ACPI: \_SB_.PR00: Found 3 idle states
 4월 26 20:34:58 alveo-dev kernel: intel_idle: v0.5.1 model 0xA5
 4월 26 20:34:58 alveo-dev kernel: intel_idle: Local APIC timer is reliable in all C-states
 4월 26 20:34:58 alveo-dev kernel: input: Sleep Button as /devices/LNXSYSTM:00/LNXSYBUS:00/PNP0C0E:00/input/input0
 4월 26 20:34:58 alveo-dev kernel: ACPI: Sleep Button [SLPB]
 4월 26 20:34:58 alveo-dev kernel: input: Power Button as /devices/LNXSYSTM:00/LNXSYBUS:00/PNP0C0C:00/input/input1
 4월 26 20:34:58 alveo-dev kernel: ACPI: Power Button [PWRB]
 4월 26 20:34:58 alveo-dev kernel: input: Power Button as /devices/LNXSYSTM:00/LNXPWRBN:00/input/input2
 4월 26 20:34:58 alveo-dev kernel: ACPI: Power Button [PWRF]
 4월 26 20:34:58 alveo-dev kernel: thermal LNXTHERM:00: registered as thermal_zone0
 4월 26 20:34:58 alveo-dev kernel: ACPI: Thermal Zone [TZ00] (28 C)
 4월 26 20:34:58 alveo-dev kernel: Serial: 8250/16550 driver, 32 ports, IRQ sharing enabled
 4월 26 20:34:58 alveo-dev kernel: 00:01: ttyS0 at I/O 0x3f8 (irq = 4, base_baud = 115200) is a 16550A
 4월 26 20:34:58 alveo-dev kernel: Linux agpgart interface v0.103
 4월 26 20:34:58 alveo-dev kernel: loop: module loaded
 4월 26 20:34:58 alveo-dev kernel: libphy: Fixed MDIO Bus: probed
 4월 26 20:34:58 alveo-dev kernel: tun: Universal TUN/TAP device driver, 1.6
 4월 26 20:34:58 alveo-dev kernel: PPP generic driver version 2.4.2
 4월 26 20:34:58 alveo-dev kernel: VFIO - User Level meta-driver version: 0.3
 4월 26 20:34:58 alveo-dev kernel: ehci_hcd: USB 2.0 'Enhanced' Host Controller (EHCI) Driver
 4월 26 20:34:58 alveo-dev kernel: ehci-pci: EHCI PCI platform driver
 4월 26 20:34:58 alveo-dev kernel: ehci-platform: EHCI generic platform driver
 4월 26 20:34:58 alveo-dev kernel: ohci_hcd: USB 1.1 'Open' Host Controller (OHCI) Driver
 4월 26 20:34:58 alveo-dev kernel: ohci-pci: OHCI PCI platform driver
 4월 26 20:34:58 alveo-dev kernel: ohci-platform: OHCI generic platform driver
 4월 26 20:34:58 alveo-dev kernel: uhci_hcd: USB Universal Host Controller Interface driver
 4월 26 20:34:58 alveo-dev kernel: i8042: PNP: No PS/2 controller found.
 4월 26 20:34:58 alveo-dev kernel: mousedev: PS/2 mouse device common for all mice
 4월 26 20:34:58 alveo-dev kernel: rtc_cmos rtc_cmos: RTC can wake from S4
 4월 26 20:34:58 alveo-dev kernel: rtc_cmos rtc_cmos: registered as rtc0
 4월 26 20:34:58 alveo-dev kernel: rtc_cmos rtc_cmos: setting system clock to 2021-04-26T11:34:56 UTC (1619436896)
 4월 26 20:34:58 alveo-dev kernel: rtc_cmos rtc_cmos: alarms up to one month, y3k, 114 bytes nvram, hpet irqs
 4월 26 20:34:58 alveo-dev kernel: i2c /dev entries driver
 4월 26 20:34:58 alveo-dev kernel: device-mapper: uevent: version 1.0.3
 4월 26 20:34:58 alveo-dev kernel: device-mapper: ioctl: 4.43.0-ioctl (2020-10-01) initialised: dm-devel@redhat.com
 4월 26 20:34:58 alveo-dev kernel: platform eisa.0: Probing EISA bus 0
 4월 26 20:34:58 alveo-dev kernel: platform eisa.0: EISA: Cannot allocate resource for mainboard
 4월 26 20:34:58 alveo-dev kernel: platform eisa.0: Cannot allocate resource for EISA slot 1
 4월 26 20:34:58 alveo-dev kernel: platform eisa.0: Cannot allocate resource for EISA slot 2
 4월 26 20:34:58 alveo-dev kernel: platform eisa.0: Cannot allocate resource for EISA slot 3
 4월 26 20:34:58 alveo-dev kernel: platform eisa.0: Cannot allocate resource for EISA slot 4
 4월 26 20:34:58 alveo-dev kernel: platform eisa.0: Cannot allocate resource for EISA slot 5
 4월 26 20:34:58 alveo-dev kernel: platform eisa.0: Cannot allocate resource for EISA slot 6
 4월 26 20:34:58 alveo-dev kernel: platform eisa.0: Cannot allocate resource for EISA slot 7
 4월 26 20:34:58 alveo-dev kernel: platform eisa.0: Cannot allocate resource for EISA slot 8
 4월 26 20:34:58 alveo-dev kernel: platform eisa.0: EISA: Detected 0 cards
 4월 26 20:34:58 alveo-dev kernel: intel_pstate: Intel P-state driver initializing
 4월 26 20:34:58 alveo-dev kernel: intel_pstate: HWP enabled
 4월 26 20:34:58 alveo-dev kernel: ledtrig-cpu: registered to indicate activity on CPUs
 4월 26 20:34:58 alveo-dev kernel: EFI Variables Facility v0.08 2004-May-17
 4월 26 20:34:58 alveo-dev kernel: intel_pmc_core INT33A1:00:  initialized
 4월 26 20:34:58 alveo-dev kernel: drop_monitor: Initializing network drop monitor service
 4월 26 20:34:58 alveo-dev kernel: NET: Registered protocol family 10
 4월 26 20:34:58 alveo-dev kernel: Segment Routing with IPv6
 4월 26 20:34:58 alveo-dev kernel: NET: Registered protocol family 17
 4월 26 20:34:58 alveo-dev kernel: Key type dns_resolver registered
 4월 26 20:34:58 alveo-dev kernel: microcode: sig=0xa0655, pf=0x2, revision=0xe2
 4월 26 20:34:58 alveo-dev kernel: microcode: Microcode Update Driver: v2.2.
 4월 26 20:34:58 alveo-dev kernel: IPI shorthand broadcast: enabled
 4월 26 20:34:58 alveo-dev kernel: sched_clock: Marking stable (662781182, 510781)->(691106080, -27814117)
 4월 26 20:34:58 alveo-dev kernel: registered taskstats version 1
 4월 26 20:34:58 alveo-dev kernel: Loading compiled-in X.509 certificates
 4월 26 20:34:58 alveo-dev kernel: Loaded X.509 cert 'Build time autogenerated kernel key: ad2cda574a88563778454a1744b9a30ce1eba68c'
 4월 26 20:34:58 alveo-dev kernel: zswap: loaded using pool lzo/zbud
 4월 26 20:34:58 alveo-dev kernel: Key type ._fscrypt registered
 4월 26 20:34:58 alveo-dev kernel: Key type .fscrypt registered
 4월 26 20:34:58 alveo-dev kernel: Key type fscrypt-provisioning registered
 4월 26 20:34:58 alveo-dev kernel: Key type encrypted registered
 4월 26 20:34:58 alveo-dev kernel: AppArmor: AppArmor sha1 policy hashing enabled
 4월 26 20:34:58 alveo-dev kernel: integrity: Loading X.509 certificate: UEFI:db
 4월 26 20:34:58 alveo-dev kernel: integrity: Loaded X.509 cert 'ASUSTeK MotherBoard SW Key Certificate: da83b990422ebc8c441f8d8b039a65a2'
 4월 26 20:34:58 alveo-dev kernel: integrity: Loading X.509 certificate: UEFI:db
 4월 26 20:34:58 alveo-dev kernel: integrity: Loaded X.509 cert 'ASUSTeK Notebook SW Key Certificate: b8e581e4df77a5bb4282d5ccfc00c071'
 4월 26 20:34:58 alveo-dev kernel: integrity: Loading X.509 certificate: UEFI:db
 4월 26 20:34:58 alveo-dev kernel: integrity: Loaded X.509 cert 'Microsoft Corporation UEFI CA 2011: 13adbf4309bd82709c8cd54f316ed522988a1bd4'
 4월 26 20:34:58 alveo-dev kernel: integrity: Loading X.509 certificate: UEFI:db
 4월 26 20:34:58 alveo-dev kernel: integrity: Loaded X.509 cert 'Microsoft Windows Production PCA 2011: a92902398e16c49778cd90f99e4f9ae17c55af53'
 4월 26 20:34:58 alveo-dev kernel: integrity: Loading X.509 certificate: UEFI:db
 4월 26 20:34:58 alveo-dev kernel: integrity: Loaded X.509 cert 'Canonical Ltd. Master Certificate Authority: ad91990bc22ab1f517048c23b6655a268e345a63'
 4월 26 20:34:58 alveo-dev kernel: integrity: Loading X.509 certificate: UEFI:MokListRT
 4월 26 20:34:58 alveo-dev kernel: integrity: Loaded X.509 cert 'LENGOCLINH: f49991bb43b2a8ed1461599aa4822108528127ed'
 4월 26 20:34:58 alveo-dev kernel: integrity: Loading X.509 certificate: UEFI:MokListRT
 4월 26 20:34:58 alveo-dev kernel: integrity: Loaded X.509 cert 'SomeOrg: shim: a01ee84e9b37ace407961cc468c5909447878469'
 4월 26 20:34:58 alveo-dev kernel: integrity: Loading X.509 certificate: UEFI:MokListRT
 4월 26 20:34:58 alveo-dev kernel: integrity: Loaded X.509 cert 'Canonical Ltd. Master Certificate Authority: ad91990bc22ab1f517048c23b6655a268e345a63'
 4월 26 20:34:58 alveo-dev kernel: ima: No TPM chip found, activating TPM-bypass!
 4월 26 20:34:58 alveo-dev kernel: ima: Allocated hash algorithm: sha1
 4월 26 20:34:58 alveo-dev kernel: ima: No architecture policies found
 4월 26 20:34:58 alveo-dev kernel: evm: Initialising EVM extended attributes:
 4월 26 20:34:58 alveo-dev kernel: evm: security.selinux
 4월 26 20:34:58 alveo-dev kernel: evm: security.SMACK64
 4월 26 20:34:58 alveo-dev kernel: evm: security.SMACK64EXEC
 4월 26 20:34:58 alveo-dev kernel: evm: security.SMACK64TRANSMUTE
 4월 26 20:34:58 alveo-dev kernel: evm: security.SMACK64MMAP
 4월 26 20:34:58 alveo-dev kernel: evm: security.apparmor
 4월 26 20:34:58 alveo-dev kernel: evm: security.ima
 4월 26 20:34:58 alveo-dev kernel: evm: security.capability
 4월 26 20:34:58 alveo-dev kernel: evm: HMAC attrs: 0x1
 4월 26 20:34:58 alveo-dev kernel: PM:   Magic number: 1:138:581
 4월 26 20:34:58 alveo-dev kernel: pci_bus 0000:02: hash matches
 4월 26 20:34:58 alveo-dev kernel: RAS: Correctable Errors collector initialized.
 4월 26 20:34:58 alveo-dev kernel: Freeing unused decrypted memory: 2036K
 4월 26 20:34:58 alveo-dev kernel: Freeing unused kernel image (initmem) memory: 2676K
 4월 26 20:34:58 alveo-dev kernel: Write protecting the kernel read-only data: 28672k
 4월 26 20:34:58 alveo-dev kernel: Freeing unused kernel image (text/rodata gap) memory: 2036K
 4월 26 20:34:58 alveo-dev kernel: Freeing unused kernel image (rodata/data gap) memory: 1160K
 4월 26 20:34:58 alveo-dev kernel: x86/mm: Checked W+X mappings: passed, no W+X pages found.
 4월 26 20:34:58 alveo-dev kernel: Run /init as init process
 4월 26 20:34:58 alveo-dev kernel:   with arguments:
 4월 26 20:34:58 alveo-dev kernel:     /init
 4월 26 20:34:58 alveo-dev kernel:     splash
 4월 26 20:34:58 alveo-dev kernel:   with environment:
 4월 26 20:34:58 alveo-dev kernel:     HOME=/
 4월 26 20:34:58 alveo-dev kernel:     TERM=linux
 4월 26 20:34:58 alveo-dev kernel:     BOOT_IMAGE=/boot/vmlinuz-5.11.0-051100-generic.signed
 4월 26 20:34:58 alveo-dev kernel: acpi PNP0C14:01: duplicate WMI GUID 05901221-D566-11D1-B2F0-00A0C9062910 (first instance was on PNP0C14:00)
 4월 26 20:34:58 alveo-dev kernel: acpi PNP0C14:02: duplicate WMI GUID 05901221-D566-11D1-B2F0-00A0C9062910 (first instance was on PNP0C14:00)
 4월 26 20:34:58 alveo-dev kernel: acpi PNP0C14:03: duplicate WMI GUID 05901221-D566-11D1-B2F0-00A0C9062910 (first instance was on PNP0C14:00)
 4월 26 20:34:58 alveo-dev kernel: acpi PNP0C14:04: duplicate WMI GUID 05901221-D566-11D1-B2F0-00A0C9062910 (first instance was on PNP0C14:00)
 4월 26 20:34:58 alveo-dev kernel: acpi PNP0C14:05: duplicate WMI GUID 05901221-D566-11D1-B2F0-00A0C9062910 (first instance was on PNP0C14:00)
 4월 26 20:34:58 alveo-dev kernel: acpi PNP0C14:06: duplicate WMI GUID 97845ED0-4E6D-11DE-8A39-0800200C9A66 (first instance was on PNP0C14:02)
 4월 26 20:34:58 alveo-dev kernel: acpi PNP0C14:06: duplicate WMI GUID 05901221-D566-11D1-B2F0-00A0C9062910 (first instance was on PNP0C14:00)
 4월 26 20:34:58 alveo-dev kernel: xhci_hcd 0000:00:14.0: xHCI Host Controller
 4월 26 20:34:58 alveo-dev kernel: xhci_hcd 0000:00:14.0: new USB bus registered, assigned bus number 1
 4월 26 20:34:58 alveo-dev kernel: Intel(R) 2.5G Ethernet Linux Driver
 4월 26 20:34:58 alveo-dev kernel: Copyright(c) 2018 Intel Corporation.
 4월 26 20:34:58 alveo-dev kernel: igc 0000:03:00.0: enabling device (0000 -> 0002)
 4월 26 20:34:58 alveo-dev kernel: igc 0000:03:00.0: no suspend buffer for PTM
 4월 26 20:34:58 alveo-dev kernel: ahci 0000:00:17.0: version 3.0
 4월 26 20:34:58 alveo-dev kernel: i801_smbus 0000:00:1f.4: SPD Write Disable is set
 4월 26 20:34:58 alveo-dev kernel: xhci_hcd 0000:00:14.0: hcc params 0x20007fc1 hci version 0x120 quirks 0x0000000000009810
 4월 26 20:34:58 alveo-dev kernel: i801_smbus 0000:00:1f.4: SMBus using PCI interrupt
 4월 26 20:34:58 alveo-dev kernel: ahci 0000:00:17.0: AHCI 0001.0301 32 slots 4 ports 6 Gbps 0xf impl SATA mode
 4월 26 20:34:58 alveo-dev kernel: ahci 0000:00:17.0: flags: 64bit ncq sntf clo only pio slum part ems deso sadm sds 
 4월 26 20:34:58 alveo-dev kernel: usb usb1: New USB device found, idVendor=1d6b, idProduct=0002, bcdDevice= 5.11
 4월 26 20:34:58 alveo-dev kernel: usb usb1: New USB device strings: Mfr=3, Product=2, SerialNumber=1
 4월 26 20:34:58 alveo-dev kernel: usb usb1: Product: xHCI Host Controller
 4월 26 20:34:58 alveo-dev kernel: usb usb1: Manufacturer: Linux 5.11.0-051100-generic xhci-hcd
 4월 26 20:34:58 alveo-dev kernel: usb usb1: SerialNumber: 0000:00:14.0
 4월 26 20:34:58 alveo-dev kernel: hub 1-0:1.0: USB hub found
 4월 26 20:34:58 alveo-dev kernel: hub 1-0:1.0: 16 ports detected
 4월 26 20:34:58 alveo-dev kernel: nvme 0000:01:00.0: platform quirk: setting simple suspend
 4월 26 20:34:58 alveo-dev kernel: nvme nvme0: pci function 0000:01:00.0
 4월 26 20:34:58 alveo-dev kernel: i2c i2c-0: 2/4 memory slots populated (from DMI)
 4월 26 20:34:58 alveo-dev kernel: xhci_hcd 0000:00:14.0: xHCI Host Controller
 4월 26 20:34:58 alveo-dev kernel: xhci_hcd 0000:00:14.0: new USB bus registered, assigned bus number 2
 4월 26 20:34:58 alveo-dev kernel: xhci_hcd 0000:00:14.0: Host supports USB 3.2 Enhanced SuperSpeed
 4월 26 20:34:58 alveo-dev kernel: usb usb2: New USB device found, idVendor=1d6b, idProduct=0003, bcdDevice= 5.11
 4월 26 20:34:58 alveo-dev kernel: usb usb2: New USB device strings: Mfr=3, Product=2, SerialNumber=1
 4월 26 20:34:58 alveo-dev kernel: usb usb2: Product: xHCI Host Controller
 4월 26 20:34:58 alveo-dev kernel: usb usb2: Manufacturer: Linux 5.11.0-051100-generic xhci-hcd
 4월 26 20:34:58 alveo-dev kernel: usb usb2: SerialNumber: 0000:00:14.0
 4월 26 20:34:58 alveo-dev kernel: i2c i2c-0: Successfully instantiated SPD at 0x50
 4월 26 20:34:58 alveo-dev kernel: hub 2-0:1.0: USB hub found
 4월 26 20:34:58 alveo-dev kernel: hub 2-0:1.0: 9 ports detected
 4월 26 20:34:58 alveo-dev kernel: i2c i2c-0: Successfully instantiated SPD at 0x51
 4월 26 20:34:58 alveo-dev kernel: nvme nvme0: missing or invalid SUBNQN field.
 4월 26 20:34:58 alveo-dev kernel: nvme nvme0: Shutdown timeout set to 8 seconds
 4월 26 20:34:58 alveo-dev kernel: intel-lpss 0000:00:15.0: enabling device (0004 -> 0006)
 4월 26 20:34:58 alveo-dev kernel: idma64 idma64.0: Found Intel integrated DMA 64-bit
 4월 26 20:34:58 alveo-dev kernel: nvme nvme0: 20/0/0 default/read/poll queues
 4월 26 20:34:58 alveo-dev kernel:  nvme0n1: p1 p2 p3 p4 p5
 4월 26 20:34:58 alveo-dev kernel: scsi host0: ahci
 4월 26 20:34:58 alveo-dev kernel: scsi host1: ahci
 4월 26 20:34:58 alveo-dev kernel: scsi host2: ahci
 4월 26 20:34:58 alveo-dev kernel: scsi host3: ahci
 4월 26 20:34:58 alveo-dev kernel: ata1: SATA max UDMA/133 abar m2048@0xa0502000 port 0xa0502100 irq 126
 4월 26 20:34:58 alveo-dev kernel: ata2: SATA max UDMA/133 abar m2048@0xa0502000 port 0xa0502180 irq 126
 4월 26 20:34:58 alveo-dev kernel: ata3: SATA max UDMA/133 abar m2048@0xa0502000 port 0xa0502200 irq 126
 4월 26 20:34:58 alveo-dev kernel: ata4: SATA max UDMA/133 abar m2048@0xa0502000 port 0xa0502280 irq 126
 4월 26 20:34:58 alveo-dev kernel: intel-lpss 0000:00:15.1: enabling device (0004 -> 0006)
 4월 26 20:34:58 alveo-dev kernel: idma64 idma64.1: Found Intel integrated DMA 64-bit
 4월 26 20:34:58 alveo-dev kernel: igc 0000:03:00.0 (unnamed net_device) (uninitialized): PHC added
 4월 26 20:34:58 alveo-dev kernel: igc 0000:03:00.0: 4.000 Gb/s available PCIe bandwidth (5.0 GT/s PCIe x1 link)
 4월 26 20:34:58 alveo-dev kernel: igc 0000:03:00.0 eth0: MAC: f0:2f:74:d9:1e:45
 4월 26 20:34:58 alveo-dev kernel: igc 0000:03:00.0 enp3s0: renamed from eth0
 4월 26 20:34:58 alveo-dev kernel: usb 1-6: new high-speed USB device number 2 using xhci_hcd
 4월 26 20:34:58 alveo-dev kernel: ata1: SATA link up 6.0 Gbps (SStatus 133 SControl 300)
 4월 26 20:34:58 alveo-dev kernel: ata2: SATA link down (SStatus 4 SControl 300)
 4월 26 20:34:58 alveo-dev kernel: ata3: SATA link down (SStatus 4 SControl 300)
 4월 26 20:34:58 alveo-dev kernel: ata4: SATA link down (SStatus 4 SControl 300)
 4월 26 20:34:58 alveo-dev kernel: ata1.00: ATA-10: ST2000DM008-2FR102, 0001, max UDMA/133
 4월 26 20:34:58 alveo-dev kernel: ata1.00: 3907029168 sectors, multi 16: LBA48 NCQ (depth 32), AA
 4월 26 20:34:58 alveo-dev kernel: ata1.00: configured for UDMA/133
 4월 26 20:34:58 alveo-dev kernel: scsi 0:0:0:0: Direct-Access     ATA      ST2000DM008-2FR1 0001 PQ: 0 ANSI: 5
 4월 26 20:34:58 alveo-dev kernel: sd 0:0:0:0: Attached scsi generic sg0 type 0
 4월 26 20:34:58 alveo-dev kernel: sd 0:0:0:0: [sda] 3907029168 512-byte logical blocks: (2.00 TB/1.82 TiB)
 4월 26 20:34:58 alveo-dev kernel: sd 0:0:0:0: [sda] 4096-byte physical blocks
 4월 26 20:34:58 alveo-dev kernel: sd 0:0:0:0: [sda] Write Protect is off
 4월 26 20:34:58 alveo-dev kernel: sd 0:0:0:0: [sda] Mode Sense: 00 3a 00 00
 4월 26 20:34:58 alveo-dev kernel: sd 0:0:0:0: [sda] Write cache: enabled, read cache: enabled, doesn't support DPO or FUA
 4월 26 20:34:58 alveo-dev kernel:  sda: sda1
 4월 26 20:34:58 alveo-dev kernel: usb 1-6: New USB device found, idVendor=05e3, idProduct=0610, bcdDevice=60.60
 4월 26 20:34:58 alveo-dev kernel: usb 1-6: New USB device strings: Mfr=0, Product=1, SerialNumber=0
 4월 26 20:34:58 alveo-dev kernel: usb 1-6: Product: USB2.0 Hub
 4월 26 20:34:58 alveo-dev kernel: sd 0:0:0:0: [sda] Attached SCSI disk
 4월 26 20:34:58 alveo-dev kernel: hub 1-6:1.0: USB hub found
 4월 26 20:34:58 alveo-dev kernel: hub 1-6:1.0: 4 ports detected
 4월 26 20:34:58 alveo-dev kernel: usb 1-13: new full-speed USB device number 3 using xhci_hcd
 4월 26 20:34:58 alveo-dev kernel: tsc: Refined TSC clocksource calibration: 3695.998 MHz
 4월 26 20:34:58 alveo-dev kernel: clocksource: tsc: mask: 0xffffffffffffffff max_cycles: 0x6a8d2284b57, max_idle_ns: 881590451434 ns
 4월 26 20:34:58 alveo-dev kernel: clocksource: Switched to clocksource tsc
 4월 26 20:34:58 alveo-dev kernel: usb 1-13: config 1 has an invalid interface number: 2 but max is 1
 4월 26 20:34:58 alveo-dev kernel: usb 1-13: config 1 has no interface number 1
 4월 26 20:34:58 alveo-dev kernel: usb 1-13: New USB device found, idVendor=0b05, idProduct=19af, bcdDevice= 1.00
 4월 26 20:34:58 alveo-dev kernel: usb 1-13: New USB device strings: Mfr=1, Product=2, SerialNumber=3
 4월 26 20:34:58 alveo-dev kernel: usb 1-13: Product: AURA LED Controller
 4월 26 20:34:58 alveo-dev kernel: usb 1-13: Manufacturer: AsusTek Computer Inc.
 4월 26 20:34:58 alveo-dev kernel: usb 1-13: SerialNumber: 9876543210
 4월 26 20:34:58 alveo-dev kernel: usb 1-6.1: new full-speed USB device number 4 using xhci_hcd
 4월 26 20:34:58 alveo-dev kernel: usb 1-6.1: New USB device found, idVendor=413c, idProduct=301d, bcdDevice= 0.12
 4월 26 20:34:58 alveo-dev kernel: usb 1-6.1: New USB device strings: Mfr=1, Product=2, SerialNumber=0
 4월 26 20:34:58 alveo-dev kernel: usb 1-6.1: Product: Dell Universal Receiver
 4월 26 20:34:58 alveo-dev kernel: usb 1-6.1: Manufacturer: Dell
 4월 26 20:34:58 alveo-dev kernel: usb 1-14: new full-speed USB device number 5 using xhci_hcd
 4월 26 20:34:58 alveo-dev kernel: usb 1-14: New USB device found, idVendor=8087, idProduct=0026, bcdDevice= 0.02
 4월 26 20:34:58 alveo-dev kernel: usb 1-14: New USB device strings: Mfr=0, Product=0, SerialNumber=0
 4월 26 20:34:58 alveo-dev kernel: hid: raw HID events driver (C) Jiri Kosina
 4월 26 20:34:58 alveo-dev kernel: usbcore: registered new interface driver usbhid
 4월 26 20:34:58 alveo-dev kernel: usbhid: USB HID core driver
 4월 26 20:34:58 alveo-dev kernel: hid-generic 0003:0B05:19AF.0001: hiddev0,hidraw0: USB HID v1.11 Device [AsusTek Computer Inc. AURA LED Controller] on usb-0000:00:14.0-13/input2
 4월 26 20:34:58 alveo-dev kernel: input: Dell Dell Universal Receiver as /devices/pci0000:00/0000:00:14.0/usb1/1-6/1-6.1/1-6.1:1.0/0003:413C:301D.0002/input/input3
 4월 26 20:34:58 alveo-dev kernel: hid-generic 0003:413C:301D.0002: input,hidraw1: USB HID v1.11 Keyboard [Dell Dell Universal Receiver] on usb-0000:00:14.0-6.1/input0
 4월 26 20:34:58 alveo-dev kernel: input: Dell Dell Universal Receiver Mouse as /devices/pci0000:00/0000:00:14.0/usb1/1-6/1-6.1/1-6.1:1.1/0003:413C:301D.0003/input/input4
 4월 26 20:34:58 alveo-dev kernel: input: Dell Dell Universal Receiver Consumer Control as /devices/pci0000:00/0000:00:14.0/usb1/1-6/1-6.1/1-6.1:1.1/0003:413C:301D.0003/input/input5
 4월 26 20:34:58 alveo-dev kernel: input: Dell Dell Universal Receiver System Control as /devices/pci0000:00/0000:00:14.0/usb1/1-6/1-6.1/1-6.1:1.1/0003:413C:301D.0003/input/input6
 4월 26 20:34:58 alveo-dev kernel: hid-generic 0003:413C:301D.0003: input,hidraw2: USB HID v1.11 Mouse [Dell Dell Universal Receiver] on usb-0000:00:14.0-6.1/input1
 4월 26 20:34:58 alveo-dev kernel: hid-generic 0003:413C:301D.0004: hiddev1,hidraw3: USB HID v1.11 Device [Dell Dell Universal Receiver] on usb-0000:00:14.0-6.1/input2
 4월 26 20:34:58 alveo-dev kernel: EXT4-fs (nvme0n1p5): mounted filesystem with ordered data mode. Opts: (null). Quota mode: none.
 4월 26 20:34:58 alveo-dev systemd[1]: Inserted module 'autofs4'
 4월 26 20:34:58 alveo-dev systemd[1]: systemd 245.4-4ubuntu3.6 running in system mode. (+PAM +AUDIT +SELINUX +IMA +APPARMOR +SMACK +SYSVINIT +UTMP +LIBCRYPTSETUP +GCRYPT +GNUTLS +ACL +XZ +LZ4 +SECCOMP +BLKID +ELFUTILS +KMOD +IDN2 -IDN +PCRE2 default-hierarchy=hybrid)
 4월 26 20:34:58 alveo-dev systemd[1]: Detected architecture x86-64.
 4월 26 20:34:58 alveo-dev systemd[1]: Set hostname to <alveo-dev>.
 4월 26 20:34:58 alveo-dev systemd[1]: Created slice system-modprobe.slice.
 4월 26 20:34:58 alveo-dev systemd[1]: Created slice system-systemd\x2dfsck.slice.
 4월 26 20:34:58 alveo-dev systemd[1]: Created slice User and Session Slice.
 4월 26 20:34:58 alveo-dev systemd[1]: Started Forward Password Requests to Wall Directory Watch.
 4월 26 20:34:58 alveo-dev systemd[1]: Set up automount Arbitrary Executable File Formats File System Automount Point.
 4월 26 20:34:58 alveo-dev systemd[1]: Reached target User and Group Name Lookups.
 4월 26 20:34:58 alveo-dev systemd[1]: Reached target Remote File Systems.
 4월 26 20:34:58 alveo-dev systemd[1]: Reached target Slices.
 4월 26 20:34:58 alveo-dev systemd[1]: Listening on Syslog Socket.
 4월 26 20:34:58 alveo-dev systemd[1]: Listening on fsck to fsckd communication Socket.
 4월 26 20:34:58 alveo-dev systemd[1]: Listening on initctl Compatibility Named Pipe.
 4월 26 20:34:58 alveo-dev systemd[1]: Listening on Journal Audit Socket.
 4월 26 20:34:58 alveo-dev systemd[1]: Listening on Journal Socket (/dev/log).
 4월 26 20:34:58 alveo-dev systemd[1]: Listening on Journal Socket.
 4월 26 20:34:58 alveo-dev systemd[1]: Listening on udev Control Socket.
 4월 26 20:34:58 alveo-dev systemd[1]: Listening on udev Kernel Socket.
 4월 26 20:34:58 alveo-dev systemd[1]: Mounting Huge Pages File System...
 4월 26 20:34:58 alveo-dev systemd[1]: Mounting POSIX Message Queue File System...
 4월 26 20:34:58 alveo-dev systemd[1]: Mounting Kernel Debug File System...
 4월 26 20:34:58 alveo-dev systemd[1]: Mounting Kernel Trace File System...
 4월 26 20:34:58 alveo-dev systemd[1]: Starting Journal Service...
 4월 26 20:34:58 alveo-dev systemd[1]: Starting Set the console keyboard layout...
 4월 26 20:34:58 alveo-dev systemd[1]: Starting Create list of static device nodes for the current kernel...
 4월 26 20:34:58 alveo-dev systemd[1]: Starting Load Kernel Module drm...
 4월 26 20:34:58 alveo-dev systemd[1]: Condition check resulted in Set Up Additional Binary Formats being skipped.
 4월 26 20:34:58 alveo-dev systemd[1]: Condition check resulted in File System Check on Root Device being skipped.
 4월 26 20:34:58 alveo-dev systemd[1]: Starting Load Kernel Modules...
 4월 26 20:34:58 alveo-dev systemd[1]: Starting Remount Root and Kernel File Systems...
 4월 26 20:34:58 alveo-dev systemd[1]: Starting udev Coldplug all Devices...
 4월 26 20:34:58 alveo-dev systemd[1]: Starting Uncomplicated firewall...
 4월 26 20:34:58 alveo-dev systemd[1]: Mounted Huge Pages File System.
 4월 26 20:34:58 alveo-dev systemd[1]: Mounted POSIX Message Queue File System.
 4월 26 20:34:58 alveo-dev systemd[1]: Mounted Kernel Debug File System.
 4월 26 20:34:58 alveo-dev systemd[1]: Mounted Kernel Trace File System.
 4월 26 20:34:58 alveo-dev systemd[1]: Finished Create list of static device nodes for the current kernel.
 4월 26 20:34:58 alveo-dev systemd[1]: Finished Uncomplicated firewall.
 4월 26 20:34:58 alveo-dev systemd[1]: modprobe@drm.service: Succeeded.
 4월 26 20:34:58 alveo-dev systemd[1]: Finished Load Kernel Module drm.
 4월 26 20:34:58 alveo-dev kernel: EXT4-fs (nvme0n1p5): re-mounted. Opts: errors=remount-ro. Quota mode: none.
 4월 26 20:34:58 alveo-dev systemd[1]: Finished Remount Root and Kernel File Systems.
 4월 26 20:34:58 alveo-dev systemd[1]: Activating swap /swapfile...
 4월 26 20:34:58 alveo-dev systemd[1]: Condition check resulted in Rebuild Hardware Database being skipped.
 4월 26 20:34:58 alveo-dev systemd[1]: Condition check resulted in Platform Persistent Storage Archival being skipped.
 4월 26 20:34:58 alveo-dev kernel: lp: driver loaded but no devices found
 4월 26 20:34:58 alveo-dev systemd[1]: Starting Load/Save Random Seed...
 4월 26 20:34:58 alveo-dev systemd[1]: Starting Create System Users...
 4월 26 20:34:58 alveo-dev kernel: ppdev: user-space parallel port driver
 4월 26 20:34:58 alveo-dev systemd[1]: Finished Load Kernel Modules.
 4월 26 20:34:58 alveo-dev systemd[1]: Mounting FUSE Control File System...
 4월 26 20:34:58 alveo-dev systemd[1]: Mounting Kernel Configuration File System...
 4월 26 20:34:58 alveo-dev systemd[1]: Starting Apply Kernel Variables...
 4월 26 20:34:58 alveo-dev systemd[1]: Mounted FUSE Control File System.
 4월 26 20:34:58 alveo-dev systemd[1]: Mounted Kernel Configuration File System.
 4월 26 20:34:58 alveo-dev systemd[1]: Finished Create System Users.
 4월 26 20:34:58 alveo-dev systemd[1]: Starting Create Static Device Nodes in /dev...
 4월 26 20:34:58 alveo-dev systemd[1]: Finished Load/Save Random Seed.
 4월 26 20:34:58 alveo-dev systemd[1]: Finished Apply Kernel Variables.
 4월 26 20:34:58 alveo-dev systemd[1]: Finished Create Static Device Nodes in /dev.
 4월 26 20:34:58 alveo-dev systemd[1]: Starting udev Kernel Device Manager...
 4월 26 20:34:58 alveo-dev systemd[1]: Finished Set the console keyboard layout.
 4월 26 20:34:58 alveo-dev systemd[1]: Reached target Local File Systems (Pre).
 4월 26 20:34:58 alveo-dev systemd[1]: Mounting Mount unit for core18, revision 1988...
 4월 26 20:34:58 alveo-dev systemd[1]: Mounting Mount unit for gnome-3-34-1804, revision 66...
 4월 26 20:34:58 alveo-dev systemd[1]: Mounting Mount unit for gtk-common-themes, revision 1514...
 4월 26 20:34:58 alveo-dev kernel: loop0: detected capacity change from 113592 to 0
 4월 26 20:34:58 alveo-dev systemd-journald[409]: Journal started
 4월 26 20:34:58 alveo-dev systemd-journald[409]: Runtime Journal (/run/log/journal/806c0f62fde04d67a905aaad743f8b0b) is 8.0M, max 641.2M, 633.2M free.
 4월 26 20:34:58 alveo-dev systemd-modules-load[417]: Inserted module 'lp'
 4월 26 20:34:58 alveo-dev systemd-modules-load[417]: Inserted module 'ppdev'
 4월 26 20:34:58 alveo-dev systemd-modules-load[417]: Inserted module 'parport_pc'
 4월 26 20:34:58 alveo-dev systemd-sysctl[440]: Not setting net/ipv4/conf/all/promote_secondaries (explicit setting exists).
 4월 26 20:34:58 alveo-dev systemd-sysctl[440]: Not setting net/ipv4/conf/default/promote_secondaries (explicit setting exists).
 4월 26 20:34:58 alveo-dev systemd[1]: Mounting Mount unit for snap-store, revision 518...
 4월 26 20:34:58 alveo-dev systemd[1]: Mounting Mount unit for snapd, revision 11036...
 4월 26 20:34:58 alveo-dev systemd[1]: Started Journal Service.
 4월 26 20:34:58 alveo-dev systemd[1]: Starting Flush Journal to Persistent Storage...
 4월 26 20:34:58 alveo-dev systemd-journald[409]: Time spent on flushing to /var/log/journal/806c0f62fde04d67a905aaad743f8b0b is 3.522ms for 936 entries.
 4월 26 20:34:58 alveo-dev systemd-journald[409]: System Journal (/var/log/journal/806c0f62fde04d67a905aaad743f8b0b) is 672.0M, max 4.0G, 3.3G free.
 4월 26 20:34:58 alveo-dev kernel: Adding 2097148k swap on /swapfile.  Priority:-2 extents:6 across:2260988k SSFS
 4월 26 20:34:58 alveo-dev systemd[1]: Finished udev Coldplug all Devices.
 4월 26 20:34:58 alveo-dev systemd[1]: Started udev Kernel Device Manager.
 4월 26 20:34:58 alveo-dev systemd[1]: Starting Show Plymouth Boot Screen...
 4월 26 20:34:58 alveo-dev systemd[1]: Activated swap /swapfile.
 4월 26 20:34:58 alveo-dev systemd[1]: Reached target Swap.
 4월 26 20:34:58 alveo-dev systemd[1]: Received SIGRTMIN+20 from PID 475 (plymouthd).
 4월 26 20:34:58 alveo-dev systemd[1]: Finished Flush Journal to Persistent Storage.
 4월 26 20:34:58 alveo-dev systemd[1]: Started Show Plymouth Boot Screen.
 4월 26 20:34:58 alveo-dev systemd[1]: Condition check resulted in Dispatch Password Requests to Console Directory Watch being skipped.
 4월 26 20:34:58 alveo-dev systemd[1]: Started Forward Password Requests to Plymouth Directory Watch.
 4월 26 20:34:58 alveo-dev systemd[1]: Reached target Local Encrypted Volumes.
 4월 26 20:34:58 alveo-dev kernel: loop1: detected capacity change from 448496 to 0
 4월 26 20:34:58 alveo-dev kernel: loop2: detected capacity change from 63664 to 0
 4월 26 20:34:58 alveo-dev systemd[1]: Mounted Mount unit for core18, revision 1988.
 4월 26 20:34:58 alveo-dev systemd[1]: Mounted Mount unit for gnome-3-34-1804, revision 66.
 4월 26 20:34:58 alveo-dev kernel: loop3: detected capacity change from 132648 to 0
 4월 26 20:34:58 alveo-dev systemd-udevd[484]: Using default interface naming scheme 'v245'.
 4월 26 20:34:58 alveo-dev systemd-udevd[484]: ethtool: autonegotiation is unset or enabled, the speed and duplex are not writable.
 4월 26 20:34:58 alveo-dev mtp-probe[516]: checking bus 1, device 3: "/sys/devices/pci0000:00/0000:00:14.0/usb1/1-13"
 4월 26 20:34:58 alveo-dev mtp-probe[516]: bus: 1, device: 3 was not an MTP device
 4월 26 20:34:58 alveo-dev mtp-probe[519]: checking bus 1, device 4: "/sys/devices/pci0000:00/0000:00:14.0/usb1/1-6/1-6.1"
 4월 26 20:34:58 alveo-dev mtp-probe[519]: bus: 1, device: 4 was not an MTP device
 4월 26 20:34:58 alveo-dev kernel: loop4: detected capacity change from 104536 to 0
 4월 26 20:34:58 alveo-dev kernel: ee1004 0-0050: 512 byte EE1004-compliant SPD EEPROM, read-only
 4월 26 20:34:58 alveo-dev kernel: ee1004 0-0051: 512 byte EE1004-compliant SPD EEPROM, read-only
 4월 26 20:34:58 alveo-dev kernel: pstore: Using crash dump compression: deflate
 4월 26 20:34:58 alveo-dev kernel: pstore: Registered efi as persistent store backend
 4월 26 20:34:58 alveo-dev kernel: asus_wmi: ASUS WMI generic driver loaded
 4월 26 20:34:58 alveo-dev systemd[1]: Found device Samsung SSD 970 EVO Plus 1TB EFI\x20system\x20partition.
 4월 26 20:34:58 alveo-dev systemd[1]: Starting File System Check on /dev/disk/by-uuid/1CB0-11B4...
 4월 26 20:34:58 alveo-dev kernel: cfg80211: Loading compiled-in X.509 certificates for regulatory database
 4월 26 20:34:58 alveo-dev kernel: cfg80211: Loaded X.509 cert 'sforshee: 00b28ddf47aef9cea7'
 4월 26 20:34:58 alveo-dev kernel: mei_me 0000:00:16.0: enabling device (0000 -> 0002)
 4월 26 20:34:58 alveo-dev kernel: asus_wmi: SFUN value: 0x1
 4월 26 20:34:58 alveo-dev kernel: eeepc-wmi eeepc-wmi: Detected ATK, not ASUSWMI, use DSTS
 4월 26 20:34:58 alveo-dev kernel: input: Eee PC WMI hotkeys as /devices/platform/eeepc-wmi/input/input7
 4월 26 20:34:58 alveo-dev kernel: asus_wmi: SFUN value: 0x1
 4월 26 20:34:58 alveo-dev kernel: asus-nb-wmi asus-nb-wmi: Detected ATK, not ASUSWMI, use DSTS
 4월 26 20:34:58 alveo-dev kernel: asus-nb-wmi asus-nb-wmi: Detected ATK, enable event queue
 4월 26 20:34:58 alveo-dev kernel: asus_wmi: Failed to get WMI notify code: AE_NOT_FOUND
 4월 26 20:34:58 alveo-dev kernel: asus_wmi: Failed to get event during flush: -5
 4월 26 20:34:58 alveo-dev systemd[1]: Started File System Check Daemon to report status.
 4월 26 20:34:58 alveo-dev kernel: input: Asus WMI hotkeys as /devices/platform/asus-nb-wmi/input/input8
 4월 26 20:34:58 alveo-dev kernel: RAPL PMU: API unit is 2^-32 Joules, 4 fixed counters, 655360 ms ovfl timer
 4월 26 20:34:58 alveo-dev kernel: RAPL PMU: hw unit of domain pp0-core 2^-14 Joules
 4월 26 20:34:58 alveo-dev kernel: RAPL PMU: hw unit of domain package 2^-14 Joules
 4월 26 20:34:58 alveo-dev kernel: RAPL PMU: hw unit of domain dram 2^-14 Joules
 4월 26 20:34:58 alveo-dev kernel: RAPL PMU: hw unit of domain pp1-gpu 2^-14 Joules
 4월 26 20:34:58 alveo-dev kernel: Intel(R) Wireless WiFi driver for Linux
 4월 26 20:34:58 alveo-dev kernel: iwlwifi 0000:00:14.3: enabling device (0000 -> 0002)
 4월 26 20:34:58 alveo-dev kernel: iwlwifi 0000:00:14.3: Direct firmware load for iwlwifi-QuZ-a0-hr-b0-59.ucode failed with error -2
 4월 26 20:34:58 alveo-dev kernel: iwlwifi 0000:00:14.3: Direct firmware load for iwlwifi-QuZ-a0-hr-b0-58.ucode failed with error -2
 4월 26 20:34:58 alveo-dev kernel: Bluetooth: Core ver 2.22
 4월 26 20:34:58 alveo-dev kernel: iwlwifi 0000:00:14.3: Direct firmware load for iwlwifi-QuZ-a0-hr-b0-57.ucode failed with error -2
 4월 26 20:34:58 alveo-dev kernel: iwlwifi 0000:00:14.3: Direct firmware load for iwlwifi-QuZ-a0-hr-b0-56.ucode failed with error -2
 4월 26 20:34:58 alveo-dev kernel: NET: Registered protocol family 31
 4월 26 20:34:58 alveo-dev kernel: Bluetooth: HCI device and connection manager initialized
 4월 26 20:34:58 alveo-dev kernel: Bluetooth: HCI socket layer initialized
 4월 26 20:34:58 alveo-dev kernel: Bluetooth: L2CAP socket layer initialized
 4월 26 20:34:58 alveo-dev kernel: Bluetooth: SCO socket layer initialized
 4월 26 20:34:58 alveo-dev kernel: cryptd: max_cpu_qlen set to 1000
 4월 26 20:34:58 alveo-dev systemd[1]: Mounted Mount unit for gtk-common-themes, revision 1514.
 4월 26 20:34:58 alveo-dev systemd[1]: Mounted Mount unit for snapd, revision 11036.
 4월 26 20:34:58 alveo-dev kernel: iwlwifi 0000:00:14.3: api flags index 2 larger than supported by driver
 4월 26 20:34:58 alveo-dev kernel: iwlwifi 0000:00:14.3: TLV_FW_FSEQ_VERSION: FSEQ Version: 65.3.35.22
 4월 26 20:34:58 alveo-dev kernel: iwlwifi 0000:00:14.3: Found debug destination: EXTERNAL_DRAM
 4월 26 20:34:58 alveo-dev kernel: iwlwifi 0000:00:14.3: Found debug configuration: 0
 4월 26 20:34:58 alveo-dev kernel: iwlwifi 0000:00:14.3: loaded firmware version 55.d9698065.0 QuZ-a0-hr-b0-55.ucode op_mode iwlmvm
 4월 26 20:34:58 alveo-dev kernel: AVX2 version of gcm_enc/dec engaged.
 4월 26 20:34:58 alveo-dev kernel: AES CTR mode by8 optimization enabled
 4월 26 20:34:58 alveo-dev kernel: usbcore: registered new interface driver btusb
 4월 26 20:34:58 alveo-dev systemd[1]: Listening on Load/Save RF Kill Switch Status /dev/rfkill Watch.
 4월 26 20:34:58 alveo-dev systemd[1]: Starting Load/Save RF Kill Switch Status...
 4월 26 20:34:58 alveo-dev kernel: Bluetooth: hci0: Bootloader revision 0.4 build 0 week 30 2018
 4월 26 20:34:58 alveo-dev kernel: Bluetooth: hci0: Device revision is 2
 4월 26 20:34:58 alveo-dev kernel: Bluetooth: hci0: Secure boot is enabled
 4월 26 20:34:58 alveo-dev kernel: Bluetooth: hci0: OTP lock is enabled
 4월 26 20:34:58 alveo-dev kernel: Bluetooth: hci0: API lock is enabled
 4월 26 20:34:58 alveo-dev kernel: Bluetooth: hci0: Debug lock is disabled
 4월 26 20:34:58 alveo-dev kernel: Bluetooth: hci0: Minimum firmware build 1 week 10 2014
 4월 26 20:34:58 alveo-dev kernel: Bluetooth: hci0: Found device firmware: intel/ibt-19-0-4.sfi
 4월 26 20:34:58 alveo-dev systemd-udevd[479]: ethtool: autonegotiation is unset or enabled, the speed and duplex are not writable.
 4월 26 20:34:58 alveo-dev systemd-fsck[604]: fsck.fat 4.1 (2017-01-24)
 4월 26 20:34:58 alveo-dev systemd-fsck[604]: 0x41: Dirty bit is set. Fs was not properly unmounted and some data may be corrupt.
 4월 26 20:34:58 alveo-dev systemd-fsck[604]:  Automatically removing dirty bit.
 4월 26 20:34:58 alveo-dev systemd-fsck[604]: Performing changes.
 4월 26 20:34:58 alveo-dev systemd-fsck[604]: /dev/nvme0n1p1: 194 files, 35186/98304 clusters
 4월 26 20:34:58 alveo-dev systemd[1]: Mounted Mount unit for snap-store, revision 518.
 4월 26 20:34:58 alveo-dev systemd[1]: Finished File System Check on /dev/disk/by-uuid/1CB0-11B4.
 4월 26 20:34:58 alveo-dev systemd[1]: Mounting /boot/efi...
 4월 26 20:34:58 alveo-dev systemd[1]: Started Load/Save RF Kill Switch Status.
 4월 26 20:34:58 alveo-dev systemd[1]: Condition check resulted in Dispatch Password Requests to Console Directory Watch being skipped.
 4월 26 20:34:58 alveo-dev systemd[1]: Condition check resulted in Set Up Additional Binary Formats being skipped.
 4월 26 20:34:58 alveo-dev systemd[1]: Condition check resulted in File System Check on Root Device being skipped.
 4월 26 20:34:58 alveo-dev systemd[1]: Condition check resulted in Rebuild Hardware Database being skipped.
 4월 26 20:34:58 alveo-dev systemd[1]: Condition check resulted in Platform Persistent Storage Archival being skipped.
 4월 26 20:34:58 alveo-dev systemd[1]: Mounted /boot/efi.
 4월 26 20:34:58 alveo-dev kernel: iwlwifi 0000:00:14.3: Detected Intel(R) Wi-Fi 6 AX201 160MHz, REV=0x354
 4월 26 20:34:58 alveo-dev systemd[1]: Reached target Local File Systems.
 4월 26 20:34:58 alveo-dev systemd[1]: Starting Load AppArmor profiles...
 4월 26 20:34:58 alveo-dev systemd[1]: Starting Set console font and keymap...
 4월 26 20:34:58 alveo-dev systemd[1]: Starting Tell Plymouth To Write Out Runtime Data...
 4월 26 20:34:58 alveo-dev systemd[1]: Condition check resulted in Store a System Token in an EFI Variable being skipped.
 4월 26 20:34:58 alveo-dev systemd[1]: Condition check resulted in Commit a transient machine-id on disk being skipped.
 4월 26 20:34:58 alveo-dev kernel: ------------[ cut here ]------------
 4월 26 20:34:58 alveo-dev kernel: i915 0000:00:02.0: drm_WARN_ON(!IS_PLATFORM(dev_priv, INTEL_TIGERLAKE) && !IS_PLATFORM(dev_priv, INTEL_ROCKETLAKE))
 4월 26 20:34:58 alveo-dev kernel: WARNING: CPU: 17 PID: 451 at drivers/gpu/drm/i915/intel_pch.c:123 intel_pch_type+0x836/0x960 [i915]
 4월 26 20:34:58 alveo-dev kernel: Modules linked in: snd_compress ac97_bus iwlmvm(+) snd_pcm_dmaengine x86_pkg_temp_thermal intel_powerclamp mei_hdcp nls_iso8859_1 i915(+) fjes(-) snd_pcm mac80211 snd_seq_midi snd_seq_midi_event snd_rawmidi coretemp crct10dif_pclmul ghash_clmulni_intel btusb libarc4 aesni_intel btrtl btbcm btintel snd_seq crypto_simd cryptd glue_helper drm_kms_helper bluetooth iwlwifi snd_seq_device snd_timer cec rc_core i2c_algo_bit asus_nb_wmi eeepc_wmi fb_sys_fops snd rapl mei_me ecdh_generic syscopyarea asus_wmi joydev input_leds intel_cstate ecc efi_pstore wmi_bmof sparse_keymap soundcore sysfillrect ee1004 cfg80211 mei sysimgblt mac_hid acpi_pad acpi_tad sch_fq_codel parport_pc ppdev lp parport drm ip_tables x_tables autofs4 hid_generic usbhid hid crc32_pclmul nvme intel_lpss_pci ahci i2c_i801 nvme_core igc intel_lpss i2c_smbus xhci_pci idma64 libahci virt_dma xhci_pci_renesas wmi video pinctrl_tigerlake
 4월 26 20:34:58 alveo-dev kernel: CPU: 17 PID: 451 Comm: systemd-udevd Not tainted 5.11.0-051100-generic #202102142330
 4월 26 20:34:58 alveo-dev kernel: Hardware name: ASUS System Product Name/TUF GAMING Z590-PLUS WIFI, BIOS 0811 04/06/2021
 4월 26 20:34:58 alveo-dev kernel: RIP: 0010:intel_pch_type+0x836/0x960 [i915]
 4월 26 20:34:58 alveo-dev kernel: Code: 4c 8b 67 50 4d 85 e4 75 03 4c 8b 27 e8 13 78 8a c4 48 c7 c1 50 88 0a c1 4c 89 e2 48 c7 c7 4c 1c 0d c1 48 89 c6 e8 ba 52 cb c4 <0f> 0b e9 81 f9 ff ff 48 8b 7b 18 4c 8b 67 50 4d 85 e4 75 03 4c 8b
 4월 26 20:34:58 alveo-dev kernel: RSP: 0018:ffffac5e4085fa20 EFLAGS: 00010282
 4월 26 20:34:58 alveo-dev kernel: RAX: 0000000000000000 RBX: ffff9d6689440000 RCX: ffff9d759c458ac8
 4월 26 20:34:58 alveo-dev kernel: RDX: 00000000ffffffd8 RSI: 0000000000000027 RDI: ffff9d759c458ac0
 4월 26 20:34:58 alveo-dev kernel: RBP: ffffac5e4085fa30 R08: 0000000000000000 R09: ffffac5e4085f800
 4월 26 20:34:58 alveo-dev kernel: R10: ffffac5e4085f7f8 R11: ffffffff86d534c8 R12: ffff9d6682293c10
 4월 26 20:34:58 alveo-dev kernel: R13: ffff9d6689440000 R14: 0000000000004380 R15: 0000000000000039
 4월 26 20:34:58 alveo-dev kernel: FS:  00007f2070303880(0000) GS:ffff9d759c440000(0000) knlGS:0000000000000000
 4월 26 20:34:58 alveo-dev kernel: CS:  0010 DS: 0000 ES: 0000 CR0: 0000000080050033
 4월 26 20:34:58 alveo-dev kernel: CR2: 000055755d62d010 CR3: 000000010bc14005 CR4: 00000000007706e0
 4월 26 20:34:58 alveo-dev kernel: PKRU: 55555554
 4월 26 20:34:58 alveo-dev kernel: Call Trace:
 4월 26 20:34:58 alveo-dev kernel:  intel_detect_pch+0x65/0x1a0 [i915]
 4월 26 20:34:58 alveo-dev kernel:  i915_driver_early_probe+0x1a5/0x250 [i915]
 4월 26 20:34:58 alveo-dev kernel:  i915_driver_probe+0xaa/0x2f0 [i915]
 4월 26 20:34:58 alveo-dev kernel:  ? acpi_dev_found+0x66/0x70
 4월 26 20:34:58 alveo-dev kernel:  i915_pci_probe+0x58/0x140 [i915]
 4월 26 20:34:58 alveo-dev kernel:  local_pci_probe+0x48/0x80
 4월 26 20:34:58 alveo-dev kernel:  pci_call_probe+0x53/0xf0
 4월 26 20:34:58 alveo-dev kernel:  pci_device_probe+0xad/0xf0
 4월 26 20:34:58 alveo-dev kernel:  really_probe+0xff/0x460
 4월 26 20:34:58 alveo-dev kernel:  driver_probe_device+0xe9/0x160
 4월 26 20:34:58 alveo-dev kernel:  device_driver_attach+0xab/0xb0
 4월 26 20:34:58 alveo-dev kernel:  __driver_attach+0x8f/0x150
 4월 26 20:34:58 alveo-dev kernel:  ? device_driver_attach+0xb0/0xb0
 4월 26 20:34:58 alveo-dev kernel:  bus_for_each_dev+0x7e/0xc0
 4월 26 20:34:58 alveo-dev kernel:  driver_attach+0x1e/0x20
 4월 26 20:34:58 alveo-dev kernel:  bus_add_driver+0x135/0x1f0
 4월 26 20:34:58 alveo-dev kernel:  driver_register+0x91/0xf0
 4월 26 20:34:58 alveo-dev kernel:  __pci_register_driver+0x54/0x60
 4월 26 20:34:58 alveo-dev kernel:  i915_init+0x66/0x81 [i915]
 4월 26 20:34:58 alveo-dev kernel:  ? 0xffffffffc0d76000
 4월 26 20:34:58 alveo-dev kernel:  do_one_initcall+0x48/0x1d0
 4월 26 20:34:58 alveo-dev kernel:  ? kmem_cache_alloc_trace+0xf6/0x200
 4월 26 20:34:58 alveo-dev kernel:  ? do_init_module+0x28/0x280
 4월 26 20:34:58 alveo-dev kernel:  do_init_module+0x62/0x280
 4월 26 20:34:58 alveo-dev kernel:  load_module+0x687/0x700
 4월 26 20:34:58 alveo-dev kernel:  __do_sys_finit_module+0xc2/0x120
 4월 26 20:34:58 alveo-dev kernel:  __x64_sys_finit_module+0x1a/0x20
 4월 26 20:34:58 alveo-dev kernel:  do_syscall_64+0x38/0x90
 4월 26 20:34:58 alveo-dev kernel:  entry_SYSCALL_64_after_hwframe+0x44/0xa9
 4월 26 20:34:58 alveo-dev kernel: RIP: 0033:0x7f207088589d
 4월 26 20:34:58 alveo-dev kernel: Code: 00 c3 66 2e 0f 1f 84 00 00 00 00 00 90 f3 0f 1e fa 48 89 f8 48 89 f7 48 89 d6 48 89 ca 4d 89 c2 4d 89 c8 4c 8b 4c 24 08 0f 05 <48> 3d 01 f0 ff ff 73 01 c3 48 8b 0d c3 f5 0c 00 f7 d8 64 89 01 48
 4월 26 20:34:58 alveo-dev kernel: RSP: 002b:00007ffeadcd0938 EFLAGS: 00000246 ORIG_RAX: 0000000000000139
 4월 26 20:34:58 alveo-dev kernel: RAX: ffffffffffffffda RBX: 000055755d6105a0 RCX: 00007f207088589d
 4월 26 20:34:58 alveo-dev kernel: RDX: 0000000000000000 RSI: 00007f2070762ded RDI: 0000000000000015
 4월 26 20:34:58 alveo-dev kernel: RBP: 0000000000020000 R08: 0000000000000000 R09: 0000000000000000
 4월 26 20:34:58 alveo-dev kernel: R10: 0000000000000015 R11: 0000000000000246 R12: 00007f2070762ded
 4월 26 20:34:58 alveo-dev kernel: R13: 0000000000000000 R14: 000055755d6150a0 R15: 000055755d6105a0
 4월 26 20:34:58 alveo-dev kernel: ---[ end trace 3dc71b9f104f8e49 ]---
 4월 26 20:34:58 alveo-dev kernel: checking generic (4000000000 1fa4000) vs hw (6000000000 1000000)
 4월 26 20:34:58 alveo-dev kernel: checking generic (4000000000 1fa4000) vs hw (4000000000 10000000)
 4월 26 20:34:58 alveo-dev kernel: fb0: switching to inteldrmfb from EFI VGA
 4월 26 20:34:58 alveo-dev kernel: Console: switching to colour dummy device 80x25
 4월 26 20:34:58 alveo-dev kernel: i915 0000:00:02.0: vgaarb: deactivate vga console
 4월 26 20:34:58 alveo-dev kernel: i915 0000:00:02.0: vgaarb: changed VGA decodes: olddecodes=io+mem,decodes=io+mem:owns=io+mem
 4월 26 20:34:58 alveo-dev kernel: i915 0000:00:02.0: [drm] Finished loading DMC firmware i915/kbl_dmc_ver1_04.bin (v1.4)
 4월 26 20:34:58 alveo-dev kernel: mei_hdcp 0000:00:16.0-b638ab7e-94e2-4ea2-a552-d1c54b627f04: bound 0000:00:02.0 (ops i915_hdcp_component_ops [i915])
 4월 26 20:34:58 alveo-dev kernel: i915 0000:00:02.0: [drm] *ERROR* crtc 51: Can't calculate constants, dotclock = 0!
