-- Logs begin at Thu 2021-04-22 12:04:52 UTC, end at Fri 2021-04-23 00:34:05 UTC. --
Apr 23 00:33:14 alveo-dev kernel: Linux version 5.4.0-72-generic (buildd@lcy01-amd64-019) (gcc version 9.3.0 (Ubuntu 9.3.0-17ubuntu1~20.04)) #80-Ubuntu SMP Mon Apr 12 17:35:00 UTC 2021 (Ubuntu 5.4.0-72.80-generic 5.4.101)
Apr 23 00:33:14 alveo-dev kernel: Command line: BOOT_IMAGE=/boot/vmlinuz-5.4.0-72-generic root=UUID=1b3d24f8-0b9d-4c03-ab2f-cac74702f62f ro
Apr 23 00:33:14 alveo-dev kernel: KERNEL supported cpus:
Apr 23 00:33:14 alveo-dev kernel:   Intel GenuineIntel
Apr 23 00:33:14 alveo-dev kernel:   AMD AuthenticAMD
Apr 23 00:33:14 alveo-dev kernel:   Hygon HygonGenuine
Apr 23 00:33:14 alveo-dev kernel:   Centaur CentaurHauls
Apr 23 00:33:14 alveo-dev kernel:   zhaoxin   Shanghai  
Apr 23 00:33:14 alveo-dev kernel: x86/fpu: Supporting XSAVE feature 0x001: 'x87 floating point registers'
Apr 23 00:33:14 alveo-dev kernel: x86/fpu: Supporting XSAVE feature 0x002: 'SSE registers'
Apr 23 00:33:14 alveo-dev kernel: x86/fpu: Supporting XSAVE feature 0x004: 'AVX registers'
Apr 23 00:33:14 alveo-dev kernel: x86/fpu: Supporting XSAVE feature 0x008: 'MPX bounds registers'
Apr 23 00:33:14 alveo-dev kernel: x86/fpu: Supporting XSAVE feature 0x010: 'MPX CSR'
Apr 23 00:33:14 alveo-dev kernel: x86/fpu: Supporting XSAVE feature 0x200: 'Protection Keys User registers'
Apr 23 00:33:14 alveo-dev kernel: x86/fpu: xstate_offset[2]:  576, xstate_sizes[2]:  256
Apr 23 00:33:14 alveo-dev kernel: x86/fpu: xstate_offset[3]:  832, xstate_sizes[3]:   64
Apr 23 00:33:14 alveo-dev kernel: x86/fpu: xstate_offset[4]:  896, xstate_sizes[4]:   64
Apr 23 00:33:14 alveo-dev kernel: x86/fpu: xstate_offset[9]:  960, xstate_sizes[9]:    8
Apr 23 00:33:14 alveo-dev kernel: x86/fpu: Enabled xstate features 0x21f, context size is 968 bytes, using 'compacted' format.
Apr 23 00:33:14 alveo-dev kernel: BIOS-provided physical RAM map:
Apr 23 00:33:14 alveo-dev kernel: BIOS-e820: [mem 0x0000000000000000-0x000000000009dfff] usable
Apr 23 00:33:14 alveo-dev kernel: BIOS-e820: [mem 0x000000000009e000-0x000000000009efff] reserved
Apr 23 00:33:14 alveo-dev kernel: BIOS-e820: [mem 0x000000000009f000-0x000000000009ffff] usable
Apr 23 00:33:14 alveo-dev kernel: BIOS-e820: [mem 0x00000000000a0000-0x00000000000fffff] reserved
Apr 23 00:33:14 alveo-dev kernel: BIOS-e820: [mem 0x0000000000100000-0x0000000082a83fff] usable
Apr 23 00:33:14 alveo-dev kernel: BIOS-e820: [mem 0x0000000082a84000-0x0000000082a84fff] reserved
Apr 23 00:33:14 alveo-dev kernel: BIOS-e820: [mem 0x0000000082a85000-0x0000000097dd4fff] usable
Apr 23 00:33:14 alveo-dev kernel: BIOS-e820: [mem 0x0000000097dd5000-0x000000009a2d4fff] reserved
Apr 23 00:33:14 alveo-dev kernel: BIOS-e820: [mem 0x000000009a2d5000-0x000000009a554fff] ACPI data
Apr 23 00:33:14 alveo-dev kernel: BIOS-e820: [mem 0x000000009a555000-0x000000009a87efff] ACPI NVS
Apr 23 00:33:14 alveo-dev kernel: BIOS-e820: [mem 0x000000009a87f000-0x000000009bffefff] reserved
Apr 23 00:33:14 alveo-dev kernel: BIOS-e820: [mem 0x000000009bfff000-0x000000009bffffff] usable
Apr 23 00:33:14 alveo-dev kernel: BIOS-e820: [mem 0x000000009c000000-0x000000009f7fffff] reserved
Apr 23 00:33:14 alveo-dev kernel: BIOS-e820: [mem 0x00000000e0000000-0x00000000efffffff] reserved
Apr 23 00:33:14 alveo-dev kernel: BIOS-e820: [mem 0x00000000fe000000-0x00000000fe010fff] reserved
Apr 23 00:33:14 alveo-dev kernel: BIOS-e820: [mem 0x00000000fec00000-0x00000000fec00fff] reserved
Apr 23 00:33:14 alveo-dev kernel: BIOS-e820: [mem 0x00000000fed00000-0x00000000fed00fff] reserved
Apr 23 00:33:14 alveo-dev kernel: BIOS-e820: [mem 0x00000000fee00000-0x00000000fee00fff] reserved
Apr 23 00:33:14 alveo-dev kernel: BIOS-e820: [mem 0x00000000ff000000-0x00000000ffffffff] reserved
Apr 23 00:33:14 alveo-dev kernel: BIOS-e820: [mem 0x0000000100000000-0x000000105c7fffff] usable
Apr 23 00:33:14 alveo-dev kernel: NX (Execute Disable) protection: active
Apr 23 00:33:14 alveo-dev kernel: e820: update [mem 0x89e7b018-0x89e8b057] usable ==> usable
Apr 23 00:33:14 alveo-dev kernel: e820: update [mem 0x89e7b018-0x89e8b057] usable ==> usable
Apr 23 00:33:14 alveo-dev kernel: e820: update [mem 0x89e6b018-0x89e7a057] usable ==> usable
Apr 23 00:33:14 alveo-dev kernel: e820: update [mem 0x89e6b018-0x89e7a057] usable ==> usable
Apr 23 00:33:14 alveo-dev kernel: extended physical RAM map:
Apr 23 00:33:14 alveo-dev kernel: reserve setup_data: [mem 0x0000000000000000-0x000000000009dfff] usable
Apr 23 00:33:14 alveo-dev kernel: reserve setup_data: [mem 0x000000000009e000-0x000000000009efff] reserved
Apr 23 00:33:14 alveo-dev kernel: reserve setup_data: [mem 0x000000000009f000-0x000000000009ffff] usable
Apr 23 00:33:14 alveo-dev kernel: reserve setup_data: [mem 0x00000000000a0000-0x00000000000fffff] reserved
Apr 23 00:33:14 alveo-dev kernel: reserve setup_data: [mem 0x0000000000100000-0x0000000082a83fff] usable
Apr 23 00:33:14 alveo-dev kernel: reserve setup_data: [mem 0x0000000082a84000-0x0000000082a84fff] reserved
Apr 23 00:33:14 alveo-dev kernel: reserve setup_data: [mem 0x0000000082a85000-0x0000000089e6b017] usable
Apr 23 00:33:14 alveo-dev kernel: reserve setup_data: [mem 0x0000000089e6b018-0x0000000089e7a057] usable
Apr 23 00:33:14 alveo-dev kernel: reserve setup_data: [mem 0x0000000089e7a058-0x0000000089e7b017] usable
Apr 23 00:33:14 alveo-dev kernel: reserve setup_data: [mem 0x0000000089e7b018-0x0000000089e8b057] usable
Apr 23 00:33:14 alveo-dev kernel: reserve setup_data: [mem 0x0000000089e8b058-0x0000000097dd4fff] usable
Apr 23 00:33:14 alveo-dev kernel: reserve setup_data: [mem 0x0000000097dd5000-0x000000009a2d4fff] reserved
Apr 23 00:33:14 alveo-dev kernel: reserve setup_data: [mem 0x000000009a2d5000-0x000000009a554fff] ACPI data
Apr 23 00:33:14 alveo-dev kernel: reserve setup_data: [mem 0x000000009a555000-0x000000009a87efff] ACPI NVS
Apr 23 00:33:14 alveo-dev kernel: reserve setup_data: [mem 0x000000009a87f000-0x000000009bffefff] reserved
Apr 23 00:33:14 alveo-dev kernel: reserve setup_data: [mem 0x000000009bfff000-0x000000009bffffff] usable
Apr 23 00:33:14 alveo-dev kernel: reserve setup_data: [mem 0x000000009c000000-0x000000009f7fffff] reserved
Apr 23 00:33:14 alveo-dev kernel: reserve setup_data: [mem 0x00000000e0000000-0x00000000efffffff] reserved
Apr 23 00:33:14 alveo-dev kernel: reserve setup_data: [mem 0x00000000fe000000-0x00000000fe010fff] reserved
Apr 23 00:33:14 alveo-dev kernel: reserve setup_data: [mem 0x00000000fec00000-0x00000000fec00fff] reserved
Apr 23 00:33:14 alveo-dev kernel: reserve setup_data: [mem 0x00000000fed00000-0x00000000fed00fff] reserved
Apr 23 00:33:14 alveo-dev kernel: reserve setup_data: [mem 0x00000000fee00000-0x00000000fee00fff] reserved
Apr 23 00:33:14 alveo-dev kernel: reserve setup_data: [mem 0x00000000ff000000-0x00000000ffffffff] reserved
Apr 23 00:33:14 alveo-dev kernel: reserve setup_data: [mem 0x0000000100000000-0x000000105c7fffff] usable
Apr 23 00:33:14 alveo-dev kernel: efi: EFI v2.70 by American Megatrends
Apr 23 00:33:14 alveo-dev kernel: efi:  ACPI=0x9a554000  ACPI 2.0=0x9a554014  SMBIOS=0x9bd75000  SMBIOS 3.0=0x9bd74000  MEMATTR=0x95844018  ESRT=0x95e20d18 
Apr 23 00:33:14 alveo-dev kernel: secureboot: Secure boot enabled
Apr 23 00:33:14 alveo-dev kernel: Kernel is locked down from EFI Secure Boot mode; see man kernel_lockdown.7
Apr 23 00:33:14 alveo-dev kernel: SMBIOS 3.3.0 present.
Apr 23 00:33:14 alveo-dev kernel: DMI: ASUS System Product Name/TUF GAMING Z590-PLUS WIFI, BIOS 0405 01/15/2021
Apr 23 00:33:14 alveo-dev kernel: tsc: Detected 3700.000 MHz processor
Apr 23 00:33:14 alveo-dev kernel: tsc: Detected 3699.850 MHz TSC
Apr 23 00:33:14 alveo-dev kernel: e820: update [mem 0x00000000-0x00000fff] usable ==> reserved
Apr 23 00:33:14 alveo-dev kernel: e820: remove [mem 0x000a0000-0x000fffff] usable
Apr 23 00:33:14 alveo-dev kernel: last_pfn = 0x105c800 max_arch_pfn = 0x400000000
Apr 23 00:33:14 alveo-dev kernel: MTRR default type: write-back
Apr 23 00:33:14 alveo-dev kernel: MTRR fixed ranges enabled:
Apr 23 00:33:14 alveo-dev kernel:   00000-9FFFF write-back
Apr 23 00:33:14 alveo-dev kernel:   A0000-BFFFF uncachable
Apr 23 00:33:14 alveo-dev kernel:   C0000-FFFFF write-protect
Apr 23 00:33:14 alveo-dev kernel: MTRR variable ranges enabled:
Apr 23 00:33:14 alveo-dev kernel:   0 base 00C0000000 mask 7FC0000000 uncachable
Apr 23 00:33:14 alveo-dev kernel:   1 base 00A0000000 mask 7FE0000000 uncachable
Apr 23 00:33:14 alveo-dev kernel:   2 base 009E000000 mask 7FFE000000 uncachable
Apr 23 00:33:14 alveo-dev kernel:   3 base 009D000000 mask 7FFF000000 uncachable
Apr 23 00:33:14 alveo-dev kernel:   4 base 2000000000 mask 6000000000 uncachable
Apr 23 00:33:14 alveo-dev kernel:   5 base 4000000000 mask 4000000000 uncachable
Apr 23 00:33:14 alveo-dev kernel:   6 disabled
Apr 23 00:33:14 alveo-dev kernel:   7 disabled
Apr 23 00:33:14 alveo-dev kernel:   8 disabled
Apr 23 00:33:14 alveo-dev kernel:   9 disabled
Apr 23 00:33:14 alveo-dev kernel: x86/PAT: Configuration [0-7]: WB  WC  UC- UC  WB  WP  UC- WT  
Apr 23 00:33:14 alveo-dev kernel: last_pfn = 0x9c000 max_arch_pfn = 0x400000000
Apr 23 00:33:14 alveo-dev kernel: esrt: Reserving ESRT space from 0x0000000095e20d18 to 0x0000000095e20d50.
Apr 23 00:33:14 alveo-dev kernel: e820: update [mem 0x95e20000-0x95e20fff] usable ==> reserved
Apr 23 00:33:14 alveo-dev kernel: check: Scanning 1 areas for low memory corruption
Apr 23 00:33:14 alveo-dev kernel: Using GB pages for direct mapping
Apr 23 00:33:14 alveo-dev kernel: secureboot: Secure boot enabled
Apr 23 00:33:14 alveo-dev kernel: RAMDISK: [mem 0x3ac3f000-0x3fffdfff]
Apr 23 00:33:14 alveo-dev kernel: ACPI: Early table checksum verification disabled
Apr 23 00:33:14 alveo-dev kernel: ACPI: RSDP 0x000000009A554014 000024 (v02 ALASKA)
Apr 23 00:33:14 alveo-dev kernel: ACPI: XSDT 0x000000009A553728 0000EC (v01 ALASKA A M I    01072009 AMI  01000013)
Apr 23 00:33:14 alveo-dev kernel: ACPI: FACP 0x000000009A551000 000114 (v06 ALASKA A M I    01072009 AMI  01000013)
Apr 23 00:33:14 alveo-dev kernel: ACPI: DSDT 0x000000009A4FA000 056285 (v02 ALASKA A M I    01072009 INTL 20180209)
Apr 23 00:33:14 alveo-dev kernel: ACPI: FACS 0x000000009A87E000 000040
Apr 23 00:33:14 alveo-dev kernel: ACPI: MCFG 0x000000009A552000 00003C (v01 ALASKA A M I    01072009 MSFT 00000097)
Apr 23 00:33:14 alveo-dev kernel: ACPI: FIDT 0x000000009A4F9000 00009C (v01 ALASKA A M I    01072009 AMI  00010013)
Apr 23 00:33:14 alveo-dev kernel: ACPI: FPDT 0x000000009A3B6000 000044 (v01 ALASKA RKL      01072009 AMI  01000013)
Apr 23 00:33:14 alveo-dev kernel: ACPI: SSDT 0x000000009A4F5000 0025FA (v02 CpuRef CpuSsdt  00003000 INTL 20180209)
Apr 23 00:33:14 alveo-dev kernel: ACPI: SSDT 0x000000009A4F4000 000341 (v02 PmRef  ItbmSci  00003000 INTL 20180209)
Apr 23 00:33:14 alveo-dev kernel: ACPI: SSDT 0x000000009A4EF000 0045D7 (v02 SaSsdt SaSsdt   00003000 INTL 20180209)
Apr 23 00:33:14 alveo-dev kernel: ACPI: SSDT 0x000000009A4EB000 0032CD (v02 INTEL  IgfxSsdt 00003000 INTL 20180209)
Apr 23 00:33:14 alveo-dev kernel: ACPI: HPET 0x000000009A4EA000 000038 (v01 ALASKA A M I    01072009 AMI  01000013)
Apr 23 00:33:14 alveo-dev kernel: ACPI: APIC 0x000000009A4E9000 000164 (v04 ALASKA A M I    01072009 AMI  01000013)
Apr 23 00:33:14 alveo-dev kernel: ACPI: SSDT 0x000000009A4E8000 000E66 (v02 ALASKA Ther_Rvp 00001000 INTL 20180209)
Apr 23 00:33:14 alveo-dev kernel: ACPI: SSDT 0x000000009A4E6000 0018E6 (v02 INTEL  xh_rksu4 00000000 INTL 20180209)
Apr 23 00:33:14 alveo-dev kernel: ACPI: NHLT 0x000000009A4E5000 00002D (v00 ALASKA A M I    01072009 AMI  01000013)
Apr 23 00:33:14 alveo-dev kernel: ACPI: SSDT 0x000000009A4E2000 002296 (v02 INTEL  DTbtSsdt 00001000 INTL 20180209)
Apr 23 00:33:14 alveo-dev kernel: ACPI: LPIT 0x000000009A4E0000 0000CC (v01 ALASKA A M I    01072009 AMI  01000013)
Apr 23 00:33:14 alveo-dev kernel: ACPI: SSDT 0x000000009A4DE000 000DBC (v02 ALASKA TbtTypeC 00000000 INTL 20180209)
Apr 23 00:33:14 alveo-dev kernel: ACPI: SSDT 0x000000009A4DB000 002720 (v02 ALASKA PtidDevc 00001000 INTL 20180209)
Apr 23 00:33:14 alveo-dev kernel: ACPI: DBGP 0x000000009A4DA000 000034 (v01 ALASKA A M I    01072009 AMI  01000013)
Apr 23 00:33:14 alveo-dev kernel: ACPI: DBG2 0x000000009A4D9000 000054 (v00 ALASKA A M I    01072009 AMI  01000013)
Apr 23 00:33:14 alveo-dev kernel: ACPI: SSDT 0x000000009A4D8000 0006E3 (v02 ALASKA UsbCTabl 00001000 INTL 20180209)
Apr 23 00:33:14 alveo-dev kernel: ACPI: SSDT 0x000000009A4D7000 000144 (v02 Intel  ADebTabl 00001000 INTL 20180209)
Apr 23 00:33:14 alveo-dev kernel: ACPI: BGRT 0x000000009A4D6000 000038 (v01 ALASKA A M I    01072009 AMI  00010013)
Apr 23 00:33:14 alveo-dev kernel: ACPI: WPBT 0x000000009A3B8000 00003C (v01 ALASKA A M I    00000001 ASUS 00000001)
Apr 23 00:33:14 alveo-dev kernel: ACPI: PTDT 0x000000009A3B7000 000024 (v00 ALASKA A M I    00000005 MSFT 0100000D)
Apr 23 00:33:14 alveo-dev kernel: ACPI: WSMT 0x000000009A4DF000 000028 (v01 ALASKA A M I    01072009 AMI  00010013)
Apr 23 00:33:14 alveo-dev kernel: ACPI: Local APIC address 0xfee00000
Apr 23 00:33:14 alveo-dev kernel: No NUMA configuration found
Apr 23 00:33:14 alveo-dev kernel: Faking a node at [mem 0x0000000000000000-0x000000105c7fffff]
Apr 23 00:33:14 alveo-dev kernel: NODE_DATA(0) allocated [mem 0x105c7d5000-0x105c7fffff]
Apr 23 00:33:14 alveo-dev kernel: Zone ranges:
Apr 23 00:33:14 alveo-dev kernel:   DMA      [mem 0x0000000000001000-0x0000000000ffffff]
Apr 23 00:33:14 alveo-dev kernel:   DMA32    [mem 0x0000000001000000-0x00000000ffffffff]
Apr 23 00:33:14 alveo-dev kernel:   Normal   [mem 0x0000000100000000-0x000000105c7fffff]
Apr 23 00:33:14 alveo-dev kernel:   Device   empty
Apr 23 00:33:14 alveo-dev kernel: Movable zone start for each node
Apr 23 00:33:14 alveo-dev kernel: Early memory node ranges
Apr 23 00:33:14 alveo-dev kernel:   node   0: [mem 0x0000000000001000-0x000000000009dfff]
Apr 23 00:33:14 alveo-dev kernel:   node   0: [mem 0x000000000009f000-0x000000000009ffff]
Apr 23 00:33:14 alveo-dev kernel:   node   0: [mem 0x0000000000100000-0x0000000082a83fff]
Apr 23 00:33:14 alveo-dev kernel:   node   0: [mem 0x0000000082a85000-0x0000000097dd4fff]
Apr 23 00:33:14 alveo-dev kernel:   node   0: [mem 0x000000009bfff000-0x000000009bffffff]
Apr 23 00:33:14 alveo-dev kernel:   node   0: [mem 0x0000000100000000-0x000000105c7fffff]
Apr 23 00:33:14 alveo-dev kernel: Zeroed struct page in unavailable ranges: 47757 pages
Apr 23 00:33:14 alveo-dev kernel: Initmem setup node 0 [mem 0x0000000000001000-0x000000105c7fffff]
Apr 23 00:33:14 alveo-dev kernel: On node 0 totalpages: 16729459
Apr 23 00:33:14 alveo-dev kernel:   DMA zone: 64 pages used for memmap
Apr 23 00:33:14 alveo-dev kernel:   DMA zone: 24 pages reserved
Apr 23 00:33:14 alveo-dev kernel:   DMA zone: 3998 pages, LIFO batch:0
Apr 23 00:33:14 alveo-dev kernel:   DMA32 zone: 9656 pages used for memmap
Apr 23 00:33:14 alveo-dev kernel:   DMA32 zone: 617941 pages, LIFO batch:63
Apr 23 00:33:14 alveo-dev kernel:   Normal zone: 251680 pages used for memmap
Apr 23 00:33:14 alveo-dev kernel:   Normal zone: 16107520 pages, LIFO batch:63
Apr 23 00:33:14 alveo-dev kernel: Reserving Intel graphics memory at [mem 0x9d800000-0x9f7fffff]
Apr 23 00:33:14 alveo-dev kernel: ACPI: PM-Timer IO Port: 0x1808
Apr 23 00:33:14 alveo-dev kernel: ACPI: Local APIC address 0xfee00000
Apr 23 00:33:14 alveo-dev kernel: ACPI: LAPIC_NMI (acpi_id[0x01] high edge lint[0x1])
Apr 23 00:33:14 alveo-dev kernel: ACPI: LAPIC_NMI (acpi_id[0x02] high edge lint[0x1])
Apr 23 00:33:14 alveo-dev kernel: ACPI: LAPIC_NMI (acpi_id[0x03] high edge lint[0x1])
Apr 23 00:33:14 alveo-dev kernel: ACPI: LAPIC_NMI (acpi_id[0x04] high edge lint[0x1])
Apr 23 00:33:14 alveo-dev kernel: ACPI: LAPIC_NMI (acpi_id[0x05] high edge lint[0x1])
Apr 23 00:33:14 alveo-dev kernel: ACPI: LAPIC_NMI (acpi_id[0x06] high edge lint[0x1])
Apr 23 00:33:14 alveo-dev kernel: ACPI: LAPIC_NMI (acpi_id[0x07] high edge lint[0x1])
Apr 23 00:33:14 alveo-dev kernel: ACPI: LAPIC_NMI (acpi_id[0x08] high edge lint[0x1])
Apr 23 00:33:14 alveo-dev kernel: ACPI: LAPIC_NMI (acpi_id[0x09] high edge lint[0x1])
Apr 23 00:33:14 alveo-dev kernel: ACPI: LAPIC_NMI (acpi_id[0x0a] high edge lint[0x1])
Apr 23 00:33:14 alveo-dev kernel: ACPI: LAPIC_NMI (acpi_id[0x0b] high edge lint[0x1])
Apr 23 00:33:14 alveo-dev kernel: ACPI: LAPIC_NMI (acpi_id[0x0c] high edge lint[0x1])
Apr 23 00:33:14 alveo-dev kernel: ACPI: LAPIC_NMI (acpi_id[0x0d] high edge lint[0x1])
Apr 23 00:33:14 alveo-dev kernel: ACPI: LAPIC_NMI (acpi_id[0x0e] high edge lint[0x1])
Apr 23 00:33:14 alveo-dev kernel: ACPI: LAPIC_NMI (acpi_id[0x0f] high edge lint[0x1])
Apr 23 00:33:14 alveo-dev kernel: ACPI: LAPIC_NMI (acpi_id[0x10] high edge lint[0x1])
Apr 23 00:33:14 alveo-dev kernel: ACPI: LAPIC_NMI (acpi_id[0x11] high edge lint[0x1])
Apr 23 00:33:14 alveo-dev kernel: ACPI: LAPIC_NMI (acpi_id[0x12] high edge lint[0x1])
Apr 23 00:33:14 alveo-dev kernel: ACPI: LAPIC_NMI (acpi_id[0x13] high edge lint[0x1])
Apr 23 00:33:14 alveo-dev kernel: ACPI: LAPIC_NMI (acpi_id[0x14] high edge lint[0x1])
Apr 23 00:33:14 alveo-dev kernel: IOAPIC[0]: apic_id 2, version 32, address 0xfec00000, GSI 0-119
Apr 23 00:33:14 alveo-dev kernel: ACPI: INT_SRC_OVR (bus 0 bus_irq 0 global_irq 2 dfl dfl)
Apr 23 00:33:14 alveo-dev kernel: ACPI: INT_SRC_OVR (bus 0 bus_irq 9 global_irq 9 high level)
Apr 23 00:33:14 alveo-dev kernel: ACPI: IRQ0 used by override.
Apr 23 00:33:14 alveo-dev kernel: ACPI: IRQ9 used by override.
Apr 23 00:33:14 alveo-dev kernel: Using ACPI (MADT) for SMP configuration information
Apr 23 00:33:14 alveo-dev kernel: ACPI: HPET id: 0x8086a201 base: 0xfed00000
Apr 23 00:33:14 alveo-dev kernel: e820: update [mem 0x92e84000-0x93250fff] usable ==> reserved
Apr 23 00:33:14 alveo-dev kernel: TSC deadline timer available
Apr 23 00:33:14 alveo-dev kernel: smpboot: Allowing 20 CPUs, 0 hotplug CPUs
Apr 23 00:33:14 alveo-dev kernel: PM: Registered nosave memory: [mem 0x00000000-0x00000fff]
Apr 23 00:33:14 alveo-dev kernel: PM: Registered nosave memory: [mem 0x0009e000-0x0009efff]
Apr 23 00:33:14 alveo-dev kernel: PM: Registered nosave memory: [mem 0x000a0000-0x000fffff]
Apr 23 00:33:14 alveo-dev kernel: PM: Registered nosave memory: [mem 0x82a84000-0x82a84fff]
Apr 23 00:33:14 alveo-dev kernel: PM: Registered nosave memory: [mem 0x89e6b000-0x89e6bfff]
Apr 23 00:33:14 alveo-dev kernel: PM: Registered nosave memory: [mem 0x89e7a000-0x89e7afff]
Apr 23 00:33:14 alveo-dev kernel: PM: Registered nosave memory: [mem 0x89e7b000-0x89e7bfff]
Apr 23 00:33:14 alveo-dev kernel: PM: Registered nosave memory: [mem 0x89e8b000-0x89e8bfff]
Apr 23 00:33:14 alveo-dev kernel: PM: Registered nosave memory: [mem 0x92e84000-0x93250fff]
Apr 23 00:33:14 alveo-dev kernel: PM: Registered nosave memory: [mem 0x95e20000-0x95e20fff]
Apr 23 00:33:14 alveo-dev kernel: PM: Registered nosave memory: [mem 0x97dd5000-0x9a2d4fff]
Apr 23 00:33:14 alveo-dev kernel: PM: Registered nosave memory: [mem 0x9a2d5000-0x9a554fff]
Apr 23 00:33:14 alveo-dev kernel: PM: Registered nosave memory: [mem 0x9a555000-0x9a87efff]
Apr 23 00:33:14 alveo-dev kernel: PM: Registered nosave memory: [mem 0x9a87f000-0x9bffefff]
Apr 23 00:33:14 alveo-dev kernel: PM: Registered nosave memory: [mem 0x9c000000-0x9f7fffff]
Apr 23 00:33:14 alveo-dev kernel: PM: Registered nosave memory: [mem 0x9f800000-0xdfffffff]
Apr 23 00:33:14 alveo-dev kernel: PM: Registered nosave memory: [mem 0xe0000000-0xefffffff]
Apr 23 00:33:14 alveo-dev kernel: PM: Registered nosave memory: [mem 0xf0000000-0xfdffffff]
Apr 23 00:33:14 alveo-dev kernel: PM: Registered nosave memory: [mem 0xfe000000-0xfe010fff]
Apr 23 00:33:14 alveo-dev kernel: PM: Registered nosave memory: [mem 0xfe011000-0xfebfffff]
Apr 23 00:33:14 alveo-dev kernel: PM: Registered nosave memory: [mem 0xfec00000-0xfec00fff]
Apr 23 00:33:14 alveo-dev kernel: PM: Registered nosave memory: [mem 0xfec01000-0xfecfffff]
Apr 23 00:33:14 alveo-dev kernel: PM: Registered nosave memory: [mem 0xfed00000-0xfed00fff]
Apr 23 00:33:14 alveo-dev kernel: PM: Registered nosave memory: [mem 0xfed01000-0xfedfffff]
Apr 23 00:33:14 alveo-dev kernel: PM: Registered nosave memory: [mem 0xfee00000-0xfee00fff]
Apr 23 00:33:14 alveo-dev kernel: PM: Registered nosave memory: [mem 0xfee01000-0xfeffffff]
Apr 23 00:33:14 alveo-dev kernel: PM: Registered nosave memory: [mem 0xff000000-0xffffffff]
Apr 23 00:33:14 alveo-dev kernel: [mem 0x9f800000-0xdfffffff] available for PCI devices
Apr 23 00:33:14 alveo-dev kernel: Booting paravirtualized kernel on bare hardware
Apr 23 00:33:14 alveo-dev kernel: clocksource: refined-jiffies: mask: 0xffffffff max_cycles: 0xffffffff, max_idle_ns: 7645519600211568 ns
Apr 23 00:33:14 alveo-dev kernel: setup_percpu: NR_CPUS:8192 nr_cpumask_bits:20 nr_cpu_ids:20 nr_node_ids:1
Apr 23 00:33:14 alveo-dev kernel: percpu: Embedded 55 pages/cpu s188416 r8192 d28672 u262144
Apr 23 00:33:14 alveo-dev kernel: pcpu-alloc: s188416 r8192 d28672 u262144 alloc=1*2097152
Apr 23 00:33:14 alveo-dev kernel: pcpu-alloc: [0] 00 01 02 03 04 05 06 07 [0] 08 09 10 11 12 13 14 15 
Apr 23 00:33:14 alveo-dev kernel: pcpu-alloc: [0] 16 17 18 19 -- -- -- -- 
Apr 23 00:33:14 alveo-dev kernel: Built 1 zonelists, mobility grouping on.  Total pages: 16468035
Apr 23 00:33:14 alveo-dev kernel: Policy zone: Normal
Apr 23 00:33:14 alveo-dev kernel: Kernel command line: BOOT_IMAGE=/boot/vmlinuz-5.4.0-72-generic root=UUID=1b3d24f8-0b9d-4c03-ab2f-cac74702f62f ro
Apr 23 00:33:14 alveo-dev kernel: Dentry cache hash table entries: 8388608 (order: 14, 67108864 bytes, linear)
Apr 23 00:33:14 alveo-dev kernel: Inode-cache hash table entries: 4194304 (order: 13, 33554432 bytes, linear)
Apr 23 00:33:14 alveo-dev kernel: mem auto-init: stack:off, heap alloc:on, heap free:off
Apr 23 00:33:14 alveo-dev kernel: Calgary: detecting Calgary via BIOS EBDA area
Apr 23 00:33:14 alveo-dev kernel: Calgary: Unable to locate Rio Grande table in EBDA - bailing!
Apr 23 00:33:14 alveo-dev kernel: Memory: 65510280K/66917836K available (14339K kernel code, 2400K rwdata, 5008K rodata, 2732K init, 4972K bss, 1407556K reserved, 0K cma-reserved)
Apr 23 00:33:14 alveo-dev kernel: random: get_random_u64 called from kmem_cache_open+0x2d/0x410 with crng_init=0
Apr 23 00:33:14 alveo-dev kernel: SLUB: HWalign=64, Order=0-3, MinObjects=0, CPUs=20, Nodes=1
Apr 23 00:33:14 alveo-dev kernel: ftrace: allocating 44576 entries in 175 pages
Apr 23 00:33:14 alveo-dev kernel: rcu: Hierarchical RCU implementation.
Apr 23 00:33:14 alveo-dev kernel: rcu:         RCU restricting CPUs from NR_CPUS=8192 to nr_cpu_ids=20.
Apr 23 00:33:14 alveo-dev kernel:         Tasks RCU enabled.
Apr 23 00:33:14 alveo-dev kernel: rcu: RCU calculated value of scheduler-enlistment delay is 25 jiffies.
Apr 23 00:33:14 alveo-dev kernel: rcu: Adjusting geometry for rcu_fanout_leaf=16, nr_cpu_ids=20
Apr 23 00:33:14 alveo-dev kernel: NR_IRQS: 524544, nr_irqs: 2216, preallocated irqs: 16
Apr 23 00:33:14 alveo-dev kernel: random: crng done (trusting CPU's manufacturer)
Apr 23 00:33:14 alveo-dev kernel: Console: colour dummy device 80x25
Apr 23 00:33:14 alveo-dev kernel: printk: console [tty0] enabled
Apr 23 00:33:14 alveo-dev kernel: ACPI: Core revision 20190816
Apr 23 00:33:14 alveo-dev kernel: clocksource: hpet: mask: 0xffffffff max_cycles: 0xffffffff, max_idle_ns: 79635855245 ns
Apr 23 00:33:14 alveo-dev kernel: APIC: Switch to symmetric I/O mode setup
Apr 23 00:33:14 alveo-dev kernel: x2apic: IRQ remapping doesn't support X2APIC mode
Apr 23 00:33:14 alveo-dev kernel: Switched APIC routing to physical flat.
Apr 23 00:33:14 alveo-dev kernel: ..TIMER: vector=0x30 apic1=0 pin1=2 apic2=-1 pin2=-1
Apr 23 00:33:14 alveo-dev kernel: clocksource: tsc-early: mask: 0xffffffffffffffff max_cycles: 0x6aa99074b1c, max_idle_ns: 881590506587 ns
Apr 23 00:33:14 alveo-dev kernel: Calibrating delay loop (skipped), value calculated using timer frequency.. 7399.70 BogoMIPS (lpj=14799400)
Apr 23 00:33:14 alveo-dev kernel: pid_max: default: 32768 minimum: 301
Apr 23 00:33:14 alveo-dev kernel: LSM: Security Framework initializing
Apr 23 00:33:14 alveo-dev kernel: Yama: becoming mindful.
Apr 23 00:33:14 alveo-dev kernel: AppArmor: AppArmor initialized
Apr 23 00:33:14 alveo-dev kernel: Mount-cache hash table entries: 131072 (order: 8, 1048576 bytes, linear)
Apr 23 00:33:14 alveo-dev kernel: Mountpoint-cache hash table entries: 131072 (order: 8, 1048576 bytes, linear)
Apr 23 00:33:14 alveo-dev kernel: *** VALIDATE tmpfs ***
Apr 23 00:33:14 alveo-dev kernel: *** VALIDATE proc ***
Apr 23 00:33:14 alveo-dev kernel: *** VALIDATE cgroup1 ***
Apr 23 00:33:14 alveo-dev kernel: *** VALIDATE cgroup2 ***
Apr 23 00:33:14 alveo-dev kernel: mce: CPU0: Thermal monitoring enabled (TM1)
Apr 23 00:33:14 alveo-dev kernel: process: using mwait in idle threads
Apr 23 00:33:14 alveo-dev kernel: Last level iTLB entries: 4KB 64, 2MB 8, 4MB 8
Apr 23 00:33:14 alveo-dev kernel: Last level dTLB entries: 4KB 64, 2MB 0, 4MB 0, 1GB 4
Apr 23 00:33:14 alveo-dev kernel: Spectre V1 : Mitigation: usercopy/swapgs barriers and __user pointer sanitization
Apr 23 00:33:14 alveo-dev kernel: Spectre V2 : Mitigation: Enhanced IBRS
Apr 23 00:33:14 alveo-dev kernel: Spectre V2 : Spectre v2 / SpectreRSB mitigation: Filling RSB on context switch
Apr 23 00:33:14 alveo-dev kernel: Spectre V2 : mitigation: Enabling conditional Indirect Branch Prediction Barrier
Apr 23 00:33:14 alveo-dev kernel: Speculative Store Bypass: Mitigation: Speculative Store Bypass disabled via prctl and seccomp
Apr 23 00:33:14 alveo-dev kernel: Freeing SMP alternatives memory: 40K
Apr 23 00:33:14 alveo-dev kernel: smpboot: CPU0: Intel(R) Core(TM) i9-10900K CPU @ 3.70GHz (family: 0x6, model: 0xa5, stepping: 0x5)
Apr 23 00:33:14 alveo-dev kernel: mce: [Hardware Error]: Machine check events logged
Apr 23 00:33:14 alveo-dev kernel: mce: [Hardware Error]: CPU 0: Machine Check: 0 Bank 6: ee2000000040110a
Apr 23 00:33:14 alveo-dev kernel: mce: [Hardware Error]: TSC 0 ADDR fef20300 MISC 3880000086 
Apr 23 00:33:14 alveo-dev kernel: mce: [Hardware Error]: PROCESSOR 0:a0655 TIME 1619137988 SOCKET 0 APIC 0 microcode e2
Apr 23 00:33:14 alveo-dev kernel: Performance Events: PEBS fmt3+, Skylake events, 32-deep LBR, full-width counters, Intel PMU driver.
Apr 23 00:33:14 alveo-dev kernel: ... version:                4
Apr 23 00:33:14 alveo-dev kernel: ... bit width:              48
Apr 23 00:33:14 alveo-dev kernel: ... generic registers:      4
Apr 23 00:33:14 alveo-dev kernel: ... value mask:             0000ffffffffffff
Apr 23 00:33:14 alveo-dev kernel: ... max period:             00007fffffffffff
Apr 23 00:33:14 alveo-dev kernel: ... fixed-purpose events:   3
Apr 23 00:33:14 alveo-dev kernel: ... event mask:             000000070000000f
Apr 23 00:33:14 alveo-dev kernel: rcu: Hierarchical SRCU implementation.
Apr 23 00:33:14 alveo-dev kernel: NMI watchdog: Enabled. Permanently consumes one hw-PMU counter.
Apr 23 00:33:14 alveo-dev kernel: smp: Bringing up secondary CPUs ...
Apr 23 00:33:14 alveo-dev kernel: x86: Booting SMP configuration:
Apr 23 00:33:14 alveo-dev kernel: .... node  #0, CPUs:        #1  #2  #3  #4  #5  #6  #7  #8  #9 #10 #11 #12 #13 #14 #15 #16 #17 #18 #19
Apr 23 00:33:14 alveo-dev kernel: smp: Brought up 1 node, 20 CPUs
Apr 23 00:33:14 alveo-dev kernel: smpboot: Max logical packages: 1
Apr 23 00:33:14 alveo-dev kernel: smpboot: Total of 20 processors activated (147994.00 BogoMIPS)
Apr 23 00:33:14 alveo-dev kernel: devtmpfs: initialized
Apr 23 00:33:14 alveo-dev kernel: x86/mm: Memory block size: 128MB
Apr 23 00:33:14 alveo-dev kernel: PM: Registering ACPI NVS region [mem 0x9a555000-0x9a87efff] (3317760 bytes)
Apr 23 00:33:14 alveo-dev kernel: clocksource: jiffies: mask: 0xffffffff max_cycles: 0xffffffff, max_idle_ns: 7645041785100000 ns
Apr 23 00:33:14 alveo-dev kernel: futex hash table entries: 8192 (order: 7, 524288 bytes, linear)
Apr 23 00:33:14 alveo-dev kernel: pinctrl core: initialized pinctrl subsystem
Apr 23 00:33:14 alveo-dev kernel: PM: RTC time: 00:33:09, date: 2021-04-23
Apr 23 00:33:14 alveo-dev kernel: NET: Registered protocol family 16
Apr 23 00:33:14 alveo-dev kernel: audit: initializing netlink subsys (disabled)
Apr 23 00:33:14 alveo-dev kernel: audit: type=2000 audit(1619137988.176:1): state=initialized audit_enabled=0 res=1
Apr 23 00:33:14 alveo-dev kernel: EISA bus registered
Apr 23 00:33:14 alveo-dev kernel: cpuidle: using governor ladder
Apr 23 00:33:14 alveo-dev kernel: cpuidle: using governor menu
Apr 23 00:33:14 alveo-dev kernel: KVM setup pv remote TLB flush
Apr 23 00:33:14 alveo-dev kernel: ACPI FADT declares the system doesn't support PCIe ASPM, so disable it
Apr 23 00:33:14 alveo-dev kernel: ACPI: bus type PCI registered
Apr 23 00:33:14 alveo-dev kernel: acpiphp: ACPI Hot Plug PCI Controller Driver version: 0.5
Apr 23 00:33:14 alveo-dev kernel: PCI: MMCONFIG for domain 0000 [bus 00-ff] at [mem 0xe0000000-0xefffffff] (base 0xe0000000)
Apr 23 00:33:14 alveo-dev kernel: PCI: MMCONFIG at [mem 0xe0000000-0xefffffff] reserved in E820
Apr 23 00:33:14 alveo-dev kernel: PCI: Using configuration type 1 for base access
Apr 23 00:33:14 alveo-dev kernel: ENERGY_PERF_BIAS: Set to 'normal', was 'performance'
Apr 23 00:33:14 alveo-dev kernel: HugeTLB registered 1.00 GiB page size, pre-allocated 0 pages
Apr 23 00:33:14 alveo-dev kernel: HugeTLB registered 2.00 MiB page size, pre-allocated 0 pages
Apr 23 00:33:14 alveo-dev kernel: fbcon: Taking over console
Apr 23 00:33:14 alveo-dev kernel: ACPI: Added _OSI(Module Device)
Apr 23 00:33:14 alveo-dev kernel: ACPI: Added _OSI(Processor Device)
Apr 23 00:33:14 alveo-dev kernel: ACPI: Added _OSI(3.0 _SCP Extensions)
Apr 23 00:33:14 alveo-dev kernel: ACPI: Added _OSI(Processor Aggregator Device)
Apr 23 00:33:14 alveo-dev kernel: ACPI: Added _OSI(Linux-Dell-Video)
Apr 23 00:33:14 alveo-dev kernel: ACPI: Added _OSI(Linux-Lenovo-NV-HDMI-Audio)
Apr 23 00:33:14 alveo-dev kernel: ACPI: Added _OSI(Linux-HPI-Hybrid-Graphics)
Apr 23 00:33:14 alveo-dev kernel: ACPI BIOS Error (bug): Failure creating named object [\_SB.PC00.PEG1._PRT], AE_ALREADY_EXISTS (20190816/dswload2-326)
Apr 23 00:33:14 alveo-dev kernel: ACPI Error: AE_ALREADY_EXISTS, During name lookup/catalog (20190816/psobject-220)
Apr 23 00:33:14 alveo-dev kernel: ACPI: Skipping parse of AML opcode: Method (0x0014)
Apr 23 00:33:14 alveo-dev kernel: ACPI: 12 ACPI AML tables successfully acquired and loaded
Apr 23 00:33:14 alveo-dev kernel: ACPI: Dynamic OEM Table Load:
Apr 23 00:33:14 alveo-dev kernel: ACPI: SSDT 0xFFFF9A1A542A5A00 0001CB (v02 PmRef  Cpu0Psd  00003000 INTL 20180209)
Apr 23 00:33:14 alveo-dev kernel: ACPI: \_SB_.PR00: _OSC native thermal LVT Acked
Apr 23 00:33:14 alveo-dev kernel: ACPI: Dynamic OEM Table Load:
Apr 23 00:33:14 alveo-dev kernel: ACPI: SSDT 0xFFFF9A1A5429A400 000394 (v02 PmRef  Cpu0Cst  00003001 INTL 20180209)
Apr 23 00:33:14 alveo-dev kernel: ACPI: Dynamic OEM Table Load:
Apr 23 00:33:14 alveo-dev kernel: ACPI: SSDT 0xFFFF9A1A54D36000 0006EC (v02 PmRef  Cpu0Ist  00003000 INTL 20180209)
Apr 23 00:33:14 alveo-dev kernel: ACPI: Dynamic OEM Table Load:
Apr 23 00:33:14 alveo-dev kernel: ACPI: SSDT 0xFFFF9A1A54298C00 00028D (v02 PmRef  Cpu0Hwp  00003000 INTL 20180209)
Apr 23 00:33:14 alveo-dev kernel: ACPI: Dynamic OEM Table Load:
Apr 23 00:33:14 alveo-dev kernel: ACPI: SSDT 0xFFFF9A1A542AC000 0008E7 (v02 PmRef  ApIst    00003000 INTL 20180209)
Apr 23 00:33:14 alveo-dev kernel: ACPI: Dynamic OEM Table Load:
Apr 23 00:33:14 alveo-dev kernel: ACPI: SSDT 0xFFFF9A1A54D35800 00048A (v02 PmRef  ApHwp    00003000 INTL 20180209)
Apr 23 00:33:14 alveo-dev kernel: ACPI: Dynamic OEM Table Load:
Apr 23 00:33:14 alveo-dev kernel: ACPI: SSDT 0xFFFF9A1A54D31000 0004D4 (v02 PmRef  ApPsd    00003000 INTL 20180209)
Apr 23 00:33:14 alveo-dev kernel: ACPI: Dynamic OEM Table Load:
Apr 23 00:33:14 alveo-dev kernel: ACPI: SSDT 0xFFFF9A1A54D37800 00048A (v02 PmRef  ApCst    00003000 INTL 20180209)
Apr 23 00:33:14 alveo-dev kernel: ACPI: Interpreter enabled
Apr 23 00:33:14 alveo-dev kernel: ACPI: (supports S0 S3 S4 S5)
Apr 23 00:33:14 alveo-dev kernel: ACPI: Using IOAPIC for interrupt routing
Apr 23 00:33:14 alveo-dev kernel: PCI: Using host bridge windows from ACPI; if necessary, use "pci=nocrs" and report a bug
Apr 23 00:33:14 alveo-dev kernel: ACPI: Enabled 6 GPEs in block 00 to 7F
Apr 23 00:33:14 alveo-dev kernel: ACPI: Power Resource [PG01] (on)
Apr 23 00:33:14 alveo-dev kernel: ACPI: Power Resource [PG02] (on)
Apr 23 00:33:14 alveo-dev kernel: ACPI: Power Resource [PG03] (on)
Apr 23 00:33:14 alveo-dev kernel: ACPI: Power Resource [WRST] (on)
Apr 23 00:33:14 alveo-dev kernel: ACPI: Power Resource [V0PR] (on)
Apr 23 00:33:14 alveo-dev kernel: ACPI: Power Resource [V1PR] (on)
Apr 23 00:33:14 alveo-dev kernel: ACPI: Power Resource [V2PR] (on)
Apr 23 00:33:14 alveo-dev kernel: ACPI: Power Resource [FN00] (off)
Apr 23 00:33:14 alveo-dev kernel: ACPI: Power Resource [FN01] (off)
Apr 23 00:33:14 alveo-dev kernel: ACPI: Power Resource [FN02] (off)
Apr 23 00:33:14 alveo-dev kernel: ACPI: Power Resource [FN03] (off)
Apr 23 00:33:14 alveo-dev kernel: ACPI: Power Resource [FN04] (off)
Apr 23 00:33:14 alveo-dev kernel: ACPI: Power Resource [PIN] (off)
Apr 23 00:33:14 alveo-dev kernel: ACPI: PCI Root Bridge [PC00] (domain 0000 [bus 00-fe])
Apr 23 00:33:14 alveo-dev kernel: acpi PNP0A08:00: _OSC: OS supports [ExtendedConfig ASPM ClockPM Segments MSI HPX-Type3]
Apr 23 00:33:14 alveo-dev kernel: acpi PNP0A08:00: _OSC: platform does not support [PCIeHotplug SHPCHotplug PME]
Apr 23 00:33:14 alveo-dev kernel: acpi PNP0A08:00: _OSC: OS now controls [AER PCIeCapability LTR]
Apr 23 00:33:14 alveo-dev kernel: acpi PNP0A08:00: FADT indicates ASPM is unsupported, using BIOS configuration
Apr 23 00:33:14 alveo-dev kernel: PCI host bridge to bus 0000:00
Apr 23 00:33:14 alveo-dev kernel: pci_bus 0000:00: root bus resource [io  0x0000-0x0cf7 window]
Apr 23 00:33:14 alveo-dev kernel: pci_bus 0000:00: root bus resource [io  0x0d00-0xffff window]
Apr 23 00:33:14 alveo-dev kernel: pci_bus 0000:00: root bus resource [mem 0x000a0000-0x000bffff window]
Apr 23 00:33:14 alveo-dev kernel: pci_bus 0000:00: root bus resource [mem 0x000e0000-0x000e3fff window]
Apr 23 00:33:14 alveo-dev kernel: pci_bus 0000:00: root bus resource [mem 0x000e4000-0x000e7fff window]
Apr 23 00:33:14 alveo-dev kernel: pci_bus 0000:00: root bus resource [mem 0x000e8000-0x000ebfff window]
Apr 23 00:33:14 alveo-dev kernel: pci_bus 0000:00: root bus resource [mem 0x000ec000-0x000effff window]
Apr 23 00:33:14 alveo-dev kernel: pci_bus 0000:00: root bus resource [mem 0x9f800000-0xdfffffff window]
Apr 23 00:33:14 alveo-dev kernel: pci_bus 0000:00: root bus resource [mem 0x4000000000-0x7fffffffff window]
Apr 23 00:33:14 alveo-dev kernel: pci_bus 0000:00: root bus resource [bus 00-fe]
Apr 23 00:33:14 alveo-dev kernel: pci 0000:00:00.0: [8086:9b33] type 00 class 0x060000
Apr 23 00:33:14 alveo-dev kernel: pci 0000:00:02.0: [8086:9bc5] type 00 class 0x030000
Apr 23 00:33:14 alveo-dev kernel: pci 0000:00:02.0: reg 0x10: [mem 0x6000000000-0x6000ffffff 64bit]
Apr 23 00:33:14 alveo-dev kernel: pci 0000:00:02.0: reg 0x18: [mem 0x4000000000-0x400fffffff 64bit pref]
Apr 23 00:33:14 alveo-dev kernel: pci 0000:00:02.0: reg 0x20: [io  0x4000-0x403f]
Apr 23 00:33:14 alveo-dev kernel: pci 0000:00:02.0: BAR 2: assigned to efifb
Apr 23 00:33:14 alveo-dev kernel: pci 0000:00:14.0: [8086:43ed] type 00 class 0x0c0330
Apr 23 00:33:14 alveo-dev kernel: pci 0000:00:14.0: reg 0x10: [mem 0x6001100000-0x600110ffff 64bit]
Apr 23 00:33:14 alveo-dev kernel: pci 0000:00:14.0: PME# supported from D3hot D3cold
Apr 23 00:33:14 alveo-dev kernel: pci 0000:00:14.2: [8086:43ef] type 00 class 0x050000
Apr 23 00:33:14 alveo-dev kernel: pci 0000:00:14.2: reg 0x10: [mem 0x6001118000-0x600111bfff 64bit]
Apr 23 00:33:14 alveo-dev kernel: pci 0000:00:14.2: reg 0x18: [mem 0x6001120000-0x6001120fff 64bit]
Apr 23 00:33:14 alveo-dev kernel: pci 0000:00:14.3: [8086:43f0] type 00 class 0x028000
Apr 23 00:33:14 alveo-dev kernel: pci 0000:00:14.3: reg 0x10: [mem 0x6001114000-0x6001117fff 64bit]
Apr 23 00:33:14 alveo-dev kernel: pci 0000:00:14.3: PME# supported from D0 D3hot D3cold
Apr 23 00:33:14 alveo-dev kernel: pci 0000:00:15.0: [8086:43e8] type 00 class 0x0c8000
Apr 23 00:33:14 alveo-dev kernel: pci 0000:00:15.0: reg 0x10: [mem 0x00000000-0x00000fff 64bit]
Apr 23 00:33:14 alveo-dev kernel: pci 0000:00:15.1: [8086:43e9] type 00 class 0x0c8000
Apr 23 00:33:14 alveo-dev kernel: pci 0000:00:15.1: reg 0x10: [mem 0x00000000-0x00000fff 64bit]
Apr 23 00:33:14 alveo-dev kernel: pci 0000:00:16.0: [8086:43e0] type 00 class 0x078000
Apr 23 00:33:14 alveo-dev kernel: pci 0000:00:16.0: reg 0x10: [mem 0x600111d000-0x600111dfff 64bit]
Apr 23 00:33:14 alveo-dev kernel: pci 0000:00:16.0: PME# supported from D3hot
Apr 23 00:33:14 alveo-dev kernel: pci 0000:00:17.0: [8086:43d2] type 00 class 0x010601
Apr 23 00:33:14 alveo-dev kernel: pci 0000:00:17.0: reg 0x10: [mem 0xa0500000-0xa0501fff]
Apr 23 00:33:14 alveo-dev kernel: pci 0000:00:17.0: reg 0x14: [mem 0xa0503000-0xa05030ff]
Apr 23 00:33:14 alveo-dev kernel: pci 0000:00:17.0: reg 0x18: [io  0x4090-0x4097]
Apr 23 00:33:14 alveo-dev kernel: pci 0000:00:17.0: reg 0x1c: [io  0x4080-0x4083]
Apr 23 00:33:14 alveo-dev kernel: pci 0000:00:17.0: reg 0x20: [io  0x4060-0x407f]
Apr 23 00:33:14 alveo-dev kernel: pci 0000:00:17.0: reg 0x24: [mem 0xa0502000-0xa05027ff]
Apr 23 00:33:14 alveo-dev kernel: pci 0000:00:17.0: PME# supported from D3hot
Apr 23 00:33:14 alveo-dev kernel: pci 0000:00:1b.0: [8086:43c0] type 01 class 0x060400
Apr 23 00:33:14 alveo-dev kernel: pci 0000:00:1b.0: PME# supported from D0 D3hot D3cold
Apr 23 00:33:14 alveo-dev kernel: pci 0000:00:1b.0: PTM enabled (root), 4ns granularity
Apr 23 00:33:14 alveo-dev kernel: pci 0000:00:1c.0: [8086:43b8] type 01 class 0x060400
Apr 23 00:33:14 alveo-dev kernel: pci 0000:00:1c.0: PME# supported from D0 D3hot D3cold
Apr 23 00:33:14 alveo-dev kernel: pci 0000:00:1c.7: [8086:43bf] type 01 class 0x060400
Apr 23 00:33:14 alveo-dev kernel: pci 0000:00:1c.7: PME# supported from D0 D3hot D3cold
Apr 23 00:33:14 alveo-dev kernel: pci 0000:00:1c.7: PTM enabled (root), 4ns granularity
Apr 23 00:33:14 alveo-dev kernel: pci 0000:00:1d.0: [8086:43b0] type 01 class 0x060400
Apr 23 00:33:14 alveo-dev kernel: pci 0000:00:1d.0: PME# supported from D0 D3hot D3cold
Apr 23 00:33:14 alveo-dev kernel: pci 0000:00:1f.0: [8086:4385] type 00 class 0x060100
Apr 23 00:33:14 alveo-dev kernel: pci 0000:00:1f.3: [8086:f0c8] type 00 class 0x040300
Apr 23 00:33:14 alveo-dev kernel: pci 0000:00:1f.3: reg 0x10: [mem 0x6001110000-0x6001113fff 64bit]
Apr 23 00:33:14 alveo-dev kernel: pci 0000:00:1f.3: reg 0x20: [mem 0x6001000000-0x60010fffff 64bit]
Apr 23 00:33:14 alveo-dev kernel: pci 0000:00:1f.3: PME# supported from D3hot D3cold
Apr 23 00:33:14 alveo-dev kernel: pci 0000:00:1f.4: [8086:43a3] type 00 class 0x0c0500
Apr 23 00:33:14 alveo-dev kernel: pci 0000:00:1f.4: reg 0x10: [mem 0x600111c000-0x600111c0ff 64bit]
Apr 23 00:33:14 alveo-dev kernel: pci 0000:00:1f.4: reg 0x20: [io  0xefa0-0xefbf]
Apr 23 00:33:14 alveo-dev kernel: pci 0000:00:1f.5: [8086:43a4] type 00 class 0x0c8000
Apr 23 00:33:14 alveo-dev kernel: pci 0000:00:1f.5: reg 0x10: [mem 0xfe010000-0xfe010fff]
Apr 23 00:33:14 alveo-dev kernel: pci 0000:01:00.0: [144d:a808] type 00 class 0x010802
Apr 23 00:33:14 alveo-dev kernel: pci 0000:01:00.0: reg 0x10: [mem 0xa0400000-0xa0403fff 64bit]
Apr 23 00:33:14 alveo-dev kernel: pci 0000:00:1b.0: PCI bridge to [bus 01]
Apr 23 00:33:14 alveo-dev kernel: pci 0000:00:1b.0:   bridge window [mem 0xa0400000-0xa04fffff]
Apr 23 00:33:14 alveo-dev kernel: pci 0000:00:1c.0: PCI bridge to [bus 02]
Apr 23 00:33:14 alveo-dev kernel: pci 0000:03:00.0: [8086:15f3] type 00 class 0x020000
Apr 23 00:33:14 alveo-dev kernel: pci 0000:03:00.0: reg 0x10: [mem 0xa0200000-0xa02fffff]
Apr 23 00:33:14 alveo-dev kernel: pci 0000:03:00.0: reg 0x1c: [mem 0xa0300000-0xa0303fff]
Apr 23 00:33:14 alveo-dev kernel: pci 0000:03:00.0: PME# supported from D0 D3hot D3cold
Apr 23 00:33:14 alveo-dev kernel: pci 0000:00:1c.7: PCI bridge to [bus 03]
Apr 23 00:33:14 alveo-dev kernel: pci 0000:00:1c.7:   bridge window [mem 0xa0200000-0xa03fffff]
Apr 23 00:33:14 alveo-dev kernel: pci 0000:00:1d.0: PCI bridge to [bus 04]
Apr 23 00:33:14 alveo-dev kernel: pci 0000:00:1d.0:   bridge window [io  0x3000-0x3fff]
Apr 23 00:33:14 alveo-dev kernel: pci 0000:00:1d.0:   bridge window [mem 0x9f800000-0xa01fffff]
Apr 23 00:33:14 alveo-dev kernel: ACPI: PCI Interrupt Link [LNKA] (IRQs 3 4 5 6 10 11 12 14 15) *0
Apr 23 00:33:14 alveo-dev kernel: ACPI: PCI Interrupt Link [LNKB] (IRQs 3 4 5 6 10 11 12 14 15) *1
Apr 23 00:33:14 alveo-dev kernel: ACPI: PCI Interrupt Link [LNKC] (IRQs 3 4 5 6 10 11 12 14 15) *0
Apr 23 00:33:14 alveo-dev kernel: ACPI: PCI Interrupt Link [LNKD] (IRQs 3 4 5 6 10 11 12 14 15) *0
Apr 23 00:33:14 alveo-dev kernel: ACPI: PCI Interrupt Link [LNKE] (IRQs 3 4 5 6 10 11 12 14 15) *0
Apr 23 00:33:14 alveo-dev kernel: ACPI: PCI Interrupt Link [LNKF] (IRQs 3 4 5 6 10 11 12 14 15) *0
Apr 23 00:33:14 alveo-dev kernel: ACPI: PCI Interrupt Link [LNKG] (IRQs 3 4 5 6 10 11 12 14 15) *0
Apr 23 00:33:14 alveo-dev kernel: ACPI: PCI Interrupt Link [LNKH] (IRQs 3 4 5 6 10 11 12 14 15) *0
Apr 23 00:33:14 alveo-dev kernel: iommu: Default domain type: Translated 
Apr 23 00:33:14 alveo-dev kernel: SCSI subsystem initialized
Apr 23 00:33:14 alveo-dev kernel: libata version 3.00 loaded.
Apr 23 00:33:14 alveo-dev kernel: pci 0000:00:02.0: vgaarb: setting as boot VGA device
Apr 23 00:33:14 alveo-dev kernel: pci 0000:00:02.0: vgaarb: VGA device added: decodes=io+mem,owns=io+mem,locks=none
Apr 23 00:33:14 alveo-dev kernel: pci 0000:00:02.0: vgaarb: bridge control possible
Apr 23 00:33:14 alveo-dev kernel: vgaarb: loaded
Apr 23 00:33:14 alveo-dev kernel: ACPI: bus type USB registered
Apr 23 00:33:14 alveo-dev kernel: usbcore: registered new interface driver usbfs
Apr 23 00:33:14 alveo-dev kernel: usbcore: registered new interface driver hub
Apr 23 00:33:14 alveo-dev kernel: usbcore: registered new device driver usb
Apr 23 00:33:14 alveo-dev kernel: pps_core: LinuxPPS API ver. 1 registered
Apr 23 00:33:14 alveo-dev kernel: pps_core: Software ver. 5.3.6 - Copyright 2005-2007 Rodolfo Giometti <giometti@linux.it>
Apr 23 00:33:14 alveo-dev kernel: PTP clock support registered
Apr 23 00:33:14 alveo-dev kernel: EDAC MC: Ver: 3.0.0
Apr 23 00:33:14 alveo-dev kernel: Registered efivars operations
Apr 23 00:33:14 alveo-dev kernel: PCI: Using ACPI for IRQ routing
Apr 23 00:33:14 alveo-dev kernel: PCI: pci_cache_line_size set to 64 bytes
Apr 23 00:33:14 alveo-dev kernel: pci 0000:00:1f.5: can't claim BAR 0 [mem 0xfe010000-0xfe010fff]: no compatible bridge window
Apr 23 00:33:14 alveo-dev kernel: e820: reserve RAM buffer [mem 0x0009e000-0x0009ffff]
Apr 23 00:33:14 alveo-dev kernel: e820: reserve RAM buffer [mem 0x82a84000-0x83ffffff]
Apr 23 00:33:14 alveo-dev kernel: e820: reserve RAM buffer [mem 0x89e6b018-0x8bffffff]
Apr 23 00:33:14 alveo-dev kernel: e820: reserve RAM buffer [mem 0x89e7b018-0x8bffffff]
Apr 23 00:33:14 alveo-dev kernel: e820: reserve RAM buffer [mem 0x92e84000-0x93ffffff]
Apr 23 00:33:14 alveo-dev kernel: e820: reserve RAM buffer [mem 0x95e20000-0x97ffffff]
Apr 23 00:33:14 alveo-dev kernel: e820: reserve RAM buffer [mem 0x97dd5000-0x97ffffff]
Apr 23 00:33:14 alveo-dev kernel: e820: reserve RAM buffer [mem 0x105c800000-0x105fffffff]
Apr 23 00:33:14 alveo-dev kernel: NetLabel: Initializing
Apr 23 00:33:14 alveo-dev kernel: NetLabel:  domain hash size = 128
Apr 23 00:33:14 alveo-dev kernel: NetLabel:  protocols = UNLABELED CIPSOv4 CALIPSO
Apr 23 00:33:14 alveo-dev kernel: NetLabel:  unlabeled traffic allowed by default
Apr 23 00:33:14 alveo-dev kernel: hpet0: at MMIO 0xfed00000, IRQs 2, 8, 0, 0, 0, 0, 0, 0
Apr 23 00:33:14 alveo-dev kernel: hpet0: 8 comparators, 64-bit 24.000000 MHz counter
Apr 23 00:33:14 alveo-dev kernel: clocksource: Switched to clocksource tsc-early
Apr 23 00:33:14 alveo-dev kernel: *** VALIDATE bpf ***
Apr 23 00:33:14 alveo-dev kernel: VFS: Disk quotas dquot_6.6.0
Apr 23 00:33:14 alveo-dev kernel: VFS: Dquot-cache hash table entries: 512 (order 0, 4096 bytes)
Apr 23 00:33:14 alveo-dev kernel: *** VALIDATE ramfs ***
Apr 23 00:33:14 alveo-dev kernel: *** VALIDATE hugetlbfs ***
Apr 23 00:33:14 alveo-dev kernel: AppArmor: AppArmor Filesystem Enabled
Apr 23 00:33:14 alveo-dev kernel: pnp: PnP ACPI init
Apr 23 00:33:14 alveo-dev kernel: system 00:00: [io  0x0290-0x029f] has been reserved
Apr 23 00:33:14 alveo-dev kernel: system 00:00: Plug and Play ACPI device, IDs PNP0c02 (active)
Apr 23 00:33:14 alveo-dev kernel: pnp 00:01: [dma 0 disabled]
Apr 23 00:33:14 alveo-dev kernel: pnp 00:01: Plug and Play ACPI device, IDs PNP0501 (active)
Apr 23 00:33:14 alveo-dev kernel: system 00:02: [io  0x0680-0x069f] has been reserved
Apr 23 00:33:14 alveo-dev kernel: system 00:02: Plug and Play ACPI device, IDs PNP0c02 (active)
Apr 23 00:33:14 alveo-dev kernel: system 00:03: [io  0x1854-0x1857] has been reserved
Apr 23 00:33:14 alveo-dev kernel: system 00:03: Plug and Play ACPI device, IDs INT3f0d PNP0c02 (active)
Apr 23 00:33:14 alveo-dev kernel: system 00:04: [mem 0xfed10000-0xfed17fff] has been reserved
Apr 23 00:33:14 alveo-dev kernel: system 00:04: [mem 0xfeda0000-0xfeda0fff] has been reserved
Apr 23 00:33:14 alveo-dev kernel: system 00:04: [mem 0xfeda1000-0xfeda1fff] has been reserved
Apr 23 00:33:14 alveo-dev kernel: system 00:04: [mem 0xe0000000-0xefffffff] has been reserved
Apr 23 00:33:14 alveo-dev kernel: system 00:04: [mem 0xfed20000-0xfed7ffff] has been reserved
Apr 23 00:33:14 alveo-dev kernel: system 00:04: [mem 0xfed90000-0xfed93fff] has been reserved
Apr 23 00:33:14 alveo-dev kernel: system 00:04: [mem 0xfed45000-0xfed8ffff] could not be reserved
Apr 23 00:33:14 alveo-dev kernel: system 00:04: [mem 0xfee00000-0xfeefffff] could not be reserved
Apr 23 00:33:14 alveo-dev kernel: system 00:04: Plug and Play ACPI device, IDs PNP0c02 (active)
Apr 23 00:33:14 alveo-dev kernel: system 00:05: [io  0x1800-0x18fe] could not be reserved
Apr 23 00:33:14 alveo-dev kernel: system 00:05: [mem 0xfe000000-0xfe01ffff] could not be reserved
Apr 23 00:33:14 alveo-dev kernel: system 00:05: [mem 0xfe04c000-0xfe04ffff] has been reserved
Apr 23 00:33:14 alveo-dev kernel: system 00:05: [mem 0xfe050000-0xfe0affff] has been reserved
Apr 23 00:33:14 alveo-dev kernel: system 00:05: [mem 0xfe0d0000-0xfe0fffff] has been reserved
Apr 23 00:33:14 alveo-dev kernel: system 00:05: [mem 0xfe200000-0xfe7fffff] has been reserved
Apr 23 00:33:14 alveo-dev kernel: system 00:05: [mem 0xff000000-0xffffffff] has been reserved
Apr 23 00:33:14 alveo-dev kernel: system 00:05: [mem 0xfd000000-0xfd68ffff] has been reserved
Apr 23 00:33:14 alveo-dev kernel: system 00:05: [mem 0xfd6c0000-0xfd6cffff] has been reserved
Apr 23 00:33:14 alveo-dev kernel: system 00:05: [mem 0xfd6f0000-0xfdffffff] has been reserved
Apr 23 00:33:14 alveo-dev kernel: system 00:05: Plug and Play ACPI device, IDs PNP0c02 (active)
Apr 23 00:33:14 alveo-dev kernel: system 00:06: [io  0x2000-0x20fe] has been reserved
Apr 23 00:33:14 alveo-dev kernel: system 00:06: Plug and Play ACPI device, IDs PNP0c02 (active)
Apr 23 00:33:14 alveo-dev kernel: system 00:07: Plug and Play ACPI device, IDs PNP0c02 (active)
Apr 23 00:33:14 alveo-dev kernel: pnp: PnP ACPI: found 8 devices
Apr 23 00:33:14 alveo-dev kernel: thermal_sys: Registered thermal governor 'fair_share'
Apr 23 00:33:14 alveo-dev kernel: thermal_sys: Registered thermal governor 'bang_bang'
Apr 23 00:33:14 alveo-dev kernel: thermal_sys: Registered thermal governor 'step_wise'
Apr 23 00:33:14 alveo-dev kernel: thermal_sys: Registered thermal governor 'user_space'
Apr 23 00:33:14 alveo-dev kernel: thermal_sys: Registered thermal governor 'power_allocator'
Apr 23 00:33:14 alveo-dev kernel: clocksource: acpi_pm: mask: 0xffffff max_cycles: 0xffffff, max_idle_ns: 2085701024 ns
Apr 23 00:33:14 alveo-dev kernel: pci 0000:00:1d.0: bridge window [mem 0x00100000-0x000fffff 64bit pref] to [bus 04] add_size 200000 add_align 100000
Apr 23 00:33:14 alveo-dev kernel: pci 0000:00:1d.0: BAR 15: assigned [mem 0x4010000000-0x40101fffff 64bit pref]
Apr 23 00:33:14 alveo-dev kernel: pci 0000:00:15.0: BAR 0: assigned [mem 0x4010200000-0x4010200fff 64bit]
Apr 23 00:33:14 alveo-dev kernel: pci 0000:00:15.1: BAR 0: assigned [mem 0x4010201000-0x4010201fff 64bit]
Apr 23 00:33:14 alveo-dev kernel: pci 0000:00:1f.5: BAR 0: assigned [mem 0xa0504000-0xa0504fff]
Apr 23 00:33:14 alveo-dev kernel: pci 0000:00:1b.0: PCI bridge to [bus 01]
Apr 23 00:33:14 alveo-dev kernel: pci 0000:00:1b.0:   bridge window [mem 0xa0400000-0xa04fffff]
Apr 23 00:33:14 alveo-dev kernel: pci 0000:00:1c.0: PCI bridge to [bus 02]
Apr 23 00:33:14 alveo-dev kernel: pci 0000:00:1c.7: PCI bridge to [bus 03]
Apr 23 00:33:14 alveo-dev kernel: pci 0000:00:1c.7:   bridge window [mem 0xa0200000-0xa03fffff]
Apr 23 00:33:14 alveo-dev kernel: pci 0000:00:1d.0: PCI bridge to [bus 04]
Apr 23 00:33:14 alveo-dev kernel: pci 0000:00:1d.0:   bridge window [io  0x3000-0x3fff]
Apr 23 00:33:14 alveo-dev kernel: pci 0000:00:1d.0:   bridge window [mem 0x9f800000-0xa01fffff]
Apr 23 00:33:14 alveo-dev kernel: pci 0000:00:1d.0:   bridge window [mem 0x4010000000-0x40101fffff 64bit pref]
Apr 23 00:33:14 alveo-dev kernel: pci_bus 0000:00: resource 4 [io  0x0000-0x0cf7 window]
Apr 23 00:33:14 alveo-dev kernel: pci_bus 0000:00: resource 5 [io  0x0d00-0xffff window]
Apr 23 00:33:14 alveo-dev kernel: pci_bus 0000:00: resource 6 [mem 0x000a0000-0x000bffff window]
Apr 23 00:33:14 alveo-dev kernel: pci_bus 0000:00: resource 7 [mem 0x000e0000-0x000e3fff window]
Apr 23 00:33:14 alveo-dev kernel: pci_bus 0000:00: resource 8 [mem 0x000e4000-0x000e7fff window]
Apr 23 00:33:14 alveo-dev kernel: pci_bus 0000:00: resource 9 [mem 0x000e8000-0x000ebfff window]
Apr 23 00:33:14 alveo-dev kernel: pci_bus 0000:00: resource 10 [mem 0x000ec000-0x000effff window]
Apr 23 00:33:14 alveo-dev kernel: pci_bus 0000:00: resource 11 [mem 0x9f800000-0xdfffffff window]
Apr 23 00:33:14 alveo-dev kernel: pci_bus 0000:00: resource 12 [mem 0x4000000000-0x7fffffffff window]
Apr 23 00:33:14 alveo-dev kernel: pci_bus 0000:01: resource 1 [mem 0xa0400000-0xa04fffff]
Apr 23 00:33:14 alveo-dev kernel: pci_bus 0000:03: resource 1 [mem 0xa0200000-0xa03fffff]
Apr 23 00:33:14 alveo-dev kernel: pci_bus 0000:04: resource 0 [io  0x3000-0x3fff]
Apr 23 00:33:14 alveo-dev kernel: pci_bus 0000:04: resource 1 [mem 0x9f800000-0xa01fffff]
Apr 23 00:33:14 alveo-dev kernel: pci_bus 0000:04: resource 2 [mem 0x4010000000-0x40101fffff 64bit pref]
Apr 23 00:33:14 alveo-dev kernel: NET: Registered protocol family 2
Apr 23 00:33:14 alveo-dev kernel: tcp_listen_portaddr_hash hash table entries: 32768 (order: 7, 524288 bytes, linear)
Apr 23 00:33:14 alveo-dev kernel: TCP established hash table entries: 524288 (order: 10, 4194304 bytes, linear)
Apr 23 00:33:14 alveo-dev kernel: TCP bind hash table entries: 65536 (order: 8, 1048576 bytes, linear)
Apr 23 00:33:14 alveo-dev kernel: TCP: Hash tables configured (established 524288 bind 65536)
Apr 23 00:33:14 alveo-dev kernel: UDP hash table entries: 32768 (order: 8, 1048576 bytes, linear)
Apr 23 00:33:14 alveo-dev kernel: UDP-Lite hash table entries: 32768 (order: 8, 1048576 bytes, linear)
Apr 23 00:33:14 alveo-dev kernel: NET: Registered protocol family 1
Apr 23 00:33:14 alveo-dev kernel: NET: Registered protocol family 44
Apr 23 00:33:14 alveo-dev kernel: pci 0000:00:02.0: Video device with shadowed ROM at [mem 0x000c0000-0x000dffff]
Apr 23 00:33:14 alveo-dev kernel: PCI: CLS 64 bytes, default 64
Apr 23 00:33:14 alveo-dev kernel: Trying to unpack rootfs image as initramfs...
Apr 23 00:33:14 alveo-dev kernel: Freeing initrd memory: 85756K
Apr 23 00:33:14 alveo-dev kernel: PCI-DMA: Using software bounce buffering for IO (SWIOTLB)
Apr 23 00:33:14 alveo-dev kernel: software IO TLB: mapped [mem 0x8ee84000-0x92e84000] (64MB)
Apr 23 00:33:14 alveo-dev kernel: platform rtc_cmos: registered platform RTC device (no PNP device found)
Apr 23 00:33:14 alveo-dev kernel: check: Scanning for low memory corruption every 60 seconds
Apr 23 00:33:14 alveo-dev kernel: Initialise system trusted keyrings
Apr 23 00:33:14 alveo-dev kernel: Key type blacklist registered
Apr 23 00:33:14 alveo-dev kernel: workingset: timestamp_bits=36 max_order=24 bucket_order=0
Apr 23 00:33:14 alveo-dev kernel: zbud: loaded
Apr 23 00:33:14 alveo-dev kernel: squashfs: version 4.0 (2009/01/31) Phillip Lougher
Apr 23 00:33:14 alveo-dev kernel: fuse: init (API version 7.31)
Apr 23 00:33:14 alveo-dev kernel: *** VALIDATE fuse ***
Apr 23 00:33:14 alveo-dev kernel: *** VALIDATE fuse ***
Apr 23 00:33:14 alveo-dev kernel: Platform Keyring initialized
Apr 23 00:33:14 alveo-dev kernel: Key type asymmetric registered
Apr 23 00:33:14 alveo-dev kernel: Asymmetric key parser 'x509' registered
Apr 23 00:33:14 alveo-dev kernel: Block layer SCSI generic (bsg) driver version 0.4 loaded (major 244)
Apr 23 00:33:14 alveo-dev kernel: io scheduler mq-deadline registered
Apr 23 00:33:14 alveo-dev kernel: pcieport 0000:00:1b.0: AER: enabled with IRQ 120
Apr 23 00:33:14 alveo-dev kernel: pcieport 0000:00:1b.0: DPC: error containment capabilities: Int Msg #0, RPExt+ PoisonedTLP+ SwTrigger+ RP PIO Log 4, DL_ActiveErr+
Apr 23 00:33:14 alveo-dev kernel: pcieport 0000:00:1c.7: AER: enabled with IRQ 122
Apr 23 00:33:14 alveo-dev kernel: pcieport 0000:00:1c.7: DPC: error containment capabilities: Int Msg #0, RPExt+ PoisonedTLP+ SwTrigger+ RP PIO Log 4, DL_ActiveErr+
Apr 23 00:33:14 alveo-dev kernel: shpchp: Standard Hot Plug PCI Controller Driver version: 0.4
Apr 23 00:33:14 alveo-dev kernel: efifb: probing for efifb
Apr 23 00:33:14 alveo-dev kernel: efifb: framebuffer at 0x4000000000, using 32400k, total 32400k
Apr 23 00:33:14 alveo-dev kernel: efifb: mode is 3840x2160x32, linelength=15360, pages=1
Apr 23 00:33:14 alveo-dev kernel: efifb: scrolling: redraw
Apr 23 00:33:14 alveo-dev kernel: efifb: Truecolor: size=8:8:8:8, shift=24:16:8:0
Apr 23 00:33:14 alveo-dev kernel: Console: switching to colour frame buffer device 240x67
Apr 23 00:33:14 alveo-dev kernel: fb0: EFI VGA frame buffer device
Apr 23 00:33:14 alveo-dev kernel: intel_idle: does not run on family 6 model 165
Apr 23 00:33:14 alveo-dev kernel: input: Sleep Button as /devices/LNXSYSTM:00/LNXSYBUS:00/PNP0C0E:00/input/input0
Apr 23 00:33:14 alveo-dev kernel: ACPI: Sleep Button [SLPB]
Apr 23 00:33:14 alveo-dev kernel: input: Power Button as /devices/LNXSYSTM:00/LNXSYBUS:00/PNP0C0C:00/input/input1
Apr 23 00:33:14 alveo-dev kernel: ACPI: Power Button [PWRB]
Apr 23 00:33:14 alveo-dev kernel: input: Power Button as /devices/LNXSYSTM:00/LNXPWRBN:00/input/input2
Apr 23 00:33:14 alveo-dev kernel: ACPI: Power Button [PWRF]
Apr 23 00:33:14 alveo-dev kernel: Monitor-Mwait will be used to enter C-1 state
Apr 23 00:33:14 alveo-dev kernel: Monitor-Mwait will be used to enter C-2 state
Apr 23 00:33:14 alveo-dev kernel: Monitor-Mwait will be used to enter C-3 state
Apr 23 00:33:14 alveo-dev kernel: thermal LNXTHERM:00: registered as thermal_zone0
Apr 23 00:33:14 alveo-dev kernel: ACPI: Thermal Zone [TZ00] (28 C)
Apr 23 00:33:14 alveo-dev kernel: Serial: 8250/16550 driver, 32 ports, IRQ sharing enabled
Apr 23 00:33:14 alveo-dev kernel: 00:01: ttyS0 at I/O 0x3f8 (irq = 4, base_baud = 115200) is a 16550A
Apr 23 00:33:14 alveo-dev kernel: Linux agpgart interface v0.103
Apr 23 00:33:14 alveo-dev kernel: loop: module loaded
Apr 23 00:33:14 alveo-dev kernel: libphy: Fixed MDIO Bus: probed
Apr 23 00:33:14 alveo-dev kernel: tun: Universal TUN/TAP device driver, 1.6
Apr 23 00:33:14 alveo-dev kernel: PPP generic driver version 2.4.2
Apr 23 00:33:14 alveo-dev kernel: VFIO - User Level meta-driver version: 0.3
Apr 23 00:33:14 alveo-dev kernel: ehci_hcd: USB 2.0 'Enhanced' Host Controller (EHCI) Driver
Apr 23 00:33:14 alveo-dev kernel: ehci-pci: EHCI PCI platform driver
Apr 23 00:33:14 alveo-dev kernel: ehci-platform: EHCI generic platform driver
Apr 23 00:33:14 alveo-dev kernel: ohci_hcd: USB 1.1 'Open' Host Controller (OHCI) Driver
Apr 23 00:33:14 alveo-dev kernel: ohci-pci: OHCI PCI platform driver
Apr 23 00:33:14 alveo-dev kernel: ohci-platform: OHCI generic platform driver
Apr 23 00:33:14 alveo-dev kernel: uhci_hcd: USB Universal Host Controller Interface driver
Apr 23 00:33:14 alveo-dev kernel: xhci_hcd 0000:00:14.0: xHCI Host Controller
Apr 23 00:33:14 alveo-dev kernel: xhci_hcd 0000:00:14.0: new USB bus registered, assigned bus number 1
Apr 23 00:33:14 alveo-dev kernel: xhci_hcd 0000:00:14.0: hcc params 0x20007fc1 hci version 0x120 quirks 0x0000000000009810
Apr 23 00:33:14 alveo-dev kernel: xhci_hcd 0000:00:14.0: cache line size of 64 is not supported
Apr 23 00:33:14 alveo-dev kernel: usb usb1: New USB device found, idVendor=1d6b, idProduct=0002, bcdDevice= 5.04
Apr 23 00:33:14 alveo-dev kernel: usb usb1: New USB device strings: Mfr=3, Product=2, SerialNumber=1
Apr 23 00:33:14 alveo-dev kernel: usb usb1: Product: xHCI Host Controller
Apr 23 00:33:14 alveo-dev kernel: usb usb1: Manufacturer: Linux 5.4.0-72-generic xhci-hcd
Apr 23 00:33:14 alveo-dev kernel: usb usb1: SerialNumber: 0000:00:14.0
Apr 23 00:33:14 alveo-dev kernel: hub 1-0:1.0: USB hub found
Apr 23 00:33:14 alveo-dev kernel: hub 1-0:1.0: 16 ports detected
Apr 23 00:33:14 alveo-dev kernel: xhci_hcd 0000:00:14.0: xHCI Host Controller
Apr 23 00:33:14 alveo-dev kernel: xhci_hcd 0000:00:14.0: new USB bus registered, assigned bus number 2
Apr 23 00:33:14 alveo-dev kernel: xhci_hcd 0000:00:14.0: Host supports USB 3.2 Enhanced SuperSpeed
Apr 23 00:33:14 alveo-dev kernel: usb usb2: New USB device found, idVendor=1d6b, idProduct=0003, bcdDevice= 5.04
Apr 23 00:33:14 alveo-dev kernel: usb usb2: New USB device strings: Mfr=3, Product=2, SerialNumber=1
Apr 23 00:33:14 alveo-dev kernel: usb usb2: Product: xHCI Host Controller
Apr 23 00:33:14 alveo-dev kernel: usb usb2: Manufacturer: Linux 5.4.0-72-generic xhci-hcd
Apr 23 00:33:14 alveo-dev kernel: usb usb2: SerialNumber: 0000:00:14.0
Apr 23 00:33:14 alveo-dev kernel: hub 2-0:1.0: USB hub found
Apr 23 00:33:14 alveo-dev kernel: hub 2-0:1.0: 9 ports detected
Apr 23 00:33:14 alveo-dev kernel: i8042: PNP: No PS/2 controller found.
Apr 23 00:33:14 alveo-dev kernel: mousedev: PS/2 mouse device common for all mice
Apr 23 00:33:14 alveo-dev kernel: rtc_cmos rtc_cmos: RTC can wake from S4
Apr 23 00:33:14 alveo-dev kernel: rtc_cmos rtc_cmos: registered as rtc0
Apr 23 00:33:14 alveo-dev kernel: rtc_cmos rtc_cmos: alarms up to one month, y3k, 114 bytes nvram, hpet irqs
Apr 23 00:33:14 alveo-dev kernel: i2c /dev entries driver
Apr 23 00:33:14 alveo-dev kernel: device-mapper: uevent: version 1.0.3
Apr 23 00:33:14 alveo-dev kernel: device-mapper: ioctl: 4.41.0-ioctl (2019-09-16) initialised: dm-devel@redhat.com
Apr 23 00:33:14 alveo-dev kernel: platform eisa.0: Probing EISA bus 0
Apr 23 00:33:14 alveo-dev kernel: platform eisa.0: EISA: Cannot allocate resource for mainboard
Apr 23 00:33:14 alveo-dev kernel: platform eisa.0: Cannot allocate resource for EISA slot 1
Apr 23 00:33:14 alveo-dev kernel: platform eisa.0: Cannot allocate resource for EISA slot 2
Apr 23 00:33:14 alveo-dev kernel: platform eisa.0: Cannot allocate resource for EISA slot 3
Apr 23 00:33:14 alveo-dev kernel: platform eisa.0: Cannot allocate resource for EISA slot 4
Apr 23 00:33:14 alveo-dev kernel: platform eisa.0: Cannot allocate resource for EISA slot 5
Apr 23 00:33:14 alveo-dev kernel: platform eisa.0: Cannot allocate resource for EISA slot 6
Apr 23 00:33:14 alveo-dev kernel: platform eisa.0: Cannot allocate resource for EISA slot 7
Apr 23 00:33:14 alveo-dev kernel: platform eisa.0: Cannot allocate resource for EISA slot 8
Apr 23 00:33:14 alveo-dev kernel: platform eisa.0: EISA: Detected 0 cards
Apr 23 00:33:14 alveo-dev kernel: intel_pstate: Intel P-state driver initializing
Apr 23 00:33:14 alveo-dev kernel: intel_pstate: HWP enabled
Apr 23 00:33:14 alveo-dev kernel: ledtrig-cpu: registered to indicate activity on CPUs
Apr 23 00:33:14 alveo-dev kernel: EFI Variables Facility v0.08 2004-May-17
Apr 23 00:33:14 alveo-dev kernel: intel_pmc_core INT33A1:00:  initialized
Apr 23 00:33:14 alveo-dev kernel: drop_monitor: Initializing network drop monitor service
Apr 23 00:33:14 alveo-dev kernel: NET: Registered protocol family 10
Apr 23 00:33:14 alveo-dev kernel: Segment Routing with IPv6
Apr 23 00:33:14 alveo-dev kernel: NET: Registered protocol family 17
Apr 23 00:33:14 alveo-dev kernel: Key type dns_resolver registered
Apr 23 00:33:14 alveo-dev kernel: RAS: Correctable Errors collector initialized.
Apr 23 00:33:14 alveo-dev kernel: microcode: sig=0xa0655, pf=0x2, revision=0xe2
Apr 23 00:33:14 alveo-dev kernel: usb 1-6: new high-speed USB device number 2 using xhci_hcd
Apr 23 00:33:14 alveo-dev kernel: microcode: Microcode Update Driver: v2.2.
Apr 23 00:33:14 alveo-dev kernel: IPI shorthand broadcast: enabled
Apr 23 00:33:14 alveo-dev kernel: sched_clock: Marking stable (3322022111, 2860983)->(3440120080, -115236986)
Apr 23 00:33:14 alveo-dev kernel: registered taskstats version 1
Apr 23 00:33:14 alveo-dev kernel: Loading compiled-in X.509 certificates
Apr 23 00:33:14 alveo-dev kernel: Loaded X.509 cert 'Build time autogenerated kernel key: f55c4634ad654377a9ba7bad1ef0d32977b1cff1'
Apr 23 00:33:14 alveo-dev kernel: Loaded X.509 cert 'Canonical Ltd. Live Patch Signing: 14df34d1a87cf37625abec039ef2bf521249b969'
Apr 23 00:33:14 alveo-dev kernel: Loaded X.509 cert 'Canonical Ltd. Kernel Module Signing: 88f752e560a1e0737e31163a466ad7b70a850c19'
Apr 23 00:33:14 alveo-dev kernel: zswap: loaded using pool lzo/zbud
Apr 23 00:33:14 alveo-dev kernel: Key type ._fscrypt registered
Apr 23 00:33:14 alveo-dev kernel: Key type .fscrypt registered
Apr 23 00:33:14 alveo-dev kernel: Key type big_key registered
Apr 23 00:33:14 alveo-dev kernel: Key type encrypted registered
Apr 23 00:33:14 alveo-dev kernel: AppArmor: AppArmor sha1 policy hashing enabled
Apr 23 00:33:14 alveo-dev kernel: integrity: Loading X.509 certificate: UEFI:db
Apr 23 00:33:14 alveo-dev kernel: integrity: Loaded X.509 cert 'ASUSTeK MotherBoard SW Key Certificate: da83b990422ebc8c441f8d8b039a65a2'
Apr 23 00:33:14 alveo-dev kernel: integrity: Loading X.509 certificate: UEFI:db
Apr 23 00:33:14 alveo-dev kernel: integrity: Loaded X.509 cert 'ASUSTeK Notebook SW Key Certificate: b8e581e4df77a5bb4282d5ccfc00c071'
Apr 23 00:33:14 alveo-dev kernel: integrity: Loading X.509 certificate: UEFI:db
Apr 23 00:33:14 alveo-dev kernel: integrity: Loaded X.509 cert 'Microsoft Corporation UEFI CA 2011: 13adbf4309bd82709c8cd54f316ed522988a1bd4'
Apr 23 00:33:14 alveo-dev kernel: integrity: Loading X.509 certificate: UEFI:db
Apr 23 00:33:14 alveo-dev kernel: integrity: Loaded X.509 cert 'Microsoft Windows Production PCA 2011: a92902398e16c49778cd90f99e4f9ae17c55af53'
Apr 23 00:33:14 alveo-dev kernel: integrity: Loading X.509 certificate: UEFI:db
Apr 23 00:33:14 alveo-dev kernel: integrity: Loaded X.509 cert 'Canonical Ltd. Master Certificate Authority: ad91990bc22ab1f517048c23b6655a268e345a63'
Apr 23 00:33:14 alveo-dev kernel: integrity: Loading X.509 certificate: UEFI:MokListRT
Apr 23 00:33:14 alveo-dev kernel: integrity: Loaded X.509 cert 'SomeOrg: shim: a01ee84e9b37ace407961cc468c5909447878469'
Apr 23 00:33:14 alveo-dev kernel: integrity: Loading X.509 certificate: UEFI:MokListRT
Apr 23 00:33:14 alveo-dev kernel: integrity: Loaded X.509 cert 'Canonical Ltd. Master Certificate Authority: ad91990bc22ab1f517048c23b6655a268e345a63'
Apr 23 00:33:14 alveo-dev kernel: ima: No TPM chip found, activating TPM-bypass!
Apr 23 00:33:14 alveo-dev kernel: ima: Allocated hash algorithm: sha1
Apr 23 00:33:14 alveo-dev kernel: ima: No architecture policies found
Apr 23 00:33:14 alveo-dev kernel: evm: Initialising EVM extended attributes:
Apr 23 00:33:14 alveo-dev kernel: evm: security.selinux
Apr 23 00:33:14 alveo-dev kernel: evm: security.SMACK64
Apr 23 00:33:14 alveo-dev kernel: evm: security.SMACK64EXEC
Apr 23 00:33:14 alveo-dev kernel: evm: security.SMACK64TRANSMUTE
Apr 23 00:33:14 alveo-dev kernel: evm: security.SMACK64MMAP
Apr 23 00:33:14 alveo-dev kernel: evm: security.apparmor
Apr 23 00:33:14 alveo-dev kernel: evm: security.ima
Apr 23 00:33:14 alveo-dev kernel: evm: security.capability
Apr 23 00:33:14 alveo-dev kernel: evm: HMAC attrs: 0x1
Apr 23 00:33:14 alveo-dev kernel: PM:   Magic number: 1:741:557
Apr 23 00:33:14 alveo-dev kernel: clockevents clockevent8: hash matches
Apr 23 00:33:14 alveo-dev kernel: rtc_cmos rtc_cmos: setting system clock to 2021-04-23T00:33:11 UTC (1619137991)
Apr 23 00:33:14 alveo-dev kernel: Lockdown: swapper/0: hibernation is restricted; see man kernel_lockdown.7
Apr 23 00:33:14 alveo-dev kernel: Freeing unused decrypted memory: 2040K
Apr 23 00:33:14 alveo-dev kernel: Freeing unused kernel image memory: 2732K
Apr 23 00:33:14 alveo-dev kernel: usb 1-6: New USB device found, idVendor=05e3, idProduct=0610, bcdDevice=60.60
Apr 23 00:33:14 alveo-dev kernel: Write protecting the kernel read-only data: 22528k
Apr 23 00:33:14 alveo-dev kernel: usb 1-6: New USB device strings: Mfr=0, Product=1, SerialNumber=0
Apr 23 00:33:14 alveo-dev kernel: usb 1-6: Product: USB2.0 Hub
Apr 23 00:33:14 alveo-dev kernel: Freeing unused kernel image memory: 2008K
Apr 23 00:33:14 alveo-dev kernel: hub 1-6:1.0: USB hub found
Apr 23 00:33:14 alveo-dev kernel: Freeing unused kernel image memory: 1136K
Apr 23 00:33:14 alveo-dev kernel: hub 1-6:1.0: 4 ports detected
Apr 23 00:33:14 alveo-dev kernel: x86/mm: Checked W+X mappings: passed, no W+X pages found.
Apr 23 00:33:14 alveo-dev kernel: Run /init as init process
Apr 23 00:33:14 alveo-dev kernel: acpi PNP0C14:01: duplicate WMI GUID 05901221-D566-11D1-B2F0-00A0C9062910 (first instance was on PNP0C14:00)
Apr 23 00:33:14 alveo-dev kernel: acpi PNP0C14:02: duplicate WMI GUID 05901221-D566-11D1-B2F0-00A0C9062910 (first instance was on PNP0C14:00)
Apr 23 00:33:14 alveo-dev kernel: Intel(R) 2.5G Ethernet Linux Driver - version 0.0.1-k
Apr 23 00:33:14 alveo-dev kernel: acpi PNP0C14:04: duplicate WMI GUID 05901221-D566-11D1-B2F0-00A0C9062910 (first instance was on PNP0C14:00)
Apr 23 00:33:14 alveo-dev kernel: Copyright(c) 2018 Intel Corporation.
Apr 23 00:33:14 alveo-dev kernel: acpi PNP0C14:05: duplicate WMI GUID 05901221-D566-11D1-B2F0-00A0C9062910 (first instance was on PNP0C14:00)
Apr 23 00:33:14 alveo-dev kernel: igc 0000:03:00.0: enabling device (0000 -> 0002)
Apr 23 00:33:14 alveo-dev kernel: acpi PNP0C14:06: duplicate WMI GUID 97845ED0-4E6D-11DE-8A39-0800200C9A66 (first instance was on PNP0C14:02)
Apr 23 00:33:14 alveo-dev kernel: acpi PNP0C14:06: duplicate WMI GUID 05901221-D566-11D1-B2F0-00A0C9062910 (first instance was on PNP0C14:00)
Apr 23 00:33:14 alveo-dev kernel: cryptd: max_cpu_qlen set to 1000
Apr 23 00:33:14 alveo-dev kernel: nvme nvme0: pci function 0000:01:00.0
Apr 23 00:33:14 alveo-dev kernel: ahci 0000:00:17.0: version 3.0
Apr 23 00:33:14 alveo-dev kernel: ahci 0000:00:17.0: AHCI 0001.0301 32 slots 4 ports 6 Gbps 0xf impl SATA mode
Apr 23 00:33:14 alveo-dev kernel: ahci 0000:00:17.0: flags: 64bit ncq sntf clo only pio slum part ems deso sadm sds 
Apr 23 00:33:14 alveo-dev kernel: AVX2 version of gcm_enc/dec engaged.
Apr 23 00:33:14 alveo-dev kernel: AES CTR mode by8 optimization enabled
Apr 23 00:33:14 alveo-dev kernel: usb 1-11: new full-speed USB device number 3 using xhci_hcd
Apr 23 00:33:14 alveo-dev kernel: scsi host0: ahci
Apr 23 00:33:14 alveo-dev kernel: scsi host1: ahci
Apr 23 00:33:14 alveo-dev kernel: scsi host2: ahci
Apr 23 00:33:14 alveo-dev kernel: scsi host3: ahci
Apr 23 00:33:14 alveo-dev kernel: ata1: SATA max UDMA/133 abar m2048@0xa0502000 port 0xa0502100 irq 126
Apr 23 00:33:14 alveo-dev kernel: ata2: SATA max UDMA/133 abar m2048@0xa0502000 port 0xa0502180 irq 126
Apr 23 00:33:14 alveo-dev kernel: ata3: SATA max UDMA/133 abar m2048@0xa0502000 port 0xa0502200 irq 126
Apr 23 00:33:14 alveo-dev kernel: ata4: SATA max UDMA/133 abar m2048@0xa0502000 port 0xa0502280 irq 126
Apr 23 00:33:14 alveo-dev kernel: checking generic (4000000000 1fa4000) vs hw (4000000000 10000000)
Apr 23 00:33:14 alveo-dev kernel: fb0: switching to inteldrmfb from EFI VGA
Apr 23 00:33:14 alveo-dev kernel: intel-lpss 0000:00:15.0: enabling device (0004 -> 0006)
Apr 23 00:33:14 alveo-dev kernel: Console: switching to colour dummy device 80x25
Apr 23 00:33:14 alveo-dev kernel: i915 0000:00:02.0: vgaarb: deactivate vga console
Apr 23 00:33:14 alveo-dev kernel: idma64 idma64.0: Found Intel integrated DMA 64-bit
Apr 23 00:33:14 alveo-dev kernel: [drm] Supports vblank timestamp caching Rev 2 (21.10.2013).
Apr 23 00:33:14 alveo-dev kernel: [drm] Driver supports precise vblank timestamp query.
Apr 23 00:33:14 alveo-dev kernel: igc 0000:03:00.0: 4.000 Gb/s available PCIe bandwidth (5 GT/s x1 link)
Apr 23 00:33:14 alveo-dev kernel: igc 0000:03:00.0 eth0: MAC: f0:2f:74:d9:1e:45
Apr 23 00:33:14 alveo-dev kernel: i915 0000:00:02.0: vgaarb: changed VGA decodes: olddecodes=io+mem,decodes=io+mem:owns=io+mem
Apr 23 00:33:14 alveo-dev kernel: [drm] Finished loading DMC firmware i915/kbl_dmc_ver1_04.bin (v1.4)
Apr 23 00:33:14 alveo-dev kernel: igc 0000:03:00.0 enp3s0: renamed from eth0
Apr 23 00:33:14 alveo-dev kernel: [drm:drm_calc_timestamping_constants [drm]] *ERROR* crtc 48: Can't calculate constants, dotclock = 0!
Apr 23 00:33:14 alveo-dev kernel: ------------[ cut here ]------------
Apr 23 00:33:14 alveo-dev kernel: WARNING: CPU: 2 PID: 297 at drivers/gpu/drm/drm_vblank.c:637 drm_calc_vbltimestamp_from_scanoutpos+0x1cc/0x350 [drm]
Apr 23 00:33:14 alveo-dev kernel: Modules linked in: i915(+) i2c_algo_bit drm_kms_helper crct10dif_pclmul crc32_pclmul intel_lpss_pci(+) ghash_clmulni_intel syscopyarea fjes(-) sysfillrect aesni_intel sysimgblt intel_lpss fb_sys_fops crypto_simd ahci nvme cryptd idma64 glue_helper libahci drm nvme_core igc virt_dma wmi video
Apr 23 00:33:14 alveo-dev kernel: CPU: 2 PID: 297 Comm: systemd-udevd Not tainted 5.4.0-72-generic #80-Ubuntu
Apr 23 00:33:14 alveo-dev kernel: Hardware name: ASUS System Product Name/TUF GAMING Z590-PLUS WIFI, BIOS 0405 01/15/2021
Apr 23 00:33:14 alveo-dev kernel: RIP: 0010:drm_calc_vbltimestamp_from_scanoutpos+0x1cc/0x350 [drm]
Apr 23 00:33:14 alveo-dev kernel: Code: 43 20 8b 80 70 01 00 00 23 43 50 a8 10 75 1b 48 8b 83 28 03 00 00 48 85 c0 0f 84 7b fe ff ff 48 83 78 28 00 0f 84 70 fe ff ff <0f> 0b e9 6c fe ff ff 49 63 cb 4c 63 c0 44 89 da 45 89 fd 4d 69 c0
Apr 23 00:33:14 alveo-dev kernel: RSP: 0018:ffffb126c0937748 EFLAGS: 00010002
Apr 23 00:33:14 alveo-dev kernel: RAX: 000000000000003b RBX: ffff9a1a41600000 RCX: 0000000000000000
Apr 23 00:33:14 alveo-dev kernel: RDX: 0000000000000000 RSI: ffffffffc0365218 RDI: 0000000000000001
Apr 23 00:33:14 alveo-dev kernel: RBP: ffffb126c09377b8 R08: 0000000000000000 R09: ffffffffc033d400
Apr 23 00:33:14 alveo-dev kernel: R10: ffff9a1a54c2b8a0 R11: ffffffffc04ebe70 R12: ffff9a1a41600000
Apr 23 00:33:14 alveo-dev kernel: R13: 0000000000000000 R14: ffffb126c09377cc R15: ffff9a1a54c2e880
Apr 23 00:33:14 alveo-dev kernel: FS:  00007f697fe55880(0000) GS:ffff9a1a5be80000(0000) knlGS:0000000000000000
Apr 23 00:33:14 alveo-dev kernel: CS:  0010 DS: 0000 ES: 0000 CR0: 0000000080050033
Apr 23 00:33:14 alveo-dev kernel: CR2: 00005640a93c5630 CR3: 0000001002a5c005 CR4: 00000000007606e0
Apr 23 00:33:14 alveo-dev kernel: PKRU: 55555554
Apr 23 00:33:14 alveo-dev kernel: Call Trace:
Apr 23 00:33:14 alveo-dev kernel:  ? fwtable_read32+0x90/0x200 [i915]
Apr 23 00:33:14 alveo-dev kernel:  drm_get_last_vbltimestamp+0x4e/0x80 [drm]
Apr 23 00:33:14 alveo-dev kernel:  drm_reset_vblank_timestamp+0x63/0xd0 [drm]
Apr 23 00:33:14 alveo-dev kernel:  drm_crtc_vblank_on+0x7f/0xe0 [drm]
Apr 23 00:33:14 alveo-dev kernel:  intel_crtc_vblank_on+0x2f/0x40 [i915]
Apr 23 00:33:14 alveo-dev kernel:  intel_modeset_setup_hw_state+0x1e2/0xcd0 [i915]
Apr 23 00:33:14 alveo-dev kernel:  ? drm_modeset_lock+0x35/0xb0 [drm]
Apr 23 00:33:14 alveo-dev kernel:  ? drm_warn_on_modeset_not_all_locked.part.0+0x5e/0x90 [drm]
Apr 23 00:33:14 alveo-dev kernel:  intel_modeset_init+0x560/0x1130 [i915]
Apr 23 00:33:14 alveo-dev kernel:  ? intel_gmbus_reset+0x5a/0x60 [i915]
Apr 23 00:33:14 alveo-dev kernel:  ? intel_gmbus_setup+0x237/0x2b0 [i915]
Apr 23 00:33:14 alveo-dev kernel:  i915_driver_probe+0x4ea/0x5d0 [i915]
Apr 23 00:33:14 alveo-dev kernel:  ? mutex_lock+0x13/0x40
Apr 23 00:33:14 alveo-dev kernel:  i915_pci_probe+0x5a/0x140 [i915]
Apr 23 00:33:14 alveo-dev kernel:  local_pci_probe+0x48/0x80
Apr 23 00:33:14 alveo-dev kernel:  pci_device_probe+0x10f/0x1b0
Apr 23 00:33:14 alveo-dev kernel:  really_probe+0x159/0x3d0
Apr 23 00:33:14 alveo-dev kernel:  driver_probe_device+0xbc/0x100
Apr 23 00:33:14 alveo-dev kernel:  device_driver_attach+0x5d/0x70
Apr 23 00:33:14 alveo-dev kernel:  __driver_attach+0x8f/0x150
Apr 23 00:33:14 alveo-dev kernel:  ? device_driver_attach+0x70/0x70
Apr 23 00:33:14 alveo-dev kernel:  bus_for_each_dev+0x7e/0xc0
Apr 23 00:33:14 alveo-dev kernel:  driver_attach+0x1e/0x20
Apr 23 00:33:14 alveo-dev kernel:  bus_add_driver+0x152/0x1f0
Apr 23 00:33:14 alveo-dev kernel:  driver_register+0x74/0xd0
Apr 23 00:33:14 alveo-dev kernel:  __pci_register_driver+0x57/0x60
Apr 23 00:33:14 alveo-dev kernel:  i915_init+0x61/0x6c [i915]
Apr 23 00:33:14 alveo-dev kernel:  ? 0xffffffffc06c9000
Apr 23 00:33:14 alveo-dev kernel:  do_one_initcall+0x4a/0x200
Apr 23 00:33:14 alveo-dev kernel:  ? kfree+0x231/0x250
Apr 23 00:33:14 alveo-dev kernel:  ? _cond_resched+0x19/0x30
Apr 23 00:33:14 alveo-dev kernel:  ? kmem_cache_alloc_trace+0x1b0/0x240
Apr 23 00:33:14 alveo-dev kernel:  do_init_module+0x62/0x260
Apr 23 00:33:14 alveo-dev kernel:  load_module+0x11a3/0x12a0
Apr 23 00:33:14 alveo-dev kernel:  __do_sys_finit_module+0xbe/0x120
Apr 23 00:33:14 alveo-dev kernel:  ? __do_sys_finit_module+0xbe/0x120
Apr 23 00:33:14 alveo-dev kernel:  __x64_sys_finit_module+0x1a/0x20
Apr 23 00:33:14 alveo-dev kernel:  do_syscall_64+0x57/0x190
Apr 23 00:33:14 alveo-dev kernel:  entry_SYSCALL_64_after_hwframe+0x44/0xa9
Apr 23 00:33:14 alveo-dev kernel: RIP: 0033:0x7f69803d789d
Apr 23 00:33:14 alveo-dev kernel: Code: 00 c3 66 2e 0f 1f 84 00 00 00 00 00 90 f3 0f 1e fa 48 89 f8 48 89 f7 48 89 d6 48 89 ca 4d 89 c2 4d 89 c8 4c 8b 4c 24 08 0f 05 <48> 3d 01 f0 ff ff 73 01 c3 48 8b 0d c3 f5 0c 00 f7 d8 64 89 01 48
Apr 23 00:33:14 alveo-dev kernel: RSP: 002b:00007ffc59a1ae78 EFLAGS: 00000246 ORIG_RAX: 0000000000000139
Apr 23 00:33:14 alveo-dev kernel: RAX: ffffffffffffffda RBX: 00005640a941ca10 RCX: 00007f69803d789d
Apr 23 00:33:14 alveo-dev kernel: RDX: 0000000000000000 RSI: 00007f69802b4ded RDI: 0000000000000012
Apr 23 00:33:14 alveo-dev kernel: RBP: 0000000000020000 R08: 0000000000000000 R09: 0000000000000000
Apr 23 00:33:14 alveo-dev kernel: R10: 0000000000000012 R11: 0000000000000246 R12: 00007f69802b4ded
Apr 23 00:33:14 alveo-dev kernel: R13: 0000000000000000 R14: 00005640a941e3d0 R15: 00005640a941ca10
Apr 23 00:33:14 alveo-dev kernel: ---[ end trace a95b0ddf2bd36bd0 ]---
Apr 23 00:33:14 alveo-dev kernel: i915 0000:00:02.0: Failed to program MOCS registers; expect performance issues.
Apr 23 00:33:14 alveo-dev kernel: [drm] Initialized i915 1.6.0 20190822 for 0000:00:02.0 on minor 0
Apr 23 00:33:14 alveo-dev kernel: ACPI: Video Device [GFX0] (multi-head: yes  rom: no  post: no)
Apr 23 00:33:14 alveo-dev kernel: input: Video Bus as /devices/LNXSYSTM:00/LNXSYBUS:00/PNP0A08:00/LNXVIDEO:00/input/input3
Apr 23 00:33:14 alveo-dev kernel: [drm] Cannot find any crtc or sizes
Apr 23 00:33:14 alveo-dev kernel: intel-lpss 0000:00:15.1: enabling device (0004 -> 0006)
Apr 23 00:33:14 alveo-dev kernel: idma64 idma64.1: Found Intel integrated DMA 64-bit
Apr 23 00:33:14 alveo-dev kernel: usb 1-11: New USB device found, idVendor=413c, idProduct=301d, bcdDevice= 0.12
Apr 23 00:33:14 alveo-dev kernel: usb 1-11: New USB device strings: Mfr=1, Product=2, SerialNumber=0
Apr 23 00:33:14 alveo-dev kernel: usb 1-11: Product: Dell Universal Receiver
Apr 23 00:33:14 alveo-dev kernel: usb 1-11: Manufacturer: Dell
Apr 23 00:33:14 alveo-dev kernel: tsc: Refined TSC clocksource calibration: 3695.996 MHz
Apr 23 00:33:14 alveo-dev kernel: clocksource: tsc: mask: 0xffffffffffffffff max_cycles: 0x6a8d1fbf22a, max_idle_ns: 881590537935 ns
Apr 23 00:33:14 alveo-dev kernel: clocksource: Switched to clocksource tsc
Apr 23 00:33:14 alveo-dev kernel: nvme nvme0: missing or invalid SUBNQN field.
Apr 23 00:33:14 alveo-dev kernel: nvme nvme0: Shutdown timeout set to 8 seconds
Apr 23 00:33:14 alveo-dev kernel: nvme nvme0: 20/0/0 default/read/poll queues
Apr 23 00:33:14 alveo-dev kernel:  nvme0n1: p1 p2 p3 p4 p5 p6
Apr 23 00:33:14 alveo-dev kernel: usb 1-13: new full-speed USB device number 4 using xhci_hcd
Apr 23 00:33:14 alveo-dev kernel: ata4: SATA link down (SStatus 4 SControl 300)
Apr 23 00:33:14 alveo-dev kernel: ata2: SATA link down (SStatus 4 SControl 300)
Apr 23 00:33:14 alveo-dev kernel: ata1: SATA link up 6.0 Gbps (SStatus 133 SControl 300)
Apr 23 00:33:14 alveo-dev kernel: ata3: SATA link down (SStatus 4 SControl 300)
Apr 23 00:33:14 alveo-dev kernel: ata1.00: ATA-10: ST2000DM008-2FR102, 0001, max UDMA/133
Apr 23 00:33:14 alveo-dev kernel: ata1.00: 3907029168 sectors, multi 16: LBA48 NCQ (depth 32), AA
Apr 23 00:33:14 alveo-dev kernel: usb 1-13: config 1 has an invalid interface number: 2 but max is 1
Apr 23 00:33:14 alveo-dev kernel: usb 1-13: config 1 has no interface number 1
Apr 23 00:33:14 alveo-dev kernel: usb 1-13: New USB device found, idVendor=0b05, idProduct=19af, bcdDevice= 1.00
Apr 23 00:33:14 alveo-dev kernel: usb 1-13: New USB device strings: Mfr=1, Product=2, SerialNumber=3
Apr 23 00:33:14 alveo-dev kernel: usb 1-13: Product: AURA LED Controller
Apr 23 00:33:14 alveo-dev kernel: usb 1-13: Manufacturer: AsusTek Computer Inc.
Apr 23 00:33:14 alveo-dev kernel: usb 1-13: SerialNumber: 9876543210
Apr 23 00:33:14 alveo-dev kernel: ata1.00: configured for UDMA/133
Apr 23 00:33:14 alveo-dev kernel: scsi 0:0:0:0: Direct-Access     ATA      ST2000DM008-2FR1 0001 PQ: 0 ANSI: 5
Apr 23 00:33:14 alveo-dev kernel: sd 0:0:0:0: Attached scsi generic sg0 type 0
Apr 23 00:33:14 alveo-dev kernel: sd 0:0:0:0: [sda] 3907029168 512-byte logical blocks: (2.00 TB/1.82 TiB)
Apr 23 00:33:14 alveo-dev kernel: sd 0:0:0:0: [sda] 4096-byte physical blocks
Apr 23 00:33:14 alveo-dev kernel: sd 0:0:0:0: [sda] Write Protect is off
Apr 23 00:33:14 alveo-dev kernel: sd 0:0:0:0: [sda] Mode Sense: 00 3a 00 00
Apr 23 00:33:14 alveo-dev kernel: sd 0:0:0:0: [sda] Write cache: enabled, read cache: enabled, doesn't support DPO or FUA
Apr 23 00:33:14 alveo-dev kernel:  sda: sda1
Apr 23 00:33:14 alveo-dev kernel: sd 0:0:0:0: [sda] Attached SCSI disk
Apr 23 00:33:14 alveo-dev kernel: usb 1-14: new full-speed USB device number 5 using xhci_hcd
Apr 23 00:33:14 alveo-dev kernel: usb 1-14: New USB device found, idVendor=8087, idProduct=0026, bcdDevice= 0.02
Apr 23 00:33:14 alveo-dev kernel: usb 1-14: New USB device strings: Mfr=0, Product=0, SerialNumber=0
Apr 23 00:33:14 alveo-dev kernel: hidraw: raw HID events driver (C) Jiri Kosina
Apr 23 00:33:14 alveo-dev kernel: usbcore: registered new interface driver usbhid
Apr 23 00:33:14 alveo-dev kernel: usbhid: USB HID core driver
Apr 23 00:33:14 alveo-dev kernel: input: Dell Dell Universal Receiver as /devices/pci0000:00/0000:00:14.0/usb1/1-11/1-11:1.0/0003:413C:301D.0001/input/input4
Apr 23 00:33:14 alveo-dev kernel: hid-generic 0003:413C:301D.0001: input,hidraw0: USB HID v1.11 Keyboard [Dell Dell Universal Receiver] on usb-0000:00:14.0-11/input0
Apr 23 00:33:14 alveo-dev kernel: input: Dell Dell Universal Receiver Mouse as /devices/pci0000:00/0000:00:14.0/usb1/1-11/1-11:1.1/0003:413C:301D.0002/input/input5
Apr 23 00:33:14 alveo-dev kernel: input: Dell Dell Universal Receiver Consumer Control as /devices/pci0000:00/0000:00:14.0/usb1/1-11/1-11:1.1/0003:413C:301D.0002/input/input6
Apr 23 00:33:14 alveo-dev kernel: input: Dell Dell Universal Receiver System Control as /devices/pci0000:00/0000:00:14.0/usb1/1-11/1-11:1.1/0003:413C:301D.0002/input/input7
Apr 23 00:33:14 alveo-dev kernel: hid-generic 0003:413C:301D.0002: input,hidraw1: USB HID v1.11 Mouse [Dell Dell Universal Receiver] on usb-0000:00:14.0-11/input1
Apr 23 00:33:14 alveo-dev kernel: hid-generic 0003:413C:301D.0003: hiddev0,hidraw2: USB HID v1.11 Device [Dell Dell Universal Receiver] on usb-0000:00:14.0-11/input2
Apr 23 00:33:14 alveo-dev kernel: hid-generic 0003:0B05:19AF.0004: hiddev1,hidraw3: USB HID v1.11 Device [AsusTek Computer Inc. AURA LED Controller] on usb-0000:00:14.0-13/input2
Apr 23 00:33:14 alveo-dev kernel: raid6: avx2x4   gen() 51343 MB/s
Apr 23 00:33:14 alveo-dev kernel: raid6: avx2x4   xor() 29842 MB/s
Apr 23 00:33:14 alveo-dev kernel: raid6: avx2x2   gen() 43437 MB/s
Apr 23 00:33:14 alveo-dev kernel: raid6: avx2x2   xor() 28251 MB/s
Apr 23 00:33:14 alveo-dev kernel: raid6: avx2x1   gen() 36434 MB/s
Apr 23 00:33:14 alveo-dev kernel: raid6: avx2x1   xor() 25693 MB/s
Apr 23 00:33:14 alveo-dev kernel: raid6: sse2x4   gen() 21062 MB/s
Apr 23 00:33:14 alveo-dev kernel: raid6: sse2x4   xor() 13270 MB/s
Apr 23 00:33:14 alveo-dev kernel: raid6: sse2x2   gen() 18047 MB/s
Apr 23 00:33:14 alveo-dev kernel: raid6: sse2x2   xor() 12166 MB/s
Apr 23 00:33:14 alveo-dev kernel: raid6: sse2x1   gen() 16155 MB/s
Apr 23 00:33:14 alveo-dev kernel: raid6: sse2x1   xor()  9276 MB/s
Apr 23 00:33:14 alveo-dev kernel: raid6: using algorithm avx2x4 gen() 51343 MB/s
Apr 23 00:33:14 alveo-dev kernel: raid6: .... xor() 29842 MB/s, rmw enabled
Apr 23 00:33:14 alveo-dev kernel: raid6: using avx2x2 recovery algorithm
Apr 23 00:33:14 alveo-dev kernel: xor: automatically using best checksumming function   avx       
Apr 23 00:33:14 alveo-dev kernel: async_tx: api initialized (async)
Apr 23 00:33:14 alveo-dev kernel: Btrfs loaded, crc32c=crc32c-intel
Apr 23 00:33:14 alveo-dev kernel: EXT4-fs (nvme0n1p5): INFO: recovery required on readonly filesystem
Apr 23 00:33:14 alveo-dev kernel: EXT4-fs (nvme0n1p5): write access will be enabled during recovery
Apr 23 00:33:14 alveo-dev kernel: EXT4-fs (nvme0n1p5): recovery complete
Apr 23 00:33:14 alveo-dev kernel: EXT4-fs (nvme0n1p5): mounted filesystem with ordered data mode. Opts: (null)
Apr 23 00:33:14 alveo-dev systemd[1]: Inserted module 'autofs4'
Apr 23 00:33:14 alveo-dev systemd[1]: systemd 245.4-4ubuntu3.6 running in system mode. (+PAM +AUDIT +SELINUX +IMA +APPARMOR +SMACK +SYSVINIT +UTMP +LIBCRYPTSETUP +GCRYPT +GNUTLS +ACL +XZ +LZ4 +SECCOMP +BLKID +ELFUTILS +KMOD +IDN2 -IDN +PCRE2 default-hierarchy=hybrid)
Apr 23 00:33:14 alveo-dev systemd[1]: Detected architecture x86-64.
Apr 23 00:33:14 alveo-dev systemd[1]: Set hostname to <alveo-dev>.
Apr 23 00:33:14 alveo-dev kernel: Lockdown: systemd: /dev/mem,kmem,port is restricted; see man kernel_lockdown.7
Apr 23 00:33:14 alveo-dev systemd[1]: Created slice system-modprobe.slice.
Apr 23 00:33:14 alveo-dev systemd[1]: Created slice User and Session Slice.
Apr 23 00:33:14 alveo-dev systemd[1]: Started Forward Password Requests to Wall Directory Watch.
Apr 23 00:33:14 alveo-dev systemd[1]: Set up automount Arbitrary Executable File Formats File System Automount Point.
Apr 23 00:33:14 alveo-dev systemd[1]: Reached target User and Group Name Lookups.
Apr 23 00:33:14 alveo-dev systemd[1]: Reached target Slices.
Apr 23 00:33:14 alveo-dev systemd[1]: Listening on Device-mapper event daemon FIFOs.
Apr 23 00:33:14 alveo-dev systemd[1]: Listening on LVM2 poll daemon socket.
Apr 23 00:33:14 alveo-dev systemd[1]: Listening on multipathd control socket.
Apr 23 00:33:14 alveo-dev systemd[1]: Listening on Syslog Socket.
Apr 23 00:33:14 alveo-dev systemd[1]: Listening on initctl Compatibility Named Pipe.
Apr 23 00:33:14 alveo-dev systemd[1]: Listening on Journal Audit Socket.
Apr 23 00:33:14 alveo-dev systemd[1]: Listening on Journal Socket (/dev/log).
Apr 23 00:33:14 alveo-dev systemd[1]: Listening on Journal Socket.
Apr 23 00:33:14 alveo-dev systemd[1]: Listening on Network Service Netlink Socket.
Apr 23 00:33:14 alveo-dev systemd[1]: Listening on udev Control Socket.
Apr 23 00:33:14 alveo-dev systemd[1]: Listening on udev Kernel Socket.
Apr 23 00:33:14 alveo-dev systemd[1]: Mounting Huge Pages File System...
Apr 23 00:33:14 alveo-dev systemd[1]: Mounting POSIX Message Queue File System...
Apr 23 00:33:14 alveo-dev systemd[1]: Mounting Kernel Debug File System...
Apr 23 00:33:14 alveo-dev systemd[1]: Mounting Kernel Trace File System...
Apr 23 00:33:14 alveo-dev systemd[1]: Starting Journal Service...
Apr 23 00:33:14 alveo-dev systemd[1]: Starting Set the console keyboard layout...
Apr 23 00:33:14 alveo-dev systemd[1]: Starting Create list of static device nodes for the current kernel...
Apr 23 00:33:14 alveo-dev systemd[1]: Starting Monitoring of LVM2 mirrors, snapshots etc. using dmeventd or progress polling...
Apr 23 00:33:14 alveo-dev systemd[1]: Condition check resulted in Load Kernel Module drm being skipped.
Apr 23 00:33:14 alveo-dev systemd[1]: Condition check resulted in OpenVSwitch configuration for cleanup being skipped.
Apr 23 00:33:14 alveo-dev systemd[1]: Condition check resulted in Set Up Additional Binary Formats being skipped.
Apr 23 00:33:14 alveo-dev systemd[1]: Starting Load Kernel Modules...
Apr 23 00:33:14 alveo-dev systemd[1]: Starting Remount Root and Kernel File Systems...
Apr 23 00:33:14 alveo-dev systemd[1]: Starting udev Coldplug all Devices...
Apr 23 00:33:14 alveo-dev systemd[1]: Starting Uncomplicated firewall...
Apr 23 00:33:14 alveo-dev systemd[1]: Mounted Huge Pages File System.
Apr 23 00:33:14 alveo-dev systemd[1]: Mounted POSIX Message Queue File System.
Apr 23 00:33:14 alveo-dev systemd[1]: Mounted Kernel Debug File System.
Apr 23 00:33:14 alveo-dev systemd[1]: Mounted Kernel Trace File System.
Apr 23 00:33:14 alveo-dev systemd[1]: Finished Create list of static device nodes for the current kernel.
Apr 23 00:33:14 alveo-dev systemd[1]: Finished Uncomplicated firewall.
Apr 23 00:33:14 alveo-dev kernel: EXT4-fs (nvme0n1p5): re-mounted. Opts: (null)
Apr 23 00:33:14 alveo-dev systemd[1]: Finished Remount Root and Kernel File Systems.
Apr 23 00:33:14 alveo-dev kernel: lp: driver loaded but no devices found
Apr 23 00:33:14 alveo-dev systemd[1]: Activating swap /swap.img...
Apr 23 00:33:14 alveo-dev systemd[1]: Condition check resulted in Rebuild Hardware Database being skipped.
Apr 23 00:33:14 alveo-dev systemd[1]: Condition check resulted in Platform Persistent Storage Archival being skipped.
Apr 23 00:33:14 alveo-dev systemd[1]: Starting Load/Save Random Seed...
Apr 23 00:33:14 alveo-dev systemd[1]: Starting Create System Users...
Apr 23 00:33:14 alveo-dev kernel: ppdev: user-space parallel port driver
Apr 23 00:33:14 alveo-dev systemd[1]: Finished Load Kernel Modules.
Apr 23 00:33:14 alveo-dev systemd[1]: Mounting FUSE Control File System...
Apr 23 00:33:14 alveo-dev systemd[1]: Mounting Kernel Configuration File System...
Apr 23 00:33:14 alveo-dev systemd[1]: Starting Apply Kernel Variables...
Apr 23 00:33:14 alveo-dev systemd[1]: Mounted FUSE Control File System.
Apr 23 00:33:14 alveo-dev systemd[1]: Mounted Kernel Configuration File System.
Apr 23 00:33:14 alveo-dev systemd[1]: Finished Create System Users.
Apr 23 00:33:14 alveo-dev systemd[1]: Starting Create Static Device Nodes in /dev...
Apr 23 00:33:14 alveo-dev systemd[1]: Finished Load/Save Random Seed.
Apr 23 00:33:14 alveo-dev systemd[1]: Finished Apply Kernel Variables.
Apr 23 00:33:14 alveo-dev systemd[1]: Finished Create Static Device Nodes in /dev.
Apr 23 00:33:14 alveo-dev systemd[1]: Starting udev Kernel Device Manager...
Apr 23 00:33:14 alveo-dev systemd[1]: Finished Set the console keyboard layout.
Apr 23 00:33:14 alveo-dev systemd-journald[560]: Journal started
Apr 23 00:33:14 alveo-dev systemd-journald[560]: Runtime Journal (/run/log/journal/f9bf2df7c031460ea95c1c012b922ed9) is 8.0M, max 641.3M, 633.3M free.
Apr 23 00:33:14 alveo-dev systemd-modules-load[567]: Inserted module 'lp'
Apr 23 00:33:14 alveo-dev systemd-modules-load[567]: Inserted module 'ppdev'
Apr 23 00:33:14 alveo-dev systemd-modules-load[567]: Inserted module 'parport_pc'
Apr 23 00:33:14 alveo-dev systemd-sysctl[590]: Not setting net/ipv4/conf/all/promote_secondaries (explicit setting exists).
Apr 23 00:33:14 alveo-dev systemd[1]: Started Journal Service.
Apr 23 00:33:14 alveo-dev systemd-sysctl[590]: Not setting net/ipv4/conf/default/promote_secondaries (explicit setting exists).
Apr 23 00:33:14 alveo-dev systemd[1]: Starting Flush Journal to Persistent Storage...
Apr 23 00:33:14 alveo-dev systemd-journald[560]: Time spent on flushing to /var/log/journal/f9bf2df7c031460ea95c1c012b922ed9 is 3.157ms for 1001 entries.
Apr 23 00:33:14 alveo-dev systemd-journald[560]: System Journal (/var/log/journal/f9bf2df7c031460ea95c1c012b922ed9) is 40.0M, max 4.0G, 3.9G free.
Apr 23 00:33:14 alveo-dev systemd[1]: Finished udev Coldplug all Devices.
Apr 23 00:33:14 alveo-dev systemd[1]: Starting udev Wait for Complete Device Initialization...
Apr 23 00:33:14 alveo-dev systemd[1]: Finished Flush Journal to Persistent Storage.
Apr 23 00:33:14 alveo-dev systemd[1]: Started udev Kernel Device Manager.
Apr 23 00:33:14 alveo-dev systemd[1]: Condition check resulted in Show Plymouth Boot Screen being skipped.
Apr 23 00:33:14 alveo-dev systemd[1]: Started Dispatch Password Requests to Console Directory Watch.
Apr 23 00:33:14 alveo-dev systemd[1]: Condition check resulted in Forward Password Requests to Plymouth Directory Watch being skipped.
Apr 23 00:33:14 alveo-dev systemd[1]: Reached target Local Encrypted Volumes.
Apr 23 00:33:14 alveo-dev systemd[1]: Activated swap /swap.img.
Apr 23 00:33:14 alveo-dev systemd[1]: Reached target Swap.
Apr 23 00:33:14 alveo-dev kernel: Adding 8388604k swap on /swap.img.  Priority:-2 extents:8 across:9478140k SSFS
Apr 23 00:33:14 alveo-dev systemd-udevd[630]: Using default interface naming scheme 'v245'.
Apr 23 00:33:14 alveo-dev systemd-udevd[630]: ethtool: autonegotiation is unset or enabled, the speed and duplex are not writable.
Apr 23 00:33:14 alveo-dev mtp-probe[656]: checking bus 1, device 4: "/sys/devices/pci0000:00/0000:00:14.0/usb1/1-13"
Apr 23 00:33:14 alveo-dev mtp-probe[656]: bus: 1, device: 4 was not an MTP device
Apr 23 00:33:14 alveo-dev mtp-probe[655]: checking bus 1, device 3: "/sys/devices/pci0000:00/0000:00:14.0/usb1/1-11"
Apr 23 00:33:14 alveo-dev kernel: cfg80211: Loading compiled-in X.509 certificates for regulatory database
Apr 23 00:33:14 alveo-dev kernel: cfg80211: Loaded X.509 cert 'sforshee: 00b28ddf47aef9cea7'
Apr 23 00:33:14 alveo-dev mtp-probe[655]: bus: 1, device: 3 was not an MTP device
Apr 23 00:33:14 alveo-dev kernel: asus_wmi: ASUS WMI generic driver loaded
Apr 23 00:33:14 alveo-dev kernel: asus_wmi: SFUN value: 0x1
Apr 23 00:33:14 alveo-dev kernel: eeepc-wmi eeepc-wmi: Detected ATK, not ASUSWMI, use DSTS
Apr 23 00:33:14 alveo-dev kernel: asus_wmi: SFUN value: 0x1
Apr 23 00:33:14 alveo-dev kernel: asus-nb-wmi asus-nb-wmi: Detected ATK, not ASUSWMI, use DSTS
Apr 23 00:33:14 alveo-dev kernel: asus-nb-wmi asus-nb-wmi: Detected ATK, enable event queue
Apr 23 00:33:14 alveo-dev kernel: asus_wmi: Failed to get WMI notify code: AE_NOT_FOUND
Apr 23 00:33:14 alveo-dev kernel: asus_wmi: Failed to get event during flush: -5
Apr 23 00:33:14 alveo-dev kernel: input: Eee PC WMI hotkeys as /devices/platform/eeepc-wmi/input/input8
Apr 23 00:33:14 alveo-dev kernel: input: Asus WMI hotkeys as /devices/platform/asus-nb-wmi/input/input9
Apr 23 00:33:14 alveo-dev kernel: Bluetooth: Core ver 2.22
Apr 23 00:33:14 alveo-dev kernel: NET: Registered protocol family 31
Apr 23 00:33:14 alveo-dev kernel: Bluetooth: HCI device and connection manager initialized
Apr 23 00:33:14 alveo-dev kernel: Bluetooth: HCI socket layer initialized
Apr 23 00:33:14 alveo-dev kernel: Bluetooth: L2CAP socket layer initialized
Apr 23 00:33:14 alveo-dev kernel: Bluetooth: SCO socket layer initialized
Apr 23 00:33:14 alveo-dev multipath[661]: nvme0n1: failed to get udev uid: Invalid argument
Apr 23 00:33:14 alveo-dev multipath[661]: nvme0n1: uid = eui.0025385111b1c32a (sysfs)
Apr 23 00:33:14 alveo-dev systemd[1]: Finished Monitoring of LVM2 mirrors, snapshots etc. using dmeventd or progress polling.
Apr 23 00:33:14 alveo-dev kernel: Intel(R) Wireless WiFi driver for Linux
Apr 23 00:33:14 alveo-dev kernel: Copyright(c) 2003- 2015 Intel Corporation
Apr 23 00:33:14 alveo-dev kernel: iwlwifi 0000:00:14.3: enabling device (0000 -> 0002)
Apr 23 00:33:14 alveo-dev systemd-udevd[634]: ethtool: autonegotiation is unset or enabled, the speed and duplex are not writable.
Apr 23 00:33:14 alveo-dev systemd[1]: Listening on Load/Save RF Kill Switch Status /dev/rfkill Watch.
Apr 23 00:33:14 alveo-dev kernel: iwlwifi 0000:00:14.3: TLV_FW_FSEQ_VERSION: FSEQ Version: 58.3.35.22
Apr 23 00:33:14 alveo-dev kernel: iwlwifi 0000:00:14.3: Found debug destination: EXTERNAL_DRAM
Apr 23 00:33:14 alveo-dev kernel: iwlwifi 0000:00:14.3: Found debug configuration: 0
Apr 23 00:33:14 alveo-dev kernel: iwlwifi 0000:00:14.3: loaded firmware version 50.3e391d3e.0 op_mode iwlmvm
Apr 23 00:33:14 alveo-dev kernel: iwlwifi 0000:00:14.3: Detected Intel(R) Wi-Fi 6 AX201 160MHz, REV=0x354
Apr 23 00:33:14 alveo-dev kernel: iwlwifi 0000:00:14.3: Applying debug destination EXTERNAL_DRAM
Apr 23 00:33:14 alveo-dev udevadm[597]: systemd-udev-settle.service is deprecated.
Apr 23 00:33:14 alveo-dev kernel: iwlwifi 0000:00:14.3: Allocated 0x00400000 bytes for firmware monitor.
Apr 23 00:33:14 alveo-dev kernel: intel_rapl_common: Found RAPL domain package
Apr 23 00:33:14 alveo-dev kernel: intel_rapl_common: Found RAPL domain core
Apr 23 00:33:14 alveo-dev kernel: intel_rapl_common: Found RAPL domain uncore
Apr 23 00:33:14 alveo-dev kernel: intel_rapl_common: Found RAPL domain dram
Apr 23 00:33:14 alveo-dev systemd[1]: Found device Samsung SSD 970 EVO Plus 1TB 6.
Apr 23 00:33:14 alveo-dev systemd[1]: Found device Samsung SSD 970 EVO Plus 1TB EFI\x20system\x20partition.
Apr 23 00:33:14 alveo-dev kernel: snd_hda_intel 0000:00:1f.3: enabling device (0000 -> 0002)
Apr 23 00:33:14 alveo-dev kernel: snd_hda_intel 0000:00:1f.3: bound 0000:00:02.0 (ops i915_audio_component_bind_ops [i915])
Apr 23 00:33:14 alveo-dev kernel: snd_hda_codec_realtek hdaudioC0D0: ALCS1200A: SKU not ready 0x00000000
Apr 23 00:33:14 alveo-dev kernel: snd_hda_codec_realtek hdaudioC0D0: autoconfig for ALCS1200A: line_outs=3 (0x14/0x15/0x16/0x0/0x0) type:line
Apr 23 00:33:14 alveo-dev kernel: snd_hda_codec_realtek hdaudioC0D0:    speaker_outs=0 (0x0/0x0/0x0/0x0/0x0)
Apr 23 00:33:14 alveo-dev kernel: snd_hda_codec_realtek hdaudioC0D0:    hp_outs=1 (0x1b/0x0/0x0/0x0/0x0)
Apr 23 00:33:14 alveo-dev kernel: snd_hda_codec_realtek hdaudioC0D0:    mono: mono_out=0x0
Apr 23 00:33:14 alveo-dev kernel: snd_hda_codec_realtek hdaudioC0D0:    dig-out=0x1e/0x0
Apr 23 00:33:14 alveo-dev kernel: snd_hda_codec_realtek hdaudioC0D0:    inputs:
Apr 23 00:33:14 alveo-dev kernel: snd_hda_codec_realtek hdaudioC0D0:      Front Mic=0x19
Apr 23 00:33:14 alveo-dev kernel: snd_hda_codec_realtek hdaudioC0D0:      Rear Mic=0x18
Apr 23 00:33:14 alveo-dev kernel: snd_hda_codec_realtek hdaudioC0D0:      Line=0x1a
Apr 23 00:33:14 alveo-dev systemd[1]: Starting Load/Save RF Kill Switch Status...
Apr 23 00:33:14 alveo-dev kernel: usbcore: registered new interface driver btusb
Apr 23 00:33:14 alveo-dev kernel: Bluetooth: hci0: Bootloader revision 0.4 build 0 week 30 2018
Apr 23 00:33:14 alveo-dev kernel: Bluetooth: hci0: Device revision is 2
Apr 23 00:33:14 alveo-dev kernel: Bluetooth: hci0: Secure boot is enabled
Apr 23 00:33:14 alveo-dev kernel: Bluetooth: hci0: OTP lock is enabled
Apr 23 00:33:14 alveo-dev kernel: Bluetooth: hci0: API lock is enabled
Apr 23 00:33:14 alveo-dev kernel: Bluetooth: hci0: Debug lock is disabled
Apr 23 00:33:14 alveo-dev kernel: Bluetooth: hci0: Minimum firmware build 1 week 10 2014
Apr 23 00:33:14 alveo-dev kernel: Bluetooth: hci0: Found device firmware: intel/ibt-19-0-4.sfi
Apr 23 00:33:14 alveo-dev systemd[1]: Started Load/Save RF Kill Switch Status.
Apr 23 00:33:14 alveo-dev systemd[1]: Condition check resulted in OpenVSwitch configuration for cleanup being skipped.
Apr 23 00:33:14 alveo-dev systemd[1]: Condition check resulted in Show Plymouth Boot Screen being skipped.
Apr 23 00:33:14 alveo-dev systemd[1]: Condition check resulted in Forward Password Requests to Plymouth Directory Watch being skipped.
Apr 23 00:33:14 alveo-dev systemd[1]: Condition check resulted in Set Up Additional Binary Formats being skipped.
Apr 23 00:33:14 alveo-dev systemd[1]: Condition check resulted in Rebuild Hardware Database being skipped.
Apr 23 00:33:14 alveo-dev systemd[1]: Condition check resulted in Platform Persistent Storage Archival being skipped.
Apr 23 00:33:14 alveo-dev kernel: input: HDA Intel PCH Front Mic as /devices/pci0000:00/0000:00:1f.3/sound/card0/input10
Apr 23 00:33:14 alveo-dev kernel: input: HDA Intel PCH Rear Mic as /devices/pci0000:00/0000:00:1f.3/sound/card0/input11
Apr 23 00:33:14 alveo-dev kernel: input: HDA Intel PCH Line as /devices/pci0000:00/0000:00:1f.3/sound/card0/input12
Apr 23 00:33:14 alveo-dev kernel: input: HDA Intel PCH Line Out Front as /devices/pci0000:00/0000:00:1f.3/sound/card0/input13
Apr 23 00:33:14 alveo-dev kernel: input: HDA Intel PCH Line Out Surround as /devices/pci0000:00/0000:00:1f.3/sound/card0/input14
Apr 23 00:33:14 alveo-dev kernel: input: HDA Intel PCH Line Out CLFE as /devices/pci0000:00/0000:00:1f.3/sound/card0/input15
Apr 23 00:33:14 alveo-dev kernel: input: HDA Intel PCH Front Headphone as /devices/pci0000:00/0000:00:1f.3/sound/card0/input16
Apr 23 00:33:14 alveo-dev kernel: input: HDA Intel PCH HDMI/DP,pcm=3 as /devices/pci0000:00/0000:00:1f.3/sound/card0/input17
Apr 23 00:33:14 alveo-dev kernel: input: HDA Intel PCH HDMI/DP,pcm=7 as /devices/pci0000:00/0000:00:1f.3/sound/card0/input18
Apr 23 00:33:14 alveo-dev kernel: input: HDA Intel PCH HDMI/DP,pcm=8 as /devices/pci0000:00/0000:00:1f.3/sound/card0/input19
Apr 23 00:33:14 alveo-dev kernel: input: HDA Intel PCH HDMI/DP,pcm=9 as /devices/pci0000:00/0000:00:1f.3/sound/card0/input20
Apr 23 00:33:14 alveo-dev kernel: input: HDA Intel PCH HDMI/DP,pcm=10 as /devices/pci0000:00/0000:00:1f.3/sound/card0/input21
Apr 23 00:33:14 alveo-dev kernel: iwlwifi 0000:00:14.3: base HW address: 40:1c:83:85:41:2a
Apr 23 00:33:14 alveo-dev kernel: thermal thermal_zone2: failed to read out thermal zone (-61)
Apr 23 00:33:14 alveo-dev systemd-udevd[638]: Using default interface naming scheme 'v245'.
Apr 23 00:33:14 alveo-dev systemd-udevd[638]: ethtool: autonegotiation is unset or enabled, the speed and duplex are not writable.
Apr 23 00:33:14 alveo-dev kernel: iwlwifi 0000:00:14.3 wlo1: renamed from wlan0
Apr 23 00:33:14 alveo-dev systemd-udevd[636]: Using default interface naming scheme 'v245'.
Apr 23 00:33:14 alveo-dev systemd-udevd[636]: ethtool: autonegotiation is unset or enabled, the speed and duplex are not writable.
Apr 23 00:33:15 alveo-dev systemd[1]: Finished udev Wait for Complete Device Initialization.
Apr 23 00:33:15 alveo-dev systemd[1]: Starting Device-Mapper Multipath Device Controller...
Apr 23 00:33:15 alveo-dev kernel: alua: device handler registered
Apr 23 00:33:15 alveo-dev kernel: emc: device handler registered
Apr 23 00:33:15 alveo-dev kernel: rdac: device handler registered
Apr 23 00:33:15 alveo-dev multipathd[846]: --------start up--------
Apr 23 00:33:15 alveo-dev multipathd[846]: read /etc/multipath.conf
Apr 23 00:33:15 alveo-dev multipathd[846]: path checkers start up
Apr 23 00:33:15 alveo-dev systemd[1]: Started Device-Mapper Multipath Device Controller.
Apr 23 00:33:15 alveo-dev systemd[1]: Reached target Local File Systems (Pre).
Apr 23 00:33:15 alveo-dev systemd[1]: Mounting /boot/efi...
Apr 23 00:33:15 alveo-dev systemd[1]: Mounting /home...
Apr 23 00:33:15 alveo-dev systemd[1]: Mounting Mount unit for core18, revision 1944...
